Center_PAS-K3200X_A# show port-monitoring

================================================================================
  PORT-MONITORING
 ------------------------------------------------------------------------------
    Port-Monitoring
       Name  RxRate(bps) RxRate(pps) TxRate(bps) TxRate(pps)
       1     0           0           0           0
       2     0           0           0           0
       3     0           0           0           0
       4     0           0           0           0
       5     0           0           0           0
       6     0           0           0           0
       7     0           0           0           0
       8     0           0           0           0
       9     0           0           0           0
       10    0           0           0           0
       11    0           0           0           0
       12    5872        4           8368        6
       13    85699200    23890       394554320   45370
       14    464         0           1496        2
       15    0           0           0           0
       16    394318400   45356       85579280    23885
       17    0           0           0           0
       18    7848        5           3664        6
       19    0           0           0           0
       20    0           0           0           0
       21    0           0           0           0
       22    0           0           0           0
       23    0           0           0           0
       24    0           0           0           0
================================================================================
Center_PAS-K3200X_A#
