[LOG] /home/fap/git/fap-vars/inspection_cases_bundle/api_data/os/_logs/inspection_create_20260615_105422.log
[SEARCH] 기존 서버 항목 조회
[LOOKUP] BK-NBU5240-001 /home/fap/git/fap-vars/inspection_cases_bundle/api_data/os/backup/veritas/netbackup_appliance_5240/1_1_catalog.md
[POST] BK-NBU5240-001 /home/fap/git/fap-vars/inspection_cases_bundle/api_data/os/backup/veritas/netbackup_appliance_5240/1_1_catalog.md execute=True
[RESULT] BK-NBU5240-001: {"status": "success", "message": null, "data": null}
[LOOKUP] BK-NBU5240-002 /home/fap/git/fap-vars/inspection_cases_bundle/api_data/os/backup/veritas/netbackup_appliance_5240/1_2_swlog.md
[POST] BK-NBU5240-002 /home/fap/git/fap-vars/inspection_cases_bundle/api_data/os/backup/veritas/netbackup_appliance_5240/1_2_swlog.md execute=True
[RESULT] BK-NBU5240-002: {"status": "success", "message": null, "data": null}
[LOOKUP] BK-NBU5240-003 /home/fap/git/fap-vars/inspection_cases_bundle/api_data/os/backup/veritas/netbackup_appliance_5240/2_1_tape_status.md
[POST] BK-NBU5240-003 /home/fap/git/fap-vars/inspection_cases_bundle/api_data/os/backup/veritas/netbackup_appliance_5240/2_1_tape_status.md execute=True
[RESULT] BK-NBU5240-003: {"status": "success", "message": null, "data": null}
[LOOKUP] BK-NBU5240-004 /home/fap/git/fap-vars/inspection_cases_bundle/api_data/os/backup/veritas/netbackup_appliance_5240/2_2_tape_active.md
[POST] BK-NBU5240-004 /home/fap/git/fap-vars/inspection_cases_bundle/api_data/os/backup/veritas/netbackup_appliance_5240/2_2_tape_active.md execute=True
[RESULT] BK-NBU5240-004: {"status": "success", "message": null, "data": null}
[LOOKUP] BK-NBU5240-005 /home/fap/git/fap-vars/inspection_cases_bundle/api_data/os/backup/veritas/netbackup_appliance_5240/2_3_tape_used.md
[POST] BK-NBU5240-005 /home/fap/git/fap-vars/inspection_cases_bundle/api_data/os/backup/veritas/netbackup_appliance_5240/2_3_tape_used.md execute=True
[RESULT] BK-NBU5240-005: {"status": "success", "message": null, "data": null}
[LOOKUP] BK-NBU5240-006 /home/fap/git/fap-vars/inspection_cases_bundle/api_data/os/backup/veritas/netbackup_appliance_5240/2_4_disk.md
[POST] BK-NBU5240-006 /home/fap/git/fap-vars/inspection_cases_bundle/api_data/os/backup/veritas/netbackup_appliance_5240/2_4_disk.md execute=True
[RESULT] BK-NBU5240-006: {"status": "success", "message": null, "data": null}
[LOOKUP] BK-NBU5240-007 /home/fap/git/fap-vars/inspection_cases_bundle/api_data/os/backup/veritas/netbackup_appliance_5240/2_5_schedule.md
[POST] BK-NBU5240-007 /home/fap/git/fap-vars/inspection_cases_bundle/api_data/os/backup/veritas/netbackup_appliance_5240/2_5_schedule.md execute=True
[RESULT] BK-NBU5240-007: {"status": "success", "message": null, "data": null}
[LOOKUP] BK-NBU5240-008 /home/fap/git/fap-vars/inspection_cases_bundle/api_data/os/backup/veritas/netbackup_appliance_5240/2_6_etc.md
[POST] BK-NBU5240-008 /home/fap/git/fap-vars/inspection_cases_bundle/api_data/os/backup/veritas/netbackup_appliance_5240/2_6_etc.md execute=True
[RESULT] BK-NBU5240-008: {"status": "success", "message": null, "data": null}
[LOOKUP] BK-NBU5240-009 /home/fap/git/fap-vars/inspection_cases_bundle/api_data/os/backup/veritas/netbackup_appliance_5240/3_1_disk_port.md
[POST] BK-NBU5240-009 /home/fap/git/fap-vars/inspection_cases_bundle/api_data/os/backup/veritas/netbackup_appliance_5240/3_1_disk_port.md execute=True
[RESULT] BK-NBU5240-009: {"status": "success", "message": null, "data": null}
[LOOKUP] BK-NBU5240-010 /home/fap/git/fap-vars/inspection_cases_bundle/api_data/os/backup/veritas/netbackup_appliance_5240/4_1_swstatus.md
[POST] BK-NBU5240-010 /home/fap/git/fap-vars/inspection_cases_bundle/api_data/os/backup/veritas/netbackup_appliance_5240/4_1_swstatus.md execute=True
[RESULT] BK-NBU5240-010: {"status": "success", "message": null, "data": null}
[LOOKUP] DB-OR-RKY-001 /home/fap/git/fap-vars/inspection_cases_bundle/api_data/os/dbms/oracle/rocky/db_1_1_fs_engine_chk.md
[LOOKUP] application 보정: rocky -> oracle
[POST] DB-OR-RKY-001 /home/fap/git/fap-vars/inspection_cases_bundle/api_data/os/dbms/oracle/rocky/db_1_1_fs_engine_chk.md execute=True
[RESULT] DB-OR-RKY-001: {"status": "success", "message": null, "data": null}
[LOOKUP] DB-OR-RKY-002 /home/fap/git/fap-vars/inspection_cases_bundle/api_data/os/dbms/oracle/rocky/db_1_2_fs_archive_log_chk.md
[LOOKUP] application 보정: rocky -> oracle
[POST] DB-OR-RKY-002 /home/fap/git/fap-vars/inspection_cases_bundle/api_data/os/dbms/oracle/rocky/db_1_2_fs_archive_log_chk.md execute=True
[RESULT] DB-OR-RKY-002: {"status": "success", "message": null, "data": null}
[LOOKUP] DB-OR-RKY-003 /home/fap/git/fap-vars/inspection_cases_bundle/api_data/os/dbms/oracle/rocky/db_1_3_fs_db_sys_log_chk.md
[LOOKUP] application 보정: rocky -> oracle
[POST] DB-OR-RKY-003 /home/fap/git/fap-vars/inspection_cases_bundle/api_data/os/dbms/oracle/rocky/db_1_3_fs_db_sys_log_chk.md execute=True
[RESULT] DB-OR-RKY-003: {"status": "success", "message": null, "data": null}
[LOOKUP] DB-OR-RKY-004 /home/fap/git/fap-vars/inspection_cases_bundle/api_data/os/dbms/oracle/rocky/db_2_3_ps_db_sys_status_chk.md
[LOOKUP] application 보정: rocky -> oracle
[POST] DB-OR-RKY-004 /home/fap/git/fap-vars/inspection_cases_bundle/api_data/os/dbms/oracle/rocky/db_2_3_ps_db_sys_status_chk.md execute=True
[RESULT] DB-OR-RKY-004: {"status": "success", "message": null, "data": null}
[LOOKUP] DB-OR-RKY-005 /home/fap/git/fap-vars/inspection_cases_bundle/api_data/os/dbms/oracle/rocky/db_3_1_os_mem_chk.md
[LOOKUP] application 보정: rocky -> oracle
[POST] DB-OR-RKY-005 /home/fap/git/fap-vars/inspection_cases_bundle/api_data/os/dbms/oracle/rocky/db_3_1_os_mem_chk.md execute=True
[RESULT] DB-OR-RKY-005: {"status": "success", "message": null, "data": null}
[LOOKUP] DB-OR-RKY-006 /home/fap/git/fap-vars/inspection_cases_bundle/api_data/os/dbms/oracle/rocky/db_3_2_os_cpu_chk.md
[LOOKUP] application 보정: rocky -> oracle
[POST] DB-OR-RKY-006 /home/fap/git/fap-vars/inspection_cases_bundle/api_data/os/dbms/oracle/rocky/db_3_2_os_cpu_chk.md execute=True
[RESULT] DB-OR-RKY-006: {"status": "success", "message": null, "data": null}
[LOOKUP] DB-OR-RKY-007 /home/fap/git/fap-vars/inspection_cases_bundle/api_data/os/dbms/oracle/rocky/db_4_1_log_db_chk.md
[LOOKUP] application 보정: rocky -> oracle
[POST] DB-OR-RKY-007 /home/fap/git/fap-vars/inspection_cases_bundle/api_data/os/dbms/oracle/rocky/db_4_1_log_db_chk.md execute=True
[RESULT] DB-OR-RKY-007: {"status": "success", "message": null, "data": null}
[LOOKUP] DB-OR-RKY-008 /home/fap/git/fap-vars/inspection_cases_bundle/api_data/os/dbms/oracle/rocky/db_4_2_log_lsnr_chk.md
[LOOKUP] application 보정: rocky -> oracle
[POST] DB-OR-RKY-008 /home/fap/git/fap-vars/inspection_cases_bundle/api_data/os/dbms/oracle/rocky/db_4_2_log_lsnr_chk.md execute=True
[RESULT] DB-OR-RKY-008: {"status": "success", "message": null, "data": null}
[LOOKUP] DB-OR-RKY-009 /home/fap/git/fap-vars/inspection_cases_bundle/api_data/os/dbms/oracle/rocky/db_4_3_log_dump_chk.md
[LOOKUP] application 보정: rocky -> oracle
[POST] DB-OR-RKY-009 /home/fap/git/fap-vars/inspection_cases_bundle/api_data/os/dbms/oracle/rocky/db_4_3_log_dump_chk.md execute=True
[RESULT] DB-OR-RKY-009: {"status": "success", "message": null, "data": null}
[LOOKUP] DB-OR-RKY-010 /home/fap/git/fap-vars/inspection_cases_bundle/api_data/os/dbms/oracle/rocky/db_4_4_log_engine_chk.md
[LOOKUP] application 보정: rocky -> oracle
[POST] DB-OR-RKY-010 /home/fap/git/fap-vars/inspection_cases_bundle/api_data/os/dbms/oracle/rocky/db_4_4_log_engine_chk.md execute=True
[RESULT] DB-OR-RKY-010: {"status": "success", "message": null, "data": null}
[LOOKUP] DB-OR-RKY-011 /home/fap/git/fap-vars/inspection_cases_bundle/api_data/os/dbms/oracle/rocky/db_5_1_param_ps_chk.md
[LOOKUP] application 보정: rocky -> oracle
[POST] DB-OR-RKY-011 /home/fap/git/fap-vars/inspection_cases_bundle/api_data/os/dbms/oracle/rocky/db_5_1_param_ps_chk.md execute=True
[RESULT] DB-OR-RKY-011: {"status": "success", "message": null, "data": null}
[LOOKUP] DB-OR-RKY-012 /home/fap/git/fap-vars/inspection_cases_bundle/api_data/os/dbms/oracle/rocky/db_7_1_table_space_chk.md
[LOOKUP] application 보정: rocky -> oracle
[POST] DB-OR-RKY-012 /home/fap/git/fap-vars/inspection_cases_bundle/api_data/os/dbms/oracle/rocky/db_7_1_table_space_chk.md execute=True
[RESULT] DB-OR-RKY-012: {"status": "success", "message": null, "data": null}
[LOOKUP] DB-OR-RKY-013 /home/fap/git/fap-vars/inspection_cases_bundle/api_data/os/dbms/oracle/rocky/db_8_1_backup_status_chk.md
[LOOKUP] application 보정: rocky -> oracle
[POST] DB-OR-RKY-013 /home/fap/git/fap-vars/inspection_cases_bundle/api_data/os/dbms/oracle/rocky/db_8_1_backup_status_chk.md execute=True
[RESULT] DB-OR-RKY-013: {"status": "success", "message": null, "data": null}
[LOOKUP] DB-OR-RKY-014 /home/fap/git/fap-vars/inspection_cases_bundle/api_data/os/dbms/oracle/rocky/db_9_1_transaction_log_chk.md
[LOOKUP] application 보정: rocky -> oracle
[POST] DB-OR-RKY-014 /home/fap/git/fap-vars/inspection_cases_bundle/api_data/os/dbms/oracle/rocky/db_9_1_transaction_log_chk.md execute=True
[RESULT] DB-OR-RKY-014: {"status": "success", "message": null, "data": null}
[LOOKUP] DB-OR-SOL-001 /home/fap/git/fap-vars/inspection_cases_bundle/api_data/os/dbms/oracle/solaris/db_1_1_fs_engine_chk.md
[LOOKUP] application 보정: solaris -> oracle
[POST] DB-OR-SOL-001 /home/fap/git/fap-vars/inspection_cases_bundle/api_data/os/dbms/oracle/solaris/db_1_1_fs_engine_chk.md execute=True
[RESULT] DB-OR-SOL-001: {"status": "success", "message": null, "data": null}
[LOOKUP] DB-OR-SOL-002 /home/fap/git/fap-vars/inspection_cases_bundle/api_data/os/dbms/oracle/solaris/db_1_2_fs_archive_log_chk.md
[LOOKUP] application 보정: solaris -> oracle
[POST] DB-OR-SOL-002 /home/fap/git/fap-vars/inspection_cases_bundle/api_data/os/dbms/oracle/solaris/db_1_2_fs_archive_log_chk.md execute=True
[RESULT] DB-OR-SOL-002: {"status": "success", "message": null, "data": null}
[LOOKUP] DB-OR-SOL-003 /home/fap/git/fap-vars/inspection_cases_bundle/api_data/os/dbms/oracle/solaris/db_1_3_fs_db_sys_log_chk.md
[LOOKUP] application 보정: solaris -> oracle
[POST] DB-OR-SOL-003 /home/fap/git/fap-vars/inspection_cases_bundle/api_data/os/dbms/oracle/solaris/db_1_3_fs_db_sys_log_chk.md execute=True
[RESULT] DB-OR-SOL-003: {"status": "success", "message": null, "data": null}
[LOOKUP] DB-OR-SOL-004 /home/fap/git/fap-vars/inspection_cases_bundle/api_data/os/dbms/oracle/solaris/db_2_1_ps_main_status_chk.md
[LOOKUP] application 보정: solaris -> oracle
[POST] DB-OR-SOL-004 /home/fap/git/fap-vars/inspection_cases_bundle/api_data/os/dbms/oracle/solaris/db_2_1_ps_main_status_chk.md execute=True
[RESULT] DB-OR-SOL-004: {"status": "success", "message": null, "data": null}
[LOOKUP] DB-OR-SOL-005 /home/fap/git/fap-vars/inspection_cases_bundle/api_data/os/dbms/oracle/solaris/db_2_2_ps_lsnr_status_chk.md
[LOOKUP] application 보정: solaris -> oracle
[POST] DB-OR-SOL-005 /home/fap/git/fap-vars/inspection_cases_bundle/api_data/os/dbms/oracle/solaris/db_2_2_ps_lsnr_status_chk.md execute=True
[RESULT] DB-OR-SOL-005: {"status": "success", "message": null, "data": null}
[LOOKUP] DB-OR-SOL-006 /home/fap/git/fap-vars/inspection_cases_bundle/api_data/os/dbms/oracle/solaris/db_2_3_ps_db_sys_status_chk.md
[LOOKUP] application 보정: solaris -> oracle
[POST] DB-OR-SOL-006 /home/fap/git/fap-vars/inspection_cases_bundle/api_data/os/dbms/oracle/solaris/db_2_3_ps_db_sys_status_chk.md execute=True
[RESULT] DB-OR-SOL-006: {"status": "success", "message": null, "data": null}
[LOOKUP] DB-OR-SOL-007 /home/fap/git/fap-vars/inspection_cases_bundle/api_data/os/dbms/oracle/solaris/db_3_1_os_mem_chk.md
[LOOKUP] application 보정: solaris -> oracle
[POST] DB-OR-SOL-007 /home/fap/git/fap-vars/inspection_cases_bundle/api_data/os/dbms/oracle/solaris/db_3_1_os_mem_chk.md execute=True
[RESULT] DB-OR-SOL-007: {"status": "success", "message": null, "data": null}
[LOOKUP] DB-OR-SOL-008 /home/fap/git/fap-vars/inspection_cases_bundle/api_data/os/dbms/oracle/solaris/db_3_2_os_cpu_chk.md
[LOOKUP] application 보정: solaris -> oracle
[POST] DB-OR-SOL-008 /home/fap/git/fap-vars/inspection_cases_bundle/api_data/os/dbms/oracle/solaris/db_3_2_os_cpu_chk.md execute=True
[RESULT] DB-OR-SOL-008: {"status": "success", "message": null, "data": null}
[LOOKUP] DB-OR-SOL-009 /home/fap/git/fap-vars/inspection_cases_bundle/api_data/os/dbms/oracle/solaris/db_4_1_log_db_chk.md
[LOOKUP] application 보정: solaris -> oracle
[POST] DB-OR-SOL-009 /home/fap/git/fap-vars/inspection_cases_bundle/api_data/os/dbms/oracle/solaris/db_4_1_log_db_chk.md execute=True
[RESULT] DB-OR-SOL-009: {"status": "success", "message": null, "data": null}
[LOOKUP] DB-OR-SOL-010 /home/fap/git/fap-vars/inspection_cases_bundle/api_data/os/dbms/oracle/solaris/db_4_2_log_lsnr_chk.md
[LOOKUP] application 보정: solaris -> oracle
[POST] DB-OR-SOL-010 /home/fap/git/fap-vars/inspection_cases_bundle/api_data/os/dbms/oracle/solaris/db_4_2_log_lsnr_chk.md execute=True
[RESULT] DB-OR-SOL-010: {"status": "success", "message": null, "data": null}
[LOOKUP] DB-OR-SOL-011 /home/fap/git/fap-vars/inspection_cases_bundle/api_data/os/dbms/oracle/solaris/db_4_3_log_dump_chk.md
[LOOKUP] application 보정: solaris -> oracle
[POST] DB-OR-SOL-011 /home/fap/git/fap-vars/inspection_cases_bundle/api_data/os/dbms/oracle/solaris/db_4_3_log_dump_chk.md execute=True
[RESULT] DB-OR-SOL-011: {"status": "success", "message": null, "data": null}
[LOOKUP] DB-OR-SOL-012 /home/fap/git/fap-vars/inspection_cases_bundle/api_data/os/dbms/oracle/solaris/db_4_4_log_engine_chk.md
[LOOKUP] application 보정: solaris -> oracle
[POST] DB-OR-SOL-012 /home/fap/git/fap-vars/inspection_cases_bundle/api_data/os/dbms/oracle/solaris/db_4_4_log_engine_chk.md execute=True
[RESULT] DB-OR-SOL-012: {"status": "success", "message": null, "data": null}
[LOOKUP] DB-OR-SOL-013 /home/fap/git/fap-vars/inspection_cases_bundle/api_data/os/dbms/oracle/solaris/db_5_1_param_ps_chk.md
[LOOKUP] application 보정: solaris -> oracle
[POST] DB-OR-SOL-013 /home/fap/git/fap-vars/inspection_cases_bundle/api_data/os/dbms/oracle/solaris/db_5_1_param_ps_chk.md execute=True
[RESULT] DB-OR-SOL-013: {"status": "success", "message": null, "data": null}
[LOOKUP] DB-OR-SOL-014 /home/fap/git/fap-vars/inspection_cases_bundle/api_data/os/dbms/oracle/solaris/db_5_2_param_sga_chk.md
[LOOKUP] application 보정: solaris -> oracle
[POST] DB-OR-SOL-014 /home/fap/git/fap-vars/inspection_cases_bundle/api_data/os/dbms/oracle/solaris/db_5_2_param_sga_chk.md execute=True
[RESULT] DB-OR-SOL-014: {"status": "success", "message": null, "data": null}
[LOOKUP] DB-OR-SOL-015 /home/fap/git/fap-vars/inspection_cases_bundle/api_data/os/dbms/oracle/solaris/db_6_1_active_standby_chk.md
[LOOKUP] application 보정: solaris -> oracle
[POST] DB-OR-SOL-015 /home/fap/git/fap-vars/inspection_cases_bundle/api_data/os/dbms/oracle/solaris/db_6_1_active_standby_chk.md execute=True
[RESULT] DB-OR-SOL-015: {"status": "success", "message": null, "data": null}
[LOOKUP] DB-OR-SOL-016 /home/fap/git/fap-vars/inspection_cases_bundle/api_data/os/dbms/oracle/solaris/db_6_2_ctrl_file_chk.md
[LOOKUP] application 보정: solaris -> oracle
[POST] DB-OR-SOL-016 /home/fap/git/fap-vars/inspection_cases_bundle/api_data/os/dbms/oracle/solaris/db_6_2_ctrl_file_chk.md execute=True
[RESULT] DB-OR-SOL-016: {"status": "success", "message": null, "data": null}
[LOOKUP] DB-OR-SOL-017 /home/fap/git/fap-vars/inspection_cases_bundle/api_data/os/dbms/oracle/solaris/db_6_3_redo_file_chk.md
[LOOKUP] application 보정: solaris -> oracle
[POST] DB-OR-SOL-017 /home/fap/git/fap-vars/inspection_cases_bundle/api_data/os/dbms/oracle/solaris/db_6_3_redo_file_chk.md execute=True
[RESULT] DB-OR-SOL-017: {"status": "success", "message": null, "data": null}
[LOOKUP] DB-OR-SOL-018 /home/fap/git/fap-vars/inspection_cases_bundle/api_data/os/dbms/oracle/solaris/db_7_1_table_space_chk.md
[LOOKUP] application 보정: solaris -> oracle
[POST] DB-OR-SOL-018 /home/fap/git/fap-vars/inspection_cases_bundle/api_data/os/dbms/oracle/solaris/db_7_1_table_space_chk.md execute=True
[RESULT] DB-OR-SOL-018: {"status": "success", "message": null, "data": null}
[LOOKUP] DB-OR-SOL-019 /home/fap/git/fap-vars/inspection_cases_bundle/api_data/os/dbms/oracle/solaris/db_8_1_backup_status_chk.md
[LOOKUP] application 보정: solaris -> oracle
[POST] DB-OR-SOL-019 /home/fap/git/fap-vars/inspection_cases_bundle/api_data/os/dbms/oracle/solaris/db_8_1_backup_status_chk.md execute=True
[RESULT] DB-OR-SOL-019: {"status": "success", "message": null, "data": null}
[LOOKUP] DB-OR-SOL-020 /home/fap/git/fap-vars/inspection_cases_bundle/api_data/os/dbms/oracle/solaris/db_8_2_backup_archive_status_chk.md
[LOOKUP] application 보정: solaris -> oracle
[POST] DB-OR-SOL-020 /home/fap/git/fap-vars/inspection_cases_bundle/api_data/os/dbms/oracle/solaris/db_8_2_backup_archive_status_chk.md execute=True
[RESULT] DB-OR-SOL-020: {"status": "success", "message": null, "data": null}
[LOOKUP] DB-OR-SOL-021 /home/fap/git/fap-vars/inspection_cases_bundle/api_data/os/dbms/oracle/solaris/db_8_3_backup_config_chk.md
[LOOKUP] application 보정: solaris -> oracle
[POST] DB-OR-SOL-021 /home/fap/git/fap-vars/inspection_cases_bundle/api_data/os/dbms/oracle/solaris/db_8_3_backup_config_chk.md execute=True
[RESULT] DB-OR-SOL-021: {"status": "success", "message": null, "data": null}
[LOOKUP] DB-OR-SOL-022 /home/fap/git/fap-vars/inspection_cases_bundle/api_data/os/dbms/oracle/solaris/db_9_1_transaction_log_chk.md
[LOOKUP] application 보정: solaris -> oracle
[POST] DB-OR-SOL-022 /home/fap/git/fap-vars/inspection_cases_bundle/api_data/os/dbms/oracle/solaris/db_9_1_transaction_log_chk.md execute=True
[RESULT] DB-OR-SOL-022: {"status": "success", "message": null, "data": null}
[LOOKUP] NW-CIS-C2960X-001 /home/fap/git/fap-vars/inspection_cases_bundle/api_data/os/network/cisco_ios/c2960x/cisco_1_1_os_cpu_chk.md
[POST] NW-CIS-C2960X-001 /home/fap/git/fap-vars/inspection_cases_bundle/api_data/os/network/cisco_ios/c2960x/cisco_1_1_os_cpu_chk.md execute=True
[RESULT] NW-CIS-C2960X-001: {"status": "success", "message": null, "data": null}
[LOOKUP] NW-CIS-C2960X-002 /home/fap/git/fap-vars/inspection_cases_bundle/api_data/os/network/cisco_ios/c2960x/cisco_1_2_os_mem_chk.md
[POST] NW-CIS-C2960X-002 /home/fap/git/fap-vars/inspection_cases_bundle/api_data/os/network/cisco_ios/c2960x/cisco_1_2_os_mem_chk.md execute=True
[RESULT] NW-CIS-C2960X-002: {"status": "success", "message": null, "data": null}
[LOOKUP] NW-CIS-C2960X-003 /home/fap/git/fap-vars/inspection_cases_bundle/api_data/os/network/cisco_ios/c2960x/cisco_2_1_if_traffic_chk.md
[POST] NW-CIS-C2960X-003 /home/fap/git/fap-vars/inspection_cases_bundle/api_data/os/network/cisco_ios/c2960x/cisco_2_1_if_traffic_chk.md execute=True
[RESULT] NW-CIS-C2960X-003: {"status": "success", "message": null, "data": null}
[LOOKUP] NW-CIS-C2960X-004 /home/fap/git/fap-vars/inspection_cases_bundle/api_data/os/network/cisco_ios/c2960x/cisco_2_2_if_status_chk.md
[POST] NW-CIS-C2960X-004 /home/fap/git/fap-vars/inspection_cases_bundle/api_data/os/network/cisco_ios/c2960x/cisco_2_2_if_status_chk.md execute=True
[RESULT] NW-CIS-C2960X-004: {"status": "success", "message": null, "data": null}
[LOOKUP] NW-CIS-C2960X-005 /home/fap/git/fap-vars/inspection_cases_bundle/api_data/os/network/cisco_ios/c2960x/cisco_3_1_sys_log_chk.md
[POST] NW-CIS-C2960X-005 /home/fap/git/fap-vars/inspection_cases_bundle/api_data/os/network/cisco_ios/c2960x/cisco_3_1_sys_log_chk.md execute=True
[RESULT] NW-CIS-C2960X-005: {"status": "success", "message": null, "data": null}
[LOOKUP] NW-JUN-EX4300-001 /home/fap/git/fap-vars/inspection_cases_bundle/api_data/os/network/juniper_junos/ex4300/1_1_cpu.md
[POST] NW-JUN-EX4300-001 /home/fap/git/fap-vars/inspection_cases_bundle/api_data/os/network/juniper_junos/ex4300/1_1_cpu.md execute=True
[RESULT] NW-JUN-EX4300-001: {"status": "success", "message": null, "data": null}
[LOOKUP] NW-JUN-EX4300-002 /home/fap/git/fap-vars/inspection_cases_bundle/api_data/os/network/juniper_junos/ex4300/1_2_memory.md
[POST] NW-JUN-EX4300-002 /home/fap/git/fap-vars/inspection_cases_bundle/api_data/os/network/juniper_junos/ex4300/1_2_memory.md execute=True
[RESULT] NW-JUN-EX4300-002: {"status": "success", "message": null, "data": null}
[LOOKUP] NW-JUN-EX4300-003 /home/fap/git/fap-vars/inspection_cases_bundle/api_data/os/network/juniper_junos/ex4300/1_3_interface.md
[POST] NW-JUN-EX4300-003 /home/fap/git/fap-vars/inspection_cases_bundle/api_data/os/network/juniper_junos/ex4300/1_3_interface.md execute=True
[RESULT] NW-JUN-EX4300-003: {"status": "success", "message": null, "data": null}
[LOOKUP] NW-JUN-EX4300-004 /home/fap/git/fap-vars/inspection_cases_bundle/api_data/os/network/juniper_junos/ex4300/2_1_inter_module.md
[POST] NW-JUN-EX4300-004 /home/fap/git/fap-vars/inspection_cases_bundle/api_data/os/network/juniper_junos/ex4300/2_1_inter_module.md execute=True
[RESULT] NW-JUN-EX4300-004: {"status": "success", "message": null, "data": null}
[LOOKUP] NW-JUN-EX4300-005 /home/fap/git/fap-vars/inspection_cases_bundle/api_data/os/network/juniper_junos/ex4300/2_2_vlan.md
[POST] NW-JUN-EX4300-005 /home/fap/git/fap-vars/inspection_cases_bundle/api_data/os/network/juniper_junos/ex4300/2_2_vlan.md execute=True
[RESULT] NW-JUN-EX4300-005: {"status": "success", "message": null, "data": null}
[LOOKUP] NW-JUN-EX4300-006 /home/fap/git/fap-vars/inspection_cases_bundle/api_data/os/network/juniper_junos/ex4300/3_1_lb.md
[POST] NW-JUN-EX4300-006 /home/fap/git/fap-vars/inspection_cases_bundle/api_data/os/network/juniper_junos/ex4300/3_1_lb.md execute=True
[RESULT] NW-JUN-EX4300-006: {"status": "success", "message": null, "data": null}
[LOOKUP] NW-JUN-EX4300-007 /home/fap/git/fap-vars/inspection_cases_bundle/api_data/os/network/juniper_junos/ex4300/3_2_mac.md
[POST] NW-JUN-EX4300-007 /home/fap/git/fap-vars/inspection_cases_bundle/api_data/os/network/juniper_junos/ex4300/3_2_mac.md execute=True
[RESULT] NW-JUN-EX4300-007: {"status": "success", "message": null, "data": null}
[LOOKUP] NW-JUN-EX4300-008 /home/fap/git/fap-vars/inspection_cases_bundle/api_data/os/network/juniper_junos/ex4300/3_3_route.md
[POST] NW-JUN-EX4300-008 /home/fap/git/fap-vars/inspection_cases_bundle/api_data/os/network/juniper_junos/ex4300/3_3_route.md execute=True
[RESULT] NW-JUN-EX4300-008: {"status": "success", "message": null, "data": null}
[LOOKUP] NW-JUN-EX4300-009 /home/fap/git/fap-vars/inspection_cases_bundle/api_data/os/network/juniper_junos/ex4300/3_4_stp.md
[POST] NW-JUN-EX4300-009 /home/fap/git/fap-vars/inspection_cases_bundle/api_data/os/network/juniper_junos/ex4300/3_4_stp.md execute=True
[RESULT] NW-JUN-EX4300-009: {"status": "success", "message": null, "data": null}
[LOOKUP] NW-JUN-EX4300-010 /home/fap/git/fap-vars/inspection_cases_bundle/api_data/os/network/juniper_junos/ex4300/3_5_vrrp.md
[POST] NW-JUN-EX4300-010 /home/fap/git/fap-vars/inspection_cases_bundle/api_data/os/network/juniper_junos/ex4300/3_5_vrrp.md execute=True
[RESULT] NW-JUN-EX4300-010: {"status": "success", "message": null, "data": null}
[LOOKUP] NW-JUN-EX4300-011 /home/fap/git/fap-vars/inspection_cases_bundle/api_data/os/network/juniper_junos/ex4300/3_6_ping.md
[POST] NW-JUN-EX4300-011 /home/fap/git/fap-vars/inspection_cases_bundle/api_data/os/network/juniper_junos/ex4300/3_6_ping.md execute=True
[RESULT] NW-JUN-EX4300-011: {"status": "success", "message": null, "data": null}
[LOOKUP] NW-JUN-EX4300-012 /home/fap/git/fap-vars/inspection_cases_bundle/api_data/os/network/juniper_junos/ex4300/4_1_syslog.md
[POST] NW-JUN-EX4300-012 /home/fap/git/fap-vars/inspection_cases_bundle/api_data/os/network/juniper_junos/ex4300/4_1_syslog.md execute=True
[RESULT] NW-JUN-EX4300-012: {"status": "success", "message": null, "data": null}
[LOOKUP] NW-JUN-EX4300-013 /home/fap/git/fap-vars/inspection_cases_bundle/api_data/os/network/juniper_junos/ex4300/5_1_etc.md
[POST] NW-JUN-EX4300-013 /home/fap/git/fap-vars/inspection_cases_bundle/api_data/os/network/juniper_junos/ex4300/5_1_etc.md execute=True
[RESULT] NW-JUN-EX4300-013: {"status": "success", "message": null, "data": null}
[LOOKUP] NW-NX-MDS9148-001 /home/fap/git/fap-vars/inspection_cases_bundle/api_data/os/network/nx_os/mds_c9148s/1_1_cpu.md
[POST] NW-NX-MDS9148-001 /home/fap/git/fap-vars/inspection_cases_bundle/api_data/os/network/nx_os/mds_c9148s/1_1_cpu.md execute=True
[RESULT] NW-NX-MDS9148-001: {"status": "success", "message": null, "data": null}
[LOOKUP] NW-NX-MDS9148-002 /home/fap/git/fap-vars/inspection_cases_bundle/api_data/os/network/nx_os/mds_c9148s/1_2_memory.md
[POST] NW-NX-MDS9148-002 /home/fap/git/fap-vars/inspection_cases_bundle/api_data/os/network/nx_os/mds_c9148s/1_2_memory.md execute=True
[RESULT] NW-NX-MDS9148-002: {"status": "success", "message": null, "data": null}
[LOOKUP] NW-NX-MDS9148-003 /home/fap/git/fap-vars/inspection_cases_bundle/api_data/os/network/nx_os/mds_c9148s/1_3_interface.md
[POST] NW-NX-MDS9148-003 /home/fap/git/fap-vars/inspection_cases_bundle/api_data/os/network/nx_os/mds_c9148s/1_3_interface.md execute=True
[RESULT] NW-NX-MDS9148-003: {"status": "success", "message": null, "data": null}
[LOOKUP] NW-NX-MDS9148-004 /home/fap/git/fap-vars/inspection_cases_bundle/api_data/os/network/nx_os/mds_c9148s/2_1_inter_module.md
[POST] NW-NX-MDS9148-004 /home/fap/git/fap-vars/inspection_cases_bundle/api_data/os/network/nx_os/mds_c9148s/2_1_inter_module.md execute=True
[RESULT] NW-NX-MDS9148-004: {"status": "success", "message": null, "data": null}
[LOOKUP] NW-NX-MDS9148-005 /home/fap/git/fap-vars/inspection_cases_bundle/api_data/os/network/nx_os/mds_c9148s/2_2_vlan.md
[POST] NW-NX-MDS9148-005 /home/fap/git/fap-vars/inspection_cases_bundle/api_data/os/network/nx_os/mds_c9148s/2_2_vlan.md execute=True
[RESULT] NW-NX-MDS9148-005: {"status": "success", "message": null, "data": null}
[LOOKUP] NW-NX-MDS9148-006 /home/fap/git/fap-vars/inspection_cases_bundle/api_data/os/network/nx_os/mds_c9148s/3_1_lb.md
[POST] NW-NX-MDS9148-006 /home/fap/git/fap-vars/inspection_cases_bundle/api_data/os/network/nx_os/mds_c9148s/3_1_lb.md execute=True
[RESULT] NW-NX-MDS9148-006: {"status": "success", "message": null, "data": null}
[LOOKUP] NW-NX-MDS9148-007 /home/fap/git/fap-vars/inspection_cases_bundle/api_data/os/network/nx_os/mds_c9148s/3_2_mac.md
[POST] NW-NX-MDS9148-007 /home/fap/git/fap-vars/inspection_cases_bundle/api_data/os/network/nx_os/mds_c9148s/3_2_mac.md execute=True
[RESULT] NW-NX-MDS9148-007: {"status": "success", "message": null, "data": null}
[LOOKUP] NW-NX-MDS9148-008 /home/fap/git/fap-vars/inspection_cases_bundle/api_data/os/network/nx_os/mds_c9148s/3_3_route.md
[POST] NW-NX-MDS9148-008 /home/fap/git/fap-vars/inspection_cases_bundle/api_data/os/network/nx_os/mds_c9148s/3_3_route.md execute=True
[RESULT] NW-NX-MDS9148-008: {"status": "success", "message": null, "data": null}
[LOOKUP] NW-NX-MDS9148-009 /home/fap/git/fap-vars/inspection_cases_bundle/api_data/os/network/nx_os/mds_c9148s/3_4_stp.md
[POST] NW-NX-MDS9148-009 /home/fap/git/fap-vars/inspection_cases_bundle/api_data/os/network/nx_os/mds_c9148s/3_4_stp.md execute=True
[RESULT] NW-NX-MDS9148-009: {"status": "success", "message": null, "data": null}
[LOOKUP] NW-NX-MDS9148-010 /home/fap/git/fap-vars/inspection_cases_bundle/api_data/os/network/nx_os/mds_c9148s/3_5_vrrp.md
[POST] NW-NX-MDS9148-010 /home/fap/git/fap-vars/inspection_cases_bundle/api_data/os/network/nx_os/mds_c9148s/3_5_vrrp.md execute=True
[RESULT] NW-NX-MDS9148-010: {"status": "success", "message": null, "data": null}
[LOOKUP] NW-NX-MDS9148-011 /home/fap/git/fap-vars/inspection_cases_bundle/api_data/os/network/nx_os/mds_c9148s/3_6_ping.md
[POST] NW-NX-MDS9148-011 /home/fap/git/fap-vars/inspection_cases_bundle/api_data/os/network/nx_os/mds_c9148s/3_6_ping.md execute=True
[RESULT] NW-NX-MDS9148-011: {"status": "success", "message": null, "data": null}
[LOOKUP] NW-NX-MDS9148-012 /home/fap/git/fap-vars/inspection_cases_bundle/api_data/os/network/nx_os/mds_c9148s/4_1_syslog.md
[POST] NW-NX-MDS9148-012 /home/fap/git/fap-vars/inspection_cases_bundle/api_data/os/network/nx_os/mds_c9148s/4_1_syslog.md execute=True
[RESULT] NW-NX-MDS9148-012: {"status": "success", "message": null, "data": null}
[LOOKUP] NW-NX-MDS9148-013 /home/fap/git/fap-vars/inspection_cases_bundle/api_data/os/network/nx_os/mds_c9148s/5_1_etc.md
[POST] NW-NX-MDS9148-013 /home/fap/git/fap-vars/inspection_cases_bundle/api_data/os/network/nx_os/mds_c9148s/5_1_etc.md execute=True
[RESULT] NW-NX-MDS9148-013: {"status": "success", "message": null, "data": null}
[LOOKUP] NW-PIO-K3200X-001 /home/fap/git/fap-vars/inspection_cases_bundle/api_data/os/network/piolink_pas/pas_k3200x/pio_1_1_cpu_usage_chk.md
[POST] NW-PIO-K3200X-001 /home/fap/git/fap-vars/inspection_cases_bundle/api_data/os/network/piolink_pas/pas_k3200x/pio_1_1_cpu_usage_chk.md execute=True
[RESULT] NW-PIO-K3200X-001: {"status": "success", "message": null, "data": null}
[LOOKUP] NW-PIO-K3200X-002 /home/fap/git/fap-vars/inspection_cases_bundle/api_data/os/network/piolink_pas/pas_k3200x/pio_1_2_mem_usage_chk.md
[POST] NW-PIO-K3200X-002 /home/fap/git/fap-vars/inspection_cases_bundle/api_data/os/network/piolink_pas/pas_k3200x/pio_1_2_mem_usage_chk.md execute=True
[RESULT] NW-PIO-K3200X-002: {"status": "success", "message": null, "data": null}
[LOOKUP] NW-PIO-K3200X-003 /home/fap/git/fap-vars/inspection_cases_bundle/api_data/os/network/piolink_pas/pas_k3200x/pio_1_3_interface_chk.md
[POST] NW-PIO-K3200X-003 /home/fap/git/fap-vars/inspection_cases_bundle/api_data/os/network/piolink_pas/pas_k3200x/pio_1_3_interface_chk.md execute=True
[RESULT] NW-PIO-K3200X-003: {"status": "success", "message": null, "data": null}
[LOOKUP] NW-PIO-K3200X-004 /home/fap/git/fap-vars/inspection_cases_bundle/api_data/os/network/piolink_pas/pas_k3200x/pio_2_1_hw_interface_chk.md
[POST] NW-PIO-K3200X-004 /home/fap/git/fap-vars/inspection_cases_bundle/api_data/os/network/piolink_pas/pas_k3200x/pio_2_1_hw_interface_chk.md execute=True
[RESULT] NW-PIO-K3200X-004: {"status": "success", "message": null, "data": null}
[LOOKUP] NW-PIO-K3200X-005 /home/fap/git/fap-vars/inspection_cases_bundle/api_data/os/network/piolink_pas/pas_k3200x/pio_2_2_hw_vlan_chk.md
[POST] NW-PIO-K3200X-005 /home/fap/git/fap-vars/inspection_cases_bundle/api_data/os/network/piolink_pas/pas_k3200x/pio_2_2_hw_vlan_chk.md execute=True
[RESULT] NW-PIO-K3200X-005: {"status": "success", "message": null, "data": null}
[LOOKUP] NW-PIO-K3200X-006 /home/fap/git/fap-vars/inspection_cases_bundle/api_data/os/network/piolink_pas/pas_k3200x/pio_3_1_svc_lb_chk.md
[POST] NW-PIO-K3200X-006 /home/fap/git/fap-vars/inspection_cases_bundle/api_data/os/network/piolink_pas/pas_k3200x/pio_3_1_svc_lb_chk.md execute=True
[RESULT] NW-PIO-K3200X-006: {"status": "success", "message": null, "data": null}
[LOOKUP] NW-PIO-K3200X-007 /home/fap/git/fap-vars/inspection_cases_bundle/api_data/os/network/piolink_pas/pas_k3200x/pio_3_2_svc_mac_chk.md
[POST] NW-PIO-K3200X-007 /home/fap/git/fap-vars/inspection_cases_bundle/api_data/os/network/piolink_pas/pas_k3200x/pio_3_2_svc_mac_chk.md execute=True
[RESULT] NW-PIO-K3200X-007: {"status": "success", "message": null, "data": null}
[LOOKUP] NW-PIO-K3200X-008 /home/fap/git/fap-vars/inspection_cases_bundle/api_data/os/network/piolink_pas/pas_k3200x/pio_3_3_svc_route_chk.md
[POST] NW-PIO-K3200X-008 /home/fap/git/fap-vars/inspection_cases_bundle/api_data/os/network/piolink_pas/pas_k3200x/pio_3_3_svc_route_chk.md execute=True
[RESULT] NW-PIO-K3200X-008: {"status": "success", "message": null, "data": null}
[LOOKUP] NW-PIO-K3200X-009 /home/fap/git/fap-vars/inspection_cases_bundle/api_data/os/network/piolink_pas/pas_k3200x/pio_3_4_svc_stp_chk.md
[POST] NW-PIO-K3200X-009 /home/fap/git/fap-vars/inspection_cases_bundle/api_data/os/network/piolink_pas/pas_k3200x/pio_3_4_svc_stp_chk.md execute=True
[RESULT] NW-PIO-K3200X-009: {"status": "success", "message": null, "data": null}
[LOOKUP] NW-PIO-K3200X-010 /home/fap/git/fap-vars/inspection_cases_bundle/api_data/os/network/piolink_pas/pas_k3200x/pio_3_5_svc_failover_chk.md
[POST] NW-PIO-K3200X-010 /home/fap/git/fap-vars/inspection_cases_bundle/api_data/os/network/piolink_pas/pas_k3200x/pio_3_5_svc_failover_chk.md execute=True
[RESULT] NW-PIO-K3200X-010: {"status": "success", "message": null, "data": null}
[LOOKUP] NW-PIO-K3200X-011 /home/fap/git/fap-vars/inspection_cases_bundle/api_data/os/network/piolink_pas/pas_k3200x/pio_3_6_svc_ping_chk.md
[POST] NW-PIO-K3200X-011 /home/fap/git/fap-vars/inspection_cases_bundle/api_data/os/network/piolink_pas/pas_k3200x/pio_3_6_svc_ping_chk.md execute=True
[RESULT] NW-PIO-K3200X-011: {"status": "success", "message": null, "data": null}
[LOOKUP] NW-PIO-K3200X-012 /home/fap/git/fap-vars/inspection_cases_bundle/api_data/os/network/piolink_pas/pas_k3200x/pio_4_1_log_chk.md
[POST] NW-PIO-K3200X-012 /home/fap/git/fap-vars/inspection_cases_bundle/api_data/os/network/piolink_pas/pas_k3200x/pio_4_1_log_chk.md execute=True
[RESULT] NW-PIO-K3200X-012: {"status": "success", "message": null, "data": null}
[LOOKUP] NW-PIO-K3200X-013 /home/fap/git/fap-vars/inspection_cases_bundle/api_data/os/network/piolink_pas/pas_k3200x/pio_5_1_env_chk.md
[POST] NW-PIO-K3200X-013 /home/fap/git/fap-vars/inspection_cases_bundle/api_data/os/network/piolink_pas/pas_k3200x/pio_5_1_env_chk.md execute=True
[RESULT] NW-PIO-K3200X-013: {"status": "success", "message": null, "data": null}
[LOOKUP] SV-LIN-RKY-001 /home/fap/git/fap-vars/inspection_cases_bundle/api_data/os/server/linux/rocky/rocky_cluster_daemon_crm_mon_check.md
[POST] SV-LIN-RKY-001 /home/fap/git/fap-vars/inspection_cases_bundle/api_data/os/server/linux/rocky/rocky_cluster_daemon_crm_mon_check.md execute=True
[RESULT] SV-LIN-RKY-001: {"status": "success", "message": null, "data": null}
[LOOKUP] SV-LIN-RKY-002 /home/fap/git/fap-vars/inspection_cases_bundle/api_data/os/server/linux/rocky/rocky_cluster_shared_volume_mount_check.md
[POST] SV-LIN-RKY-002 /home/fap/git/fap-vars/inspection_cases_bundle/api_data/os/server/linux/rocky/rocky_cluster_shared_volume_mount_check.md execute=True
[RESULT] SV-LIN-RKY-002: {"status": "success", "message": null, "data": null}
[SKIP] U-REPLAY-CPU-CORE-01 /home/fap/git/fap-vars/inspection_cases_bundle/api_data/os/server/linux/rocky/rocky_cpu_core_check.md 이미 등록됨 id=128 item_id=128 mapping_id=128
[SKIP] U-REPLAY-CPU-01 /home/fap/git/fap-vars/inspection_cases_bundle/api_data/os/server/linux/rocky/rocky_cpu_usage_procstat_check.md 이미 등록됨 id=129 item_id=129 mapping_id=129
[SKIP] U-REPLAY-INODE-01 /home/fap/git/fap-vars/inspection_cases_bundle/api_data/os/server/linux/rocky/rocky_disk_filesystem_inode_df_check.md 이미 등록됨 id=130 item_id=130 mapping_id=130
[SKIP] U-REPLAY-DF-EX-01 /home/fap/git/fap-vars/inspection_cases_bundle/api_data/os/server/linux/rocky/rocky_disk_filesystem_usage_df_check.md 이미 등록됨 id=131 item_id=131 mapping_id=131
[SKIP] U-REPLAY-DISK-IO-01 /home/fap/git/fap-vars/inspection_cases_bundle/api_data/os/server/linux/rocky/rocky_disk_io_diskstats_check.md 이미 등록됨 id=127 item_id=127 mapping_id=127
[SKIP] U-REPLAY-MDADM-01 /home/fap/git/fap-vars/inspection_cases_bundle/api_data/os/server/linux/rocky/rocky_disk_raid_mdadm_check.md 이미 등록됨 id=132 item_id=132 mapping_id=132
[LOOKUP] U-REPLAY-LSBLK-01 /home/fap/git/fap-vars/inspection_cases_bundle/api_data/os/server/linux/rocky/rocky_disk_recognition_lsblk_check.md
[POST] U-REPLAY-LSBLK-01 /home/fap/git/fap-vars/inspection_cases_bundle/api_data/os/server/linux/rocky/rocky_disk_recognition_lsblk_check.md execute=True
[RESULT] U-REPLAY-LSBLK-01: {"status": "success", "message": null, "data": null}
[SKIP] U-REPLAY-SWAP-01 /home/fap/git/fap-vars/inspection_cases_bundle/api_data/os/server/linux/rocky/rocky_disk_swap_swapon_check.md 이미 등록됨 id=134 item_id=134 mapping_id=134
[SKIP] U-REPLAY-SYSCTL-01 /home/fap/git/fap-vars/inspection_cases_bundle/api_data/os/server/linux/rocky/rocky_kernel_parameter_sysctl_check.md 이미 등록됨 id=135 item_id=135 mapping_id=135
[LOOKUP] SV-LIN-RKY-003 /home/fap/git/fap-vars/inspection_cases_bundle/api_data/os/server/linux/rocky/rocky_log_cluster_dmesg_check.md
[POST] SV-LIN-RKY-003 /home/fap/git/fap-vars/inspection_cases_bundle/api_data/os/server/linux/rocky/rocky_log_cluster_dmesg_check.md execute=True
[RESULT] SV-LIN-RKY-003: {"status": "success", "message": null, "data": null}
[LOOKUP] SV-LIN-RKY-004 /home/fap/git/fap-vars/inspection_cases_bundle/api_data/os/server/linux/rocky/rocky_log_cpu_dmesg_check.md
[POST] SV-LIN-RKY-004 /home/fap/git/fap-vars/inspection_cases_bundle/api_data/os/server/linux/rocky/rocky_log_cpu_dmesg_check.md execute=True
[RESULT] SV-LIN-RKY-004: {"status": "success", "message": null, "data": null}
[LOOKUP] SV-LIN-RKY-005 /home/fap/git/fap-vars/inspection_cases_bundle/api_data/os/server/linux/rocky/rocky_log_fan_dmesg_check.md
[POST] SV-LIN-RKY-005 /home/fap/git/fap-vars/inspection_cases_bundle/api_data/os/server/linux/rocky/rocky_log_fan_dmesg_check.md execute=True
[RESULT] SV-LIN-RKY-005: {"status": "success", "message": null, "data": null}
[SKIP] U-REPLAY-DMESG-IO-01 /home/fap/git/fap-vars/inspection_cases_bundle/api_data/os/server/linux/rocky/rocky_log_hba_dmesg_check.md 이미 등록됨 id=136 item_id=136 mapping_id=136
[SKIP] U-REPLAY-DMESG-IO-02 /home/fap/git/fap-vars/inspection_cases_bundle/api_data/os/server/linux/rocky/rocky_log_io_dmesg_check.md 이미 등록됨 id=137 item_id=137 mapping_id=137
[LOOKUP] SV-LIN-RKY-006 /home/fap/git/fap-vars/inspection_cases_bundle/api_data/os/server/linux/rocky/rocky_log_kernel_dmesg_check.md
[POST] SV-LIN-RKY-006 /home/fap/git/fap-vars/inspection_cases_bundle/api_data/os/server/linux/rocky/rocky_log_kernel_dmesg_check.md execute=True
[RESULT] SV-LIN-RKY-006: {"status": "success", "message": null, "data": null}
[LOOKUP] SV-LIN-RKY-007 /home/fap/git/fap-vars/inspection_cases_bundle/api_data/os/server/linux/rocky/rocky_log_memory_dmesg_check.md
[POST] SV-LIN-RKY-007 /home/fap/git/fap-vars/inspection_cases_bundle/api_data/os/server/linux/rocky/rocky_log_memory_dmesg_check.md execute=True
[RESULT] SV-LIN-RKY-007: {"status": "success", "message": null, "data": null}
[LOOKUP] SV-LIN-RKY-008 /home/fap/git/fap-vars/inspection_cases_bundle/api_data/os/server/linux/rocky/rocky_log_nic_dmesg_check.md
[POST] SV-LIN-RKY-008 /home/fap/git/fap-vars/inspection_cases_bundle/api_data/os/server/linux/rocky/rocky_log_nic_dmesg_check.md execute=True
[RESULT] SV-LIN-RKY-008: {"status": "success", "message": null, "data": null}
[LOOKUP] SV-LIN-RKY-009 /home/fap/git/fap-vars/inspection_cases_bundle/api_data/os/server/linux/rocky/rocky_log_power_dmesg_check.md
[POST] SV-LIN-RKY-009 /home/fap/git/fap-vars/inspection_cases_bundle/api_data/os/server/linux/rocky/rocky_log_power_dmesg_check.md execute=True
[RESULT] SV-LIN-RKY-009: {"status": "success", "message": null, "data": null}
[SKIP] U-REPLAY-DMESG-01 /home/fap/git/fap-vars/inspection_cases_bundle/api_data/os/server/linux/rocky/rocky_log_system_dmesg_check.md 이미 등록됨 id=138 item_id=138 mapping_id=138
[SKIP] U-REPLAY-MEM-01 /home/fap/git/fap-vars/inspection_cases_bundle/api_data/os/server/linux/rocky/rocky_memory_recognition_dmidecode_check.md 이미 등록됨 id=139 item_id=139 mapping_id=139
[LOOKUP] SV-LIN-RKY-010 /home/fap/git/fap-vars/inspection_cases_bundle/api_data/os/server/linux/rocky/rocky_memory_swap_swapon_check.md
[POST] SV-LIN-RKY-010 /home/fap/git/fap-vars/inspection_cases_bundle/api_data/os/server/linux/rocky/rocky_memory_swap_swapon_check.md execute=True
[RESULT] SV-LIN-RKY-010: {"status": "success", "message": null, "data": null}
[SKIP] U-REPLAY-FREE-01 /home/fap/git/fap-vars/inspection_cases_bundle/api_data/os/server/linux/rocky/rocky_memory_usage_free_check.md 이미 등록됨 id=140 item_id=140 mapping_id=140
[SKIP] U-REPLAY-IP-LINK-01 /home/fap/git/fap-vars/inspection_cases_bundle/api_data/os/server/linux/rocky/rocky_network_link_status_ip_link_check.md 이미 등록됨 id=141 item_id=141 mapping_id=141
[LOOKUP] SV-LIN-RKY-011 /home/fap/git/fap-vars/inspection_cases_bundle/api_data/os/server/linux/rocky/rocky_network_nic_redundancy_bonding_check.md
[POST] SV-LIN-RKY-011 /home/fap/git/fap-vars/inspection_cases_bundle/api_data/os/server/linux/rocky/rocky_network_nic_redundancy_bonding_check.md execute=True
[RESULT] SV-LIN-RKY-011: {"status": "success", "message": null, "data": null}
[SKIP] U-REPLAY-PING-01 /home/fap/git/fap-vars/inspection_cases_bundle/api_data/os/server/linux/rocky/rocky_network_ping_loss_check.md 이미 등록됨 id=142 item_id=142 mapping_id=142
[SKIP] U-REPLAY-HBA-CONN-01 /home/fap/git/fap-vars/inspection_cases_bundle/api_data/os/server/linux/rocky/rocky_os_hba_connection_systool_check.md 이미 등록됨 id=143 item_id=143 mapping_id=143
[LOOKUP] SV-LIN-RKY-012 /home/fap/git/fap-vars/inspection_cases_bundle/api_data/os/server/linux/rocky/rocky_os_path_redundancy_multipath_check.md
[POST] SV-LIN-RKY-012 /home/fap/git/fap-vars/inspection_cases_bundle/api_data/os/server/linux/rocky/rocky_os_path_redundancy_multipath_check.md execute=True
[RESULT] SV-LIN-RKY-012: {"status": "success", "message": null, "data": null}
[SKIP] HPUX-REPLAY-02 /home/fap/git/fap-vars/inspection_cases_bundle/api_data/os/server/unix/hpux/hpux_cluster_daemon_cmviewcl_check.md 이미 등록됨 id=144 item_id=144 mapping_id=144
[SKIP] HPUX-REPLAY-03 /home/fap/git/fap-vars/inspection_cases_bundle/api_data/os/server/unix/hpux/hpux_cluster_shared_volume_mount_check.md 이미 등록됨 id=145 item_id=145 mapping_id=145
[SKIP] HPUX-REPLAY-04 /home/fap/git/fap-vars/inspection_cases_bundle/api_data/os/server/unix/hpux/hpux_cpu_core_ioscan_check.md 이미 등록됨 id=146 item_id=146 mapping_id=146
[SKIP] HPUX-REPLAY-CPU-01 /home/fap/git/fap-vars/inspection_cases_bundle/api_data/os/server/unix/hpux/hpux_cpu_usage_sar_check.md 이미 등록됨 id=147 item_id=147 mapping_id=147
[SKIP] HPUX-REPLAY-05 /home/fap/git/fap-vars/inspection_cases_bundle/api_data/os/server/unix/hpux/hpux_disk_filesystem_inode_bdf_check.md 이미 등록됨 id=148 item_id=148 mapping_id=148
[SKIP] HPUX-REPLAY-06 /home/fap/git/fap-vars/inspection_cases_bundle/api_data/os/server/unix/hpux/hpux_disk_filesystem_usage_bdf_check.md 이미 등록됨 id=149 item_id=149 mapping_id=149
[SKIP] HPUX-REPLAY-07 /home/fap/git/fap-vars/inspection_cases_bundle/api_data/os/server/unix/hpux/hpux_disk_io_sar_check.md 이미 등록됨 id=150 item_id=150 mapping_id=150
[SKIP] HPUX-REPLAY-08 /home/fap/git/fap-vars/inspection_cases_bundle/api_data/os/server/unix/hpux/hpux_disk_raid_vgdisplay_check.md 이미 등록됨 id=151 item_id=151 mapping_id=151
[SKIP] HPUX-REPLAY-09 /home/fap/git/fap-vars/inspection_cases_bundle/api_data/os/server/unix/hpux/hpux_disk_recognition_ioscan_check.md 이미 등록됨 id=152 item_id=152 mapping_id=152
[SKIP] HPUX-REPLAY-10 /home/fap/git/fap-vars/inspection_cases_bundle/api_data/os/server/unix/hpux/hpux_disk_swap_swapinfo_check.md 이미 등록됨 id=153 item_id=153 mapping_id=153
[SKIP] HPUX-REPLAY-11 /home/fap/git/fap-vars/inspection_cases_bundle/api_data/os/server/unix/hpux/hpux_kernel_parameter_kctune_check.md 이미 등록됨 id=154 item_id=154 mapping_id=154
[SKIP] HPUX-REPLAY-12 /home/fap/git/fap-vars/inspection_cases_bundle/api_data/os/server/unix/hpux/hpux_log_cluster_serviceguard_check.md 이미 등록됨 id=155 item_id=155 mapping_id=155
[SKIP] HPUX-REPLAY-13 /home/fap/git/fap-vars/inspection_cases_bundle/api_data/os/server/unix/hpux/hpux_log_cpu_dmesg_check.md 이미 등록됨 id=156 item_id=156 mapping_id=156
[SKIP] HPUX-REPLAY-14 /home/fap/git/fap-vars/inspection_cases_bundle/api_data/os/server/unix/hpux/hpux_log_fan_dmesg_check.md 이미 등록됨 id=157 item_id=157 mapping_id=157
[SKIP] HPUX-REPLAY-15 /home/fap/git/fap-vars/inspection_cases_bundle/api_data/os/server/unix/hpux/hpux_log_hba_dmesg_check.md 이미 등록됨 id=158 item_id=158 mapping_id=158
[SKIP] HPUX-REPLAY-16 /home/fap/git/fap-vars/inspection_cases_bundle/api_data/os/server/unix/hpux/hpux_log_io_dmesg_check.md 이미 등록됨 id=159 item_id=159 mapping_id=159
[SKIP] HPUX-REPLAY-17 /home/fap/git/fap-vars/inspection_cases_bundle/api_data/os/server/unix/hpux/hpux_log_kernel_dmesg_check.md 이미 등록됨 id=160 item_id=160 mapping_id=160
[SKIP] HPUX-REPLAY-18 /home/fap/git/fap-vars/inspection_cases_bundle/api_data/os/server/unix/hpux/hpux_log_memory_dmesg_check.md 이미 등록됨 id=161 item_id=161 mapping_id=161
[SKIP] HPUX-REPLAY-19 /home/fap/git/fap-vars/inspection_cases_bundle/api_data/os/server/unix/hpux/hpux_log_nic_dmesg_check.md 이미 등록됨 id=162 item_id=162 mapping_id=162
[SKIP] HPUX-REPLAY-20 /home/fap/git/fap-vars/inspection_cases_bundle/api_data/os/server/unix/hpux/hpux_log_power_dmesg_check.md 이미 등록됨 id=163 item_id=163 mapping_id=163
[SKIP] HPUX-REPLAY-21 /home/fap/git/fap-vars/inspection_cases_bundle/api_data/os/server/unix/hpux/hpux_log_system_dmesg_check.md 이미 등록됨 id=164 item_id=164 mapping_id=164
[SKIP] HPUX-REPLAY-22 /home/fap/git/fap-vars/inspection_cases_bundle/api_data/os/server/unix/hpux/hpux_memory_recognition_machinfo_check.md 이미 등록됨 id=165 item_id=165 mapping_id=165
[SKIP] HPUX-REPLAY-23 /home/fap/git/fap-vars/inspection_cases_bundle/api_data/os/server/unix/hpux/hpux_memory_swap_swapinfo_check.md 이미 등록됨 id=166 item_id=166 mapping_id=166
[SKIP] HPUX-REPLAY-24 /home/fap/git/fap-vars/inspection_cases_bundle/api_data/os/server/unix/hpux/hpux_memory_usage_swapinfo_check.md 이미 등록됨 id=167 item_id=167 mapping_id=167
[SKIP] HPUX-REPLAY-25 /home/fap/git/fap-vars/inspection_cases_bundle/api_data/os/server/unix/hpux/hpux_network_link_status_lanscan_check.md 이미 등록됨 id=168 item_id=168 mapping_id=168
[SKIP] HPUX-REPLAY-26 /home/fap/git/fap-vars/inspection_cases_bundle/api_data/os/server/unix/hpux/hpux_network_nic_redundancy_hpapa_check.md 이미 등록됨 id=169 item_id=169 mapping_id=169
[SKIP] HPUX-REPLAY-27 /home/fap/git/fap-vars/inspection_cases_bundle/api_data/os/server/unix/hpux/hpux_network_ping_loss_check.md 이미 등록됨 id=170 item_id=170 mapping_id=170
[SKIP] HPUX-REPLAY-28 /home/fap/git/fap-vars/inspection_cases_bundle/api_data/os/server/unix/hpux/hpux_os_hba_connection_ioscan_check.md 이미 등록됨 id=171 item_id=171 mapping_id=171
[SKIP] HPUX-REPLAY-29 /home/fap/git/fap-vars/inspection_cases_bundle/api_data/os/server/unix/hpux/hpux_os_path_redundancy_scsimgr_check.md 이미 등록됨 id=172 item_id=172 mapping_id=172
[LOOKUP] SV-SOL-001 /home/fap/git/fap-vars/inspection_cases_bundle/api_data/os/server/unix/solaris/solaris_cluster_daemon_scstat_check.md
[POST] SV-SOL-001 /home/fap/git/fap-vars/inspection_cases_bundle/api_data/os/server/unix/solaris/solaris_cluster_daemon_scstat_check.md execute=True
[RESULT] SV-SOL-001: {"status": "success", "message": null, "data": null}
[LOOKUP] SV-SOL-002 /home/fap/git/fap-vars/inspection_cases_bundle/api_data/os/server/unix/solaris/solaris_cluster_shared_volume_mount_check.md
[POST] SV-SOL-002 /home/fap/git/fap-vars/inspection_cases_bundle/api_data/os/server/unix/solaris/solaris_cluster_shared_volume_mount_check.md execute=True
[RESULT] SV-SOL-002: {"status": "success", "message": null, "data": null}
[SKIP] SOL-REPLAY-CPU-02 /home/fap/git/fap-vars/inspection_cases_bundle/api_data/os/server/unix/solaris/solaris_cpu_core_psrinfo_check.md 이미 등록됨 id=176 item_id=176 mapping_id=176
[SKIP] SOL-REPLAY-CPU-01 /home/fap/git/fap-vars/inspection_cases_bundle/api_data/os/server/unix/solaris/solaris_cpu_usage_prstat_check.md 이미 등록됨 id=177 item_id=177 mapping_id=177
[SKIP] SOL-REPLAY-DISK-01 /home/fap/git/fap-vars/inspection_cases_bundle/api_data/os/server/unix/solaris/solaris_disk_filesystem_usage_df_check.md 이미 등록됨 id=178 item_id=178 mapping_id=178
[SKIP] SOL-REPLAY-DISK-06 /home/fap/git/fap-vars/inspection_cases_bundle/api_data/os/server/unix/solaris/solaris_disk_inode_df_check.md 이미 등록됨 id=179 item_id=179 mapping_id=179
[SKIP] SOL-REPLAY-DISK-05 /home/fap/git/fap-vars/inspection_cases_bundle/api_data/os/server/unix/solaris/solaris_disk_io_iostat_check.md 이미 등록됨 id=180 item_id=180 mapping_id=180
[SKIP] SOL-REPLAY-DISK-04 /home/fap/git/fap-vars/inspection_cases_bundle/api_data/os/server/unix/solaris/solaris_disk_recognition_format_check.md 이미 등록됨 id=181 item_id=181 mapping_id=181
[SKIP] SOL-REPLAY-DISK-03 /home/fap/git/fap-vars/inspection_cases_bundle/api_data/os/server/unix/solaris/solaris_disk_redundancy_metastat_check.md 이미 등록됨 id=182 item_id=182 mapping_id=182
[SKIP] SOL-REPLAY-DISK-02 /home/fap/git/fap-vars/inspection_cases_bundle/api_data/os/server/unix/solaris/solaris_disk_swap_swap_check.md 이미 등록됨 id=183 item_id=183 mapping_id=183
[SKIP] SOL-REPLAY-KERNAL-01 /home/fap/git/fap-vars/inspection_cases_bundle/api_data/os/server/unix/solaris/solaris_kernal_parameter_sysdef_check.md 이미 등록됨 id=184 item_id=184 mapping_id=184
[LOOKUP] SV-SOL-003 /home/fap/git/fap-vars/inspection_cases_bundle/api_data/os/server/unix/solaris/solaris_log_cluster_clog_check.md
[POST] SV-SOL-003 /home/fap/git/fap-vars/inspection_cases_bundle/api_data/os/server/unix/solaris/solaris_log_cluster_clog_check.md execute=True
[RESULT] SV-SOL-003: {"status": "success", "message": null, "data": null}
[SKIP] SOL-REPLAY-LOG-03 /home/fap/git/fap-vars/inspection_cases_bundle/api_data/os/server/unix/solaris/solaris_log_cpu_dmesg_check.md 이미 등록됨 id=185 item_id=185 mapping_id=185
[SKIP] SOL-REPLAY-LOG-05 /home/fap/git/fap-vars/inspection_cases_bundle/api_data/os/server/unix/solaris/solaris_log_fan_dmesg_check.md 이미 등록됨 id=186 item_id=186 mapping_id=186
[SKIP] SOL-REPLAY-LOG-07 /home/fap/git/fap-vars/inspection_cases_bundle/api_data/os/server/unix/solaris/solaris_log_hba_dmesg_check.md 이미 등록됨 id=187 item_id=187 mapping_id=187
[SKIP] SOL-REPLAY-LOG-09 /home/fap/git/fap-vars/inspection_cases_bundle/api_data/os/server/unix/solaris/solaris_log_io_dmesg_check.md 이미 등록됨 id=188 item_id=188 mapping_id=188
[SKIP] SOL-REPLAY-LOG-02 /home/fap/git/fap-vars/inspection_cases_bundle/api_data/os/server/unix/solaris/solaris_log_kernel_dmesg_check.md 이미 등록됨 id=189 item_id=189 mapping_id=189
[SKIP] SOL-REPLAY-LOG-04 /home/fap/git/fap-vars/inspection_cases_bundle/api_data/os/server/unix/solaris/solaris_log_memory_dmesg_check.md 이미 등록됨 id=190 item_id=190 mapping_id=190
[SKIP] SOL-REPLAY-LOG-08 /home/fap/git/fap-vars/inspection_cases_bundle/api_data/os/server/unix/solaris/solaris_log_nic_dmesg_check.md 이미 등록됨 id=191 item_id=191 mapping_id=191
[SKIP] SOL-REPLAY-LOG-06 /home/fap/git/fap-vars/inspection_cases_bundle/api_data/os/server/unix/solaris/solaris_log_power_dmesg_check.md 이미 등록됨 id=192 item_id=192 mapping_id=192
[SKIP] SOL-REPLAY-LOG-01 /home/fap/git/fap-vars/inspection_cases_bundle/api_data/os/server/unix/solaris/solaris_log_system_dmesg_check.md 이미 등록됨 id=193 item_id=193 mapping_id=193
[SKIP] SOL-REPLAY-MEM-03 /home/fap/git/fap-vars/inspection_cases_bundle/api_data/os/server/unix/solaris/solaris_memory_paging_space_swap_check.md 이미 등록됨 id=194 item_id=194 mapping_id=194
[SKIP] SOL-REPLAY-MEM-02 /home/fap/git/fap-vars/inspection_cases_bundle/api_data/os/server/unix/solaris/solaris_memory_recognition_prtdiag_check.md 이미 등록됨 id=195 item_id=195 mapping_id=195
[SKIP] SOL-REPLAY-MEM-01 /home/fap/git/fap-vars/inspection_cases_bundle/api_data/os/server/unix/solaris/solaris_memory_usage_vmstat_check.md 이미 등록됨 id=196 item_id=196 mapping_id=196
[SKIP] SOL-REPLAY-NET-01 /home/fap/git/fap-vars/inspection_cases_bundle/api_data/os/server/unix/solaris/solaris_network_link_status_dladm_check.md 이미 등록됨 id=197 item_id=197 mapping_id=197
[SKIP] SOL-REPLAY-NET-02 /home/fap/git/fap-vars/inspection_cases_bundle/api_data/os/server/unix/solaris/solaris_network_nic_redundancy_ipmpstat_check.md 이미 등록됨 id=198 item_id=198 mapping_id=198
[SKIP] SOL-REPLAY-NET-03 /home/fap/git/fap-vars/inspection_cases_bundle/api_data/os/server/unix/solaris/solaris_network_ping_loss_ping_check.md 이미 등록됨 id=199 item_id=199 mapping_id=199
[SKIP] SOL-REPLAY-OS-02 /home/fap/git/fap-vars/inspection_cases_bundle/api_data/os/server/unix/solaris/solaris_os_hba_connection_status_fcinfo_check.md 이미 등록됨 id=200 item_id=200 mapping_id=200
[SKIP] SOL-REPLAY-OS-01 /home/fap/git/fap-vars/inspection_cases_bundle/api_data/os/server/unix/solaris/solaris_os_path_redundancy_mpathadm_check.md 이미 등록됨 id=201 item_id=201 mapping_id=201
[LOOKUP] SV-ESXI-001 /home/fap/git/fap-vars/inspection_cases_bundle/api_data/os/server/vmware/esxi/esxi_datastore_path_check.md
[POST] SV-ESXI-001 /home/fap/git/fap-vars/inspection_cases_bundle/api_data/os/server/vmware/esxi/esxi_datastore_path_check.md execute=True
[RESULT] SV-ESXI-001: {"status": "success", "message": null, "data": null}
[LOOKUP] SV-ESXI-002 /home/fap/git/fap-vars/inspection_cases_bundle/api_data/os/server/vmware/esxi/esxi_status_agent_service_check.md
[POST] SV-ESXI-002 /home/fap/git/fap-vars/inspection_cases_bundle/api_data/os/server/vmware/esxi/esxi_status_agent_service_check.md execute=True
[RESULT] SV-ESXI-002: {"status": "success", "message": null, "data": null}
[SKIP] ESXI-STATUS-API-01 /home/fap/git/fap-vars/inspection_cases_bundle/api_data/os/server/vmware/esxi/esxi_status_basic_check.md 이미 등록됨 id=173 item_id=173 mapping_id=173
[LOOKUP] SV-ESXI-003 /home/fap/git/fap-vars/inspection_cases_bundle/api_data/os/server/vmware/esxi/esxi_status_hardware_health_check.md
[POST] SV-ESXI-003 /home/fap/git/fap-vars/inspection_cases_bundle/api_data/os/server/vmware/esxi/esxi_status_hardware_health_check.md execute=True
[RESULT] SV-ESXI-003: {"status": "success", "message": null, "data": null}
[LOOKUP] SV-ESXI-004 /home/fap/git/fap-vars/inspection_cases_bundle/api_data/os/server/vmware/esxi/esxi_status_vcenter_agent_check.md
[POST] SV-ESXI-004 /home/fap/git/fap-vars/inspection_cases_bundle/api_data/os/server/vmware/esxi/esxi_status_vcenter_agent_check.md execute=True
[RESULT] SV-ESXI-004: {"status": "success", "message": null, "data": null}
[LOOKUP] SV-ESXI-005 /home/fap/git/fap-vars/inspection_cases_bundle/api_data/os/server/vmware/esxi/esxi_status_vm_list_check.md
[POST] SV-ESXI-005 /home/fap/git/fap-vars/inspection_cases_bundle/api_data/os/server/vmware/esxi/esxi_status_vm_list_check.md execute=True
[RESULT] SV-ESXI-005: {"status": "success", "message": null, "data": null}
[LOOKUP] SV-WIN19-001 /home/fap/git/fap-vars/inspection_cases_bundle/api_data/os/server/windows/windows2019/windows_cluster_daemon_check.md
[POST] SV-WIN19-001 /home/fap/git/fap-vars/inspection_cases_bundle/api_data/os/server/windows/windows2019/windows_cluster_daemon_check.md execute=True
[RESULT] SV-WIN19-001: {"status": "success", "message": null, "data": null}
[LOOKUP] SV-WIN19-002 /home/fap/git/fap-vars/inspection_cases_bundle/api_data/os/server/windows/windows2019/windows_cluster_shared_volume_check.md
[POST] SV-WIN19-002 /home/fap/git/fap-vars/inspection_cases_bundle/api_data/os/server/windows/windows2019/windows_cluster_shared_volume_check.md execute=True
[RESULT] SV-WIN19-002: {"status": "success", "message": null, "data": null}
[SKIP] W-REPLAY-CPU-CORE-01 /home/fap/git/fap-vars/inspection_cases_bundle/api_data/os/server/windows/windows2019/windows_cpu_core_cim_check.md 이미 등록됨 id=202 item_id=202 mapping_id=202
[SKIP] W-REPLAY-CPU-01 /home/fap/git/fap-vars/inspection_cases_bundle/api_data/os/server/windows/windows2019/windows_cpu_usage_counter_check.md 이미 등록됨 id=203 item_id=203 mapping_id=203
[SKIP] W-REPLAY-SWAP-01 /home/fap/git/fap-vars/inspection_cases_bundle/api_data/os/server/windows/windows2019/windows_disk_ swap_usage_check.md 이미 등록됨 id=204 item_id=204 mapping_id=204
[SKIP] W-REPLAY-DISK-01 /home/fap/git/fap-vars/inspection_cases_bundle/api_data/os/server/windows/windows2019/windows_disk_filesystem_usage_cim_check.md 이미 등록됨 id=205 item_id=205 mapping_id=205
[SKIP] W-REPLAY-INODE-01 /home/fap/git/fap-vars/inspection_cases_bundle/api_data/os/server/windows/windows2019/windows_disk_inode_not_applicable_check.md 이미 등록됨 id=206 item_id=206 mapping_id=206
[SKIP] W-REPLAY-DISK-IO-01 /home/fap/git/fap-vars/inspection_cases_bundle/api_data/os/server/windows/windows2019/windows_disk_io_counter_check.md 이미 등록됨 id=207 item_id=207 mapping_id=207
[LOOKUP] SV-WIN19-003 /home/fap/git/fap-vars/inspection_cases_bundle/api_data/os/server/windows/windows2019/windows_disk_recognition_cim_check.md
[POST] SV-WIN19-003 /home/fap/git/fap-vars/inspection_cases_bundle/api_data/os/server/windows/windows2019/windows_disk_recognition_cim_check.md execute=True
[RESULT] SV-WIN19-003: {"status": "success", "message": null, "data": null}
[SKIP] W-REPLAY-DISK-HA-01 /home/fap/git/fap-vars/inspection_cases_bundle/api_data/os/server/windows/windows2019/windows_disk_redundancy_health_check.md 이미 등록됨 id=208 item_id=208 mapping_id=208
[SKIP] W-REPLAY-KERNEL-01 /home/fap/git/fap-vars/inspection_cases_bundle/api_data/os/server/windows/windows2019/windows_kernel_parameter_nettcp_check.md 이미 등록됨 id=209 item_id=209 mapping_id=209
[LOOKUP] SV-WIN19-004 /home/fap/git/fap-vars/inspection_cases_bundle/api_data/os/server/windows/windows2019/windows_log_cluster_event_check.md
[POST] SV-WIN19-004 /home/fap/git/fap-vars/inspection_cases_bundle/api_data/os/server/windows/windows2019/windows_log_cluster_event_check.md execute=True
[RESULT] SV-WIN19-004: {"status": "success", "message": null, "data": null}
[SKIP] W-REPLAY-CPU-LOG-01 /home/fap/git/fap-vars/inspection_cases_bundle/api_data/os/server/windows/windows2019/windows_log_cpu_event_check.md 이미 등록됨 id=210 item_id=210 mapping_id=210
[SKIP] W-REPLAY-FAN-LOG-01 /home/fap/git/fap-vars/inspection_cases_bundle/api_data/os/server/windows/windows2019/windows_log_fan_manual_check.md 이미 등록됨 id=211 item_id=211 mapping_id=211
[SKIP] W-REPLAY-HBA-LOG-01 /home/fap/git/fap-vars/inspection_cases_bundle/api_data/os/server/windows/windows2019/windows_log_hba_manual_check.md 이미 등록됨 id=212 item_id=212 mapping_id=212
[SKIP] W-REPLAY-IO-LOG-01 /home/fap/git/fap-vars/inspection_cases_bundle/api_data/os/server/windows/windows2019/windows_log_io_event_check.md 이미 등록됨 id=213 item_id=213 mapping_id=213
[LOOKUP] SV-WIN19-005 /home/fap/git/fap-vars/inspection_cases_bundle/api_data/os/server/windows/windows2019/windows_log_kernel_event_check.md
[POST] SV-WIN19-005 /home/fap/git/fap-vars/inspection_cases_bundle/api_data/os/server/windows/windows2019/windows_log_kernel_event_check.md execute=True
[RESULT] SV-WIN19-005: {"status": "success", "message": null, "data": null}
[SKIP] W-REPLAY-MEM-LOG-01 /home/fap/git/fap-vars/inspection_cases_bundle/api_data/os/server/windows/windows2019/windows_log_memory_event_check.md 이미 등록됨 id=214 item_id=214 mapping_id=214
[SKIP] W-REPLAY-NIC-LOG-01 /home/fap/git/fap-vars/inspection_cases_bundle/api_data/os/server/windows/windows2019/windows_log_nic_event_check.md 이미 등록됨 id=215 item_id=215 mapping_id=215
[LOOKUP] SV-WIN19-006 /home/fap/git/fap-vars/inspection_cases_bundle/api_data/os/server/windows/windows2019/windows_log_power_event_check.md
[POST] SV-WIN19-006 /home/fap/git/fap-vars/inspection_cases_bundle/api_data/os/server/windows/windows2019/windows_log_power_event_check.md execute=True
[RESULT] SV-WIN19-006: {"status": "success", "message": null, "data": null}
[SKIP] W-REPLAY-LOG-01 /home/fap/git/fap-vars/inspection_cases_bundle/api_data/os/server/windows/windows2019/windows_log_system_event_check.md 이미 등록됨 id=216 item_id=216 mapping_id=216
[LOOKUP] SV-WIN19-007 /home/fap/git/fap-vars/inspection_cases_bundle/api_data/os/server/windows/windows2019/windows_memory_pagefile_usage_cim_check.md
[POST] SV-WIN19-007 /home/fap/git/fap-vars/inspection_cases_bundle/api_data/os/server/windows/windows2019/windows_memory_pagefile_usage_cim_check.md execute=True
[RESULT] SV-WIN19-007: {"status": "success", "message": null, "data": null}
[LOOKUP] SV-WIN19-008 /home/fap/git/fap-vars/inspection_cases_bundle/api_data/os/server/windows/windows2019/windows_memory_recognition_cim_check.md
[POST] SV-WIN19-008 /home/fap/git/fap-vars/inspection_cases_bundle/api_data/os/server/windows/windows2019/windows_memory_recognition_cim_check.md execute=True
[RESULT] SV-WIN19-008: {"status": "success", "message": null, "data": null}
[SKIP] W-REPLAY-MEM-01 /home/fap/git/fap-vars/inspection_cases_bundle/api_data/os/server/windows/windows2019/windows_memory_usage_cim_check.md 이미 등록됨 id=217 item_id=217 mapping_id=217
[SKIP] W-REPLAY-NET-LINK-01 /home/fap/git/fap-vars/inspection_cases_bundle/api_data/os/server/windows/windows2019/windows_network_link_status_check.md 이미 등록됨 id=218 item_id=218 mapping_id=218
[SKIP] W-REPLAY-NIC-HA-01 /home/fap/git/fap-vars/inspection_cases_bundle/api_data/os/server/windows/windows2019/windows_network_nic_teaming_check.md 이미 등록됨 id=219 item_id=219 mapping_id=219
[SKIP] W-REPLAY-GW-PING-01 /home/fap/git/fap-vars/inspection_cases_bundle/api_data/os/server/windows/windows2019/windows_network_ping_loss_check.md 이미 등록됨 id=220 item_id=220 mapping_id=220
[LOOKUP] SV-WIN19-009 /home/fap/git/fap-vars/inspection_cases_bundle/api_data/os/server/windows/windows2019/windows_os_hba_connection_manual_check.md
[POST] SV-WIN19-009 /home/fap/git/fap-vars/inspection_cases_bundle/api_data/os/server/windows/windows2019/windows_os_hba_connection_manual_check.md execute=True
[RESULT] SV-WIN19-009: {"status": "success", "message": null, "data": null}
[LOOKUP] SV-WIN19-010 /home/fap/git/fap-vars/inspection_cases_bundle/api_data/os/server/windows/windows2019/windows_os_mpio_path_check.md
[POST] SV-WIN19-010 /home/fap/git/fap-vars/inspection_cases_bundle/api_data/os/server/windows/windows2019/windows_os_mpio_path_check.md execute=True
[RESULT] SV-WIN19-010: {"status": "success", "message": null, "data": null}
[LOOKUP] ST-DELL-DDOS-001 /home/fap/git/fap-vars/inspection_cases_bundle/api_data/os/storage/dell/ddos/dell_1_10_strg_controller_log_chk.md
[POST] ST-DELL-DDOS-001 /home/fap/git/fap-vars/inspection_cases_bundle/api_data/os/storage/dell/ddos/dell_1_10_strg_controller_log_chk.md execute=True
[RESULT] ST-DELL-DDOS-001: {"status": "success", "message": null, "data": null}
[LOOKUP] ST-DELL-DDOS-002 /home/fap/git/fap-vars/inspection_cases_bundle/api_data/os/storage/dell/ddos/dell_1_11_sps_log_chk.md
[POST] ST-DELL-DDOS-002 /home/fap/git/fap-vars/inspection_cases_bundle/api_data/os/storage/dell/ddos/dell_1_11_sps_log_chk.md execute=True
[RESULT] ST-DELL-DDOS-002: {"status": "success", "message": null, "data": null}
[LOOKUP] ST-DELL-DDOS-003 /home/fap/git/fap-vars/inspection_cases_bundle/api_data/os/storage/dell/ddos/dell_1_12_strg_controller_log_chk.md
[POST] ST-DELL-DDOS-003 /home/fap/git/fap-vars/inspection_cases_bundle/api_data/os/storage/dell/ddos/dell_1_12_strg_controller_log_chk.md execute=True
[RESULT] ST-DELL-DDOS-003: {"status": "success", "message": null, "data": null}
[LOOKUP] ST-DELL-DDOS-004 /home/fap/git/fap-vars/inspection_cases_bundle/api_data/os/storage/dell/ddos/dell_1_13_strg_battery_log_chk.md
[POST] ST-DELL-DDOS-004 /home/fap/git/fap-vars/inspection_cases_bundle/api_data/os/storage/dell/ddos/dell_1_13_strg_battery_log_chk.md execute=True
[RESULT] ST-DELL-DDOS-004: {"status": "success", "message": null, "data": null}
[LOOKUP] ST-DELL-DDOS-005 /home/fap/git/fap-vars/inspection_cases_bundle/api_data/os/storage/dell/ddos/dell_1_1_event_log_chk.md
[POST] ST-DELL-DDOS-005 /home/fap/git/fap-vars/inspection_cases_bundle/api_data/os/storage/dell/ddos/dell_1_1_event_log_chk.md execute=True
[RESULT] ST-DELL-DDOS-005: {"status": "success", "message": null, "data": null}
[LOOKUP] ST-DELL-DDOS-006 /home/fap/git/fap-vars/inspection_cases_bundle/api_data/os/storage/dell/ddos/dell_1_2_memory_log_chk.md
[POST] ST-DELL-DDOS-006 /home/fap/git/fap-vars/inspection_cases_bundle/api_data/os/storage/dell/ddos/dell_1_2_memory_log_chk.md execute=True
[RESULT] ST-DELL-DDOS-006: {"status": "success", "message": null, "data": null}
[LOOKUP] ST-DELL-DDOS-007 /home/fap/git/fap-vars/inspection_cases_bundle/api_data/os/storage/dell/ddos/dell_1_3_disk_log_chk.md
[POST] ST-DELL-DDOS-007 /home/fap/git/fap-vars/inspection_cases_bundle/api_data/os/storage/dell/ddos/dell_1_3_disk_log_chk.md execute=True
[RESULT] ST-DELL-DDOS-007: {"status": "success", "message": null, "data": null}
[LOOKUP] ST-DELL-DDOS-008 /home/fap/git/fap-vars/inspection_cases_bundle/api_data/os/storage/dell/ddos/dell_1_4_fan_log_chk.md
[POST] ST-DELL-DDOS-008 /home/fap/git/fap-vars/inspection_cases_bundle/api_data/os/storage/dell/ddos/dell_1_4_fan_log_chk.md execute=True
[RESULT] ST-DELL-DDOS-008: {"status": "success", "message": null, "data": null}
[LOOKUP] ST-DELL-DDOS-009 /home/fap/git/fap-vars/inspection_cases_bundle/api_data/os/storage/dell/ddos/dell_1_5_power_log_chk.md
[POST] ST-DELL-DDOS-009 /home/fap/git/fap-vars/inspection_cases_bundle/api_data/os/storage/dell/ddos/dell_1_5_power_log_chk.md execute=True
[RESULT] ST-DELL-DDOS-009: {"status": "success", "message": null, "data": null}
[LOOKUP] ST-DELL-DDOS-010 /home/fap/git/fap-vars/inspection_cases_bundle/api_data/os/storage/dell/ddos/dell_1_6_hba_log_chk.md
[POST] ST-DELL-DDOS-010 /home/fap/git/fap-vars/inspection_cases_bundle/api_data/os/storage/dell/ddos/dell_1_6_hba_log_chk.md execute=True
[RESULT] ST-DELL-DDOS-010: {"status": "success", "message": null, "data": null}
[LOOKUP] ST-DELL-DDOS-011 /home/fap/git/fap-vars/inspection_cases_bundle/api_data/os/storage/dell/ddos/dell_1_7_battery_log_chk.md
[POST] ST-DELL-DDOS-011 /home/fap/git/fap-vars/inspection_cases_bundle/api_data/os/storage/dell/ddos/dell_1_7_battery_log_chk.md execute=True
[RESULT] ST-DELL-DDOS-011: {"status": "success", "message": null, "data": null}
[LOOKUP] ST-DELL-DDOS-012 /home/fap/git/fap-vars/inspection_cases_bundle/api_data/os/storage/dell/ddos/dell_1_8_controller_log_chk.md
[POST] ST-DELL-DDOS-012 /home/fap/git/fap-vars/inspection_cases_bundle/api_data/os/storage/dell/ddos/dell_1_8_controller_log_chk.md execute=True
[RESULT] ST-DELL-DDOS-012: {"status": "success", "message": null, "data": null}
[LOOKUP] ST-DELL-DDOS-013 /home/fap/git/fap-vars/inspection_cases_bundle/api_data/os/storage/dell/ddos/dell_1_9_data_strg_log_chk.md
[POST] ST-DELL-DDOS-013 /home/fap/git/fap-vars/inspection_cases_bundle/api_data/os/storage/dell/ddos/dell_1_9_data_strg_log_chk.md execute=True
[RESULT] ST-DELL-DDOS-013: {"status": "success", "message": null, "data": null}
[LOOKUP] ST-DELL-DDOS-014 /home/fap/git/fap-vars/inspection_cases_bundle/api_data/os/storage/dell/ddos/dell_2_1_multipath_chk.md
[POST] ST-DELL-DDOS-014 /home/fap/git/fap-vars/inspection_cases_bundle/api_data/os/storage/dell/ddos/dell_2_1_multipath_chk.md execute=True
[RESULT] ST-DELL-DDOS-014: {"status": "success", "message": null, "data": null}
[LOOKUP] ST-DELL-DDOS-015 /home/fap/git/fap-vars/inspection_cases_bundle/api_data/os/storage/dell/ddos/dell_3_1_env_power_chk.md
[POST] ST-DELL-DDOS-015 /home/fap/git/fap-vars/inspection_cases_bundle/api_data/os/storage/dell/ddos/dell_3_1_env_power_chk.md execute=True
[RESULT] ST-DELL-DDOS-015: {"status": "success", "message": null, "data": null}
[LOOKUP] ST-DELL-DDOS-016 /home/fap/git/fap-vars/inspection_cases_bundle/api_data/os/storage/dell/ddos/dell_3_2_env_log_chk.md
[POST] ST-DELL-DDOS-016 /home/fap/git/fap-vars/inspection_cases_bundle/api_data/os/storage/dell/ddos/dell_3_2_env_log_chk.md execute=True
[RESULT] ST-DELL-DDOS-016: {"status": "success", "message": null, "data": null}
[LOOKUP] ST-DELL-DDOS-017 /home/fap/git/fap-vars/inspection_cases_bundle/api_data/os/storage/dell/ddos/dell_3_3_env_hw_chk.md
[POST] ST-DELL-DDOS-017 /home/fap/git/fap-vars/inspection_cases_bundle/api_data/os/storage/dell/ddos/dell_3_3_env_hw_chk.md execute=True
[RESULT] ST-DELL-DDOS-017: {"status": "success", "message": null, "data": null}
[LOOKUP] WAS-TOM-RKY-001 /home/fap/git/fap-vars/inspection_cases_bundle/api_data/os/was/apache_tomcat/rocky/was_1_1_ps_cpu_chk.md
[POST] WAS-TOM-RKY-001 /home/fap/git/fap-vars/inspection_cases_bundle/api_data/os/was/apache_tomcat/rocky/was_1_1_ps_cpu_chk.md execute=True
[RESULT] WAS-TOM-RKY-001: {"status": "success", "message": null, "data": null}
[LOOKUP] WAS-TOM-RKY-002 /home/fap/git/fap-vars/inspection_cases_bundle/api_data/os/was/apache_tomcat/rocky/was_1_2_ps_mem_chk.md
[POST] WAS-TOM-RKY-002 /home/fap/git/fap-vars/inspection_cases_bundle/api_data/os/was/apache_tomcat/rocky/was_1_2_ps_mem_chk.md execute=True
[RESULT] WAS-TOM-RKY-002: {"status": "success", "message": null, "data": null}
[LOOKUP] WAS-TOM-RKY-003 /home/fap/git/fap-vars/inspection_cases_bundle/api_data/os/was/apache_tomcat/rocky/was_1_3_ps_status_chk.md
[POST] WAS-TOM-RKY-003 /home/fap/git/fap-vars/inspection_cases_bundle/api_data/os/was/apache_tomcat/rocky/was_1_3_ps_status_chk.md execute=True
[RESULT] WAS-TOM-RKY-003: {"status": "success", "message": null, "data": null}
[LOOKUP] WAS-TOM-RKY-004 /home/fap/git/fap-vars/inspection_cases_bundle/api_data/os/was/apache_tomcat/rocky/was_1_4_ps_startup_chk.md
[POST] WAS-TOM-RKY-004 /home/fap/git/fap-vars/inspection_cases_bundle/api_data/os/was/apache_tomcat/rocky/was_1_4_ps_startup_chk.md execute=True
[RESULT] WAS-TOM-RKY-004: {"status": "success", "message": null, "data": null}
[LOOKUP] WAS-TOM-RKY-005 /home/fap/git/fap-vars/inspection_cases_bundle/api_data/os/was/apache_tomcat/rocky/was_2_1_log_manage_chk.md
[POST] WAS-TOM-RKY-005 /home/fap/git/fap-vars/inspection_cases_bundle/api_data/os/was/apache_tomcat/rocky/was_2_1_log_manage_chk.md execute=True
[RESULT] WAS-TOM-RKY-005: {"status": "success", "message": null, "data": null}
[LOOKUP] WAS-TOM-RKY-006 /home/fap/git/fap-vars/inspection_cases_bundle/api_data/os/was/apache_tomcat/rocky/was_2_2_log_service_chk.md
[POST] WAS-TOM-RKY-006 /home/fap/git/fap-vars/inspection_cases_bundle/api_data/os/was/apache_tomcat/rocky/was_2_2_log_service_chk.md execute=True
[RESULT] WAS-TOM-RKY-006: {"status": "success", "message": null, "data": null}
[LOOKUP] WAS-TOM-RKY-007 /home/fap/git/fap-vars/inspection_cases_bundle/api_data/os/was/apache_tomcat/rocky/was_2_3_log_cli_acs_chk.md
[POST] WAS-TOM-RKY-007 /home/fap/git/fap-vars/inspection_cases_bundle/api_data/os/was/apache_tomcat/rocky/was_2_3_log_cli_acs_chk.md execute=True
[RESULT] WAS-TOM-RKY-007: {"status": "success", "message": null, "data": null}
[LOOKUP] WAS-TOM-RKY-008 /home/fap/git/fap-vars/inspection_cases_bundle/api_data/os/was/apache_tomcat/rocky/was_2_4_log_gc_chk.md
[POST] WAS-TOM-RKY-008 /home/fap/git/fap-vars/inspection_cases_bundle/api_data/os/was/apache_tomcat/rocky/was_2_4_log_gc_chk.md execute=True
[RESULT] WAS-TOM-RKY-008: {"status": "success", "message": null, "data": null}
[LOOKUP] WAS-TOM-RKY-009 /home/fap/git/fap-vars/inspection_cases_bundle/api_data/os/was/apache_tomcat/rocky/was_2_5_log_con_pool_chk.md
[POST] WAS-TOM-RKY-009 /home/fap/git/fap-vars/inspection_cases_bundle/api_data/os/was/apache_tomcat/rocky/was_2_5_log_con_pool_chk.md execute=True
[RESULT] WAS-TOM-RKY-009: {"status": "success", "message": null, "data": null}
[LOOKUP] WAS-TOM-RKY-010 /home/fap/git/fap-vars/inspection_cases_bundle/api_data/os/was/apache_tomcat/rocky/was_4_1_work_thrd_chk.md
[POST] WAS-TOM-RKY-010 /home/fap/git/fap-vars/inspection_cases_bundle/api_data/os/was/apache_tomcat/rocky/was_4_1_work_thrd_chk.md execute=True
[RESULT] WAS-TOM-RKY-010: {"status": "success", "message": null, "data": null}
[LOOKUP] WAS-TOM-RKY-011 /home/fap/git/fap-vars/inspection_cases_bundle/api_data/os/was/apache_tomcat/rocky/was_4_2_runnable_thrd_chk.md
[POST] WAS-TOM-RKY-011 /home/fap/git/fap-vars/inspection_cases_bundle/api_data/os/was/apache_tomcat/rocky/was_4_2_runnable_thrd_chk.md execute=True
[RESULT] WAS-TOM-RKY-011: {"status": "success", "message": null, "data": null}
[LOOKUP] WAS-TOM-RKY-012 /home/fap/git/fap-vars/inspection_cases_bundle/api_data/os/was/apache_tomcat/rocky/was_5_1_con_pool_chk.md
[POST] WAS-TOM-RKY-012 /home/fap/git/fap-vars/inspection_cases_bundle/api_data/os/was/apache_tomcat/rocky/was_5_1_con_pool_chk.md execute=True
[RESULT] WAS-TOM-RKY-012: {"status": "success", "message": null, "data": null}
[LOOKUP] WAS-TOM-RKY-013 /home/fap/git/fap-vars/inspection_cases_bundle/api_data/os/was/apache_tomcat/rocky/was_5_2_db_con_chk.md
[POST] WAS-TOM-RKY-013 /home/fap/git/fap-vars/inspection_cases_bundle/api_data/os/was/apache_tomcat/rocky/was_5_2_db_con_chk.md execute=True
[RESULT] WAS-TOM-RKY-013: {"status": "success", "message": null, "data": null}
[LOOKUP] WAS-TOM-RKY-014 /home/fap/git/fap-vars/inspection_cases_bundle/api_data/os/was/apache_tomcat/rocky/was_6_1_dump_chk.md
[POST] WAS-TOM-RKY-014 /home/fap/git/fap-vars/inspection_cases_bundle/api_data/os/was/apache_tomcat/rocky/was_6_1_dump_chk.md execute=True
[RESULT] WAS-TOM-RKY-014: {"status": "success", "message": null, "data": null}
[LOOKUP] WAS-JEUS-RKY-001 /home/fap/git/fap-vars/inspection_cases_bundle/api_data/os/was/jeus/rocky/was_1_1_ps_cpu_chk.md
[LOOKUP] application 보정: rocky -> JEUS
[POST] WAS-JEUS-RKY-001 /home/fap/git/fap-vars/inspection_cases_bundle/api_data/os/was/jeus/rocky/was_1_1_ps_cpu_chk.md execute=True
[RESULT] WAS-JEUS-RKY-001: {"status": "success", "message": null, "data": null}
[LOOKUP] WAS-JEUS-RKY-002 /home/fap/git/fap-vars/inspection_cases_bundle/api_data/os/was/jeus/rocky/was_1_2_ps_mem_chk.md
[LOOKUP] application 보정: rocky -> JEUS
[POST] WAS-JEUS-RKY-002 /home/fap/git/fap-vars/inspection_cases_bundle/api_data/os/was/jeus/rocky/was_1_2_ps_mem_chk.md execute=True
[RESULT] WAS-JEUS-RKY-002: {"status": "success", "message": null, "data": null}
[LOOKUP] WAS-JEUS-RKY-003 /home/fap/git/fap-vars/inspection_cases_bundle/api_data/os/was/jeus/rocky/was_1_3_ps_status_chk.md
[LOOKUP] application 보정: rocky -> JEUS
[POST] WAS-JEUS-RKY-003 /home/fap/git/fap-vars/inspection_cases_bundle/api_data/os/was/jeus/rocky/was_1_3_ps_status_chk.md execute=True
[RESULT] WAS-JEUS-RKY-003: {"status": "success", "message": null, "data": null}
[LOOKUP] WAS-JEUS-RKY-004 /home/fap/git/fap-vars/inspection_cases_bundle/api_data/os/was/jeus/rocky/was_1_4_ps_startup_chk.md
[LOOKUP] application 보정: rocky -> JEUS
[POST] WAS-JEUS-RKY-004 /home/fap/git/fap-vars/inspection_cases_bundle/api_data/os/was/jeus/rocky/was_1_4_ps_startup_chk.md execute=True
[RESULT] WAS-JEUS-RKY-004: {"status": "success", "message": null, "data": null}
[LOOKUP] WAS-JEUS-RKY-005 /home/fap/git/fap-vars/inspection_cases_bundle/api_data/os/was/jeus/rocky/was_2_1_log_manage_chk.md
[LOOKUP] application 보정: rocky -> JEUS
[POST] WAS-JEUS-RKY-005 /home/fap/git/fap-vars/inspection_cases_bundle/api_data/os/was/jeus/rocky/was_2_1_log_manage_chk.md execute=True
[RESULT] WAS-JEUS-RKY-005: {"status": "success", "message": null, "data": null}
[LOOKUP] WAS-JEUS-RKY-006 /home/fap/git/fap-vars/inspection_cases_bundle/api_data/os/was/jeus/rocky/was_2_2_log_service_chk.md
[LOOKUP] application 보정: rocky -> JEUS
[POST] WAS-JEUS-RKY-006 /home/fap/git/fap-vars/inspection_cases_bundle/api_data/os/was/jeus/rocky/was_2_2_log_service_chk.md execute=True
[RESULT] WAS-JEUS-RKY-006: {"status": "success", "message": null, "data": null}
[LOOKUP] WAS-JEUS-RKY-007 /home/fap/git/fap-vars/inspection_cases_bundle/api_data/os/was/jeus/rocky/was_2_3_log_cli_acs_chk.md
[LOOKUP] application 보정: rocky -> JEUS
[POST] WAS-JEUS-RKY-007 /home/fap/git/fap-vars/inspection_cases_bundle/api_data/os/was/jeus/rocky/was_2_3_log_cli_acs_chk.md execute=True
[RESULT] WAS-JEUS-RKY-007: {"status": "success", "message": null, "data": null}
[LOOKUP] WAS-JEUS-RKY-008 /home/fap/git/fap-vars/inspection_cases_bundle/api_data/os/was/jeus/rocky/was_2_4_log_gc_chk.md
[LOOKUP] application 보정: rocky -> JEUS
[POST] WAS-JEUS-RKY-008 /home/fap/git/fap-vars/inspection_cases_bundle/api_data/os/was/jeus/rocky/was_2_4_log_gc_chk.md execute=True
[RESULT] WAS-JEUS-RKY-008: {"status": "success", "message": null, "data": null}
[LOOKUP] WAS-JEUS-RKY-009 /home/fap/git/fap-vars/inspection_cases_bundle/api_data/os/was/jeus/rocky/was_2_5_log_con_pool_chk.md
[LOOKUP] application 보정: rocky -> JEUS
[POST] WAS-JEUS-RKY-009 /home/fap/git/fap-vars/inspection_cases_bundle/api_data/os/was/jeus/rocky/was_2_5_log_con_pool_chk.md execute=True
[RESULT] WAS-JEUS-RKY-009: {"status": "success", "message": null, "data": null}
[LOOKUP] WAS-JEUS-RKY-010 /home/fap/git/fap-vars/inspection_cases_bundle/api_data/os/was/jeus/rocky/was_3_1_jvm_heap_chk.md
[LOOKUP] application 보정: rocky -> JEUS
[POST] WAS-JEUS-RKY-010 /home/fap/git/fap-vars/inspection_cases_bundle/api_data/os/was/jeus/rocky/was_3_1_jvm_heap_chk.md execute=True
[RESULT] WAS-JEUS-RKY-010: {"status": "success", "message": null, "data": null}
[LOOKUP] WAS-JEUS-RKY-011 /home/fap/git/fap-vars/inspection_cases_bundle/api_data/os/was/jeus/rocky/was_4_1_work_thrd_chk.md
[LOOKUP] application 보정: rocky -> JEUS
[POST] WAS-JEUS-RKY-011 /home/fap/git/fap-vars/inspection_cases_bundle/api_data/os/was/jeus/rocky/was_4_1_work_thrd_chk.md execute=True
[RESULT] WAS-JEUS-RKY-011: {"status": "success", "message": null, "data": null}
[LOOKUP] WAS-JEUS-RKY-012 /home/fap/git/fap-vars/inspection_cases_bundle/api_data/os/was/jeus/rocky/was_4_2_runnable_thrd_chk.md
[LOOKUP] application 보정: rocky -> JEUS
[POST] WAS-JEUS-RKY-012 /home/fap/git/fap-vars/inspection_cases_bundle/api_data/os/was/jeus/rocky/was_4_2_runnable_thrd_chk.md execute=True
[RESULT] WAS-JEUS-RKY-012: {"status": "success", "message": null, "data": null}
[LOOKUP] WAS-JEUS-RKY-013 /home/fap/git/fap-vars/inspection_cases_bundle/api_data/os/was/jeus/rocky/was_5_1_con_pool_chk.md
[LOOKUP] application 보정: rocky -> JEUS
[POST] WAS-JEUS-RKY-013 /home/fap/git/fap-vars/inspection_cases_bundle/api_data/os/was/jeus/rocky/was_5_1_con_pool_chk.md execute=True
[RESULT] WAS-JEUS-RKY-013: {"status": "success", "message": null, "data": null}
[LOOKUP] WAS-JEUS-RKY-014 /home/fap/git/fap-vars/inspection_cases_bundle/api_data/os/was/jeus/rocky/was_5_2_db_con_chk.md
[LOOKUP] application 보정: rocky -> JEUS
[POST] WAS-JEUS-RKY-014 /home/fap/git/fap-vars/inspection_cases_bundle/api_data/os/was/jeus/rocky/was_5_2_db_con_chk.md execute=True
[RESULT] WAS-JEUS-RKY-014: {"status": "success", "message": null, "data": null}
[LOOKUP] WAS-JEUS-RKY-015 /home/fap/git/fap-vars/inspection_cases_bundle/api_data/os/was/jeus/rocky/was_6_1_dump_chk.md
[LOOKUP] application 보정: rocky -> JEUS
[POST] WAS-JEUS-RKY-015 /home/fap/git/fap-vars/inspection_cases_bundle/api_data/os/was/jeus/rocky/was_6_1_dump_chk.md execute=True
[RESULT] WAS-JEUS-RKY-015: {"status": "success", "message": null, "data": null}
[LOOKUP] WAS-JEUS-RKY-016 /home/fap/git/fap-vars/inspection_cases_bundle/api_data/os/was/jeus/rocky/was_7_1_deploy_status_chk.md
[LOOKUP] application 보정: rocky -> JEUS
[POST] WAS-JEUS-RKY-016 /home/fap/git/fap-vars/inspection_cases_bundle/api_data/os/was/jeus/rocky/was_7_1_deploy_status_chk.md execute=True
[RESULT] WAS-JEUS-RKY-016: {"status": "success", "message": null, "data": null}
[LOOKUP] WAS-JEUS-RKY-017 /home/fap/git/fap-vars/inspection_cases_bundle/api_data/os/was/jeus/rocky/was_8_1_thrd_pool_status_chk.md
[LOOKUP] application 보정: rocky -> JEUS
[POST] WAS-JEUS-RKY-017 /home/fap/git/fap-vars/inspection_cases_bundle/api_data/os/was/jeus/rocky/was_8_1_thrd_pool_status_chk.md execute=True
[RESULT] WAS-JEUS-RKY-017: {"status": "success", "message": null, "data": null}
[LOOKUP] WAS-JEUS-RKY-018 /home/fap/git/fap-vars/inspection_cases_bundle/api_data/os/was/jeus/rocky/was_9_1_start_script_chk.md
[LOOKUP] application 보정: rocky -> JEUS
[POST] WAS-JEUS-RKY-018 /home/fap/git/fap-vars/inspection_cases_bundle/api_data/os/was/jeus/rocky/was_9_1_start_script_chk.md execute=True
[RESULT] WAS-JEUS-RKY-018: {"status": "success", "message": null, "data": null}
[LOOKUP] WEB-WTB-RKY-001 /home/fap/git/fap-vars/inspection_cases_bundle/api_data/os/web/webtob/rocky/webtob_config_web_was_connection_webtob_ctl_status_check.md
[POST] WEB-WTB-RKY-001 /home/fap/git/fap-vars/inspection_cases_bundle/api_data/os/web/webtob/rocky/webtob_config_web_was_connection_webtob_ctl_status_check.md execute=True
[RESULT] WEB-WTB-RKY-001: {"status": "success", "message": null, "data": null}
[LOOKUP] WEB-WTB-RKY-002 /home/fap/git/fap-vars/inspection_cases_bundle/api_data/os/web/webtob/rocky/webtob_filesystem_web_application_filesystem_df_h_check.md
[POST] WEB-WTB-RKY-002 /home/fap/git/fap-vars/inspection_cases_bundle/api_data/os/web/webtob/rocky/webtob_filesystem_web_application_filesystem_df_h_check.md execute=True
[RESULT] WEB-WTB-RKY-002: {"status": "success", "message": null, "data": null}
[LOOKUP] WEB-WTB-RKY-003 /home/fap/git/fap-vars/inspection_cases_bundle/api_data/os/web/webtob/rocky/webtob_filesystem_web_engine_filesystem_df_h_check.md
[POST] WEB-WTB-RKY-003 /home/fap/git/fap-vars/inspection_cases_bundle/api_data/os/web/webtob/rocky/webtob_filesystem_web_engine_filesystem_df_h_check.md execute=True
[RESULT] WEB-WTB-RKY-003: {"status": "success", "message": null, "data": null}
[LOOKUP] WEB-WTB-RKY-004 /home/fap/git/fap-vars/inspection_cases_bundle/api_data/os/web/webtob/rocky/webtob_filesystem_web_log_filesystem_df_h_check.md
[POST] WEB-WTB-RKY-004 /home/fap/git/fap-vars/inspection_cases_bundle/api_data/os/web/webtob/rocky/webtob_filesystem_web_log_filesystem_df_h_check.md execute=True
[RESULT] WEB-WTB-RKY-004: {"status": "success", "message": null, "data": null}
[LOOKUP] WEB-WTB-RKY-005 /home/fap/git/fap-vars/inspection_cases_bundle/api_data/os/web/webtob/rocky/webtob_log_access_log_awk_status_200_check.md
[POST] WEB-WTB-RKY-005 /home/fap/git/fap-vars/inspection_cases_bundle/api_data/os/web/webtob/rocky/webtob_log_access_log_awk_status_200_check.md execute=True
[RESULT] WEB-WTB-RKY-005: {"status": "success", "message": null, "data": null}
[LOOKUP] WEB-WTB-RKY-006 /home/fap/git/fap-vars/inspection_cases_bundle/api_data/os/web/webtob/rocky/webtob_log_error_log_grep_error_check.md
[POST] WEB-WTB-RKY-006 /home/fap/git/fap-vars/inspection_cases_bundle/api_data/os/web/webtob/rocky/webtob_log_error_log_grep_error_check.md execute=True
[RESULT] WEB-WTB-RKY-006: {"status": "success", "message": null, "data": null}
[LOOKUP] WEB-WTB-RKY-007 /home/fap/git/fap-vars/inspection_cases_bundle/api_data/os/web/webtob/rocky/webtob_log_request_document_unavailable_awk_status_404_check.md
[POST] WEB-WTB-RKY-007 /home/fap/git/fap-vars/inspection_cases_bundle/api_data/os/web/webtob/rocky/webtob_log_request_document_unavailable_awk_status_404_check.md execute=True
[RESULT] WEB-WTB-RKY-007: {"status": "success", "message": null, "data": null}
[LOOKUP] WEB-WTB-RKY-008 /home/fap/git/fap-vars/inspection_cases_bundle/api_data/os/web/webtob/rocky/webtob_log_service_temporarily_unavailable_grep_status_503_check.md
[POST] WEB-WTB-RKY-008 /home/fap/git/fap-vars/inspection_cases_bundle/api_data/os/web/webtob/rocky/webtob_log_service_temporarily_unavailable_grep_status_503_check.md execute=True
[RESULT] WEB-WTB-RKY-008: {"status": "success", "message": null, "data": null}
[LOOKUP] WEB-WTB-RKY-009 /home/fap/git/fap-vars/inspection_cases_bundle/api_data/os/web/webtob/rocky/webtob_log_was_response_time_awk_response_time_check.md
[POST] WEB-WTB-RKY-009 /home/fap/git/fap-vars/inspection_cases_bundle/api_data/os/web/webtob/rocky/webtob_log_was_response_time_awk_response_time_check.md execute=True
[RESULT] WEB-WTB-RKY-009: {"status": "success", "message": null, "data": null}
[LOOKUP] WEB-WTB-RKY-010 /home/fap/git/fap-vars/inspection_cases_bundle/api_data/os/web/webtob/rocky/webtob_log_web_service_unavailable_grep_status_500_check.md
[POST] WEB-WTB-RKY-010 /home/fap/git/fap-vars/inspection_cases_bundle/api_data/os/web/webtob/rocky/webtob_log_web_service_unavailable_grep_status_500_check.md execute=True
[RESULT] WEB-WTB-RKY-010: {"status": "success", "message": null, "data": null}
[LOOKUP] WEB-WTB-RKY-011 /home/fap/git/fap-vars/inspection_cases_bundle/api_data/os/web/webtob/rocky/webtob_process_cpu_usage_top_grep_check.md
[POST] WEB-WTB-RKY-011 /home/fap/git/fap-vars/inspection_cases_bundle/api_data/os/web/webtob/rocky/webtob_process_cpu_usage_top_grep_check.md execute=True
[RESULT] WEB-WTB-RKY-011: {"status": "success", "message": null, "data": null}
[LOOKUP] WEB-WTB-RKY-012 /home/fap/git/fap-vars/inspection_cases_bundle/api_data/os/web/webtob/rocky/webtob_process_memory_usage_top_grep_check.md
[POST] WEB-WTB-RKY-012 /home/fap/git/fap-vars/inspection_cases_bundle/api_data/os/web/webtob/rocky/webtob_process_memory_usage_top_grep_check.md execute=True
[RESULT] WEB-WTB-RKY-012: {"status": "success", "message": null, "data": null}
[LOOKUP] WEB-WTB-RKY-013 /home/fap/git/fap-vars/inspection_cases_bundle/api_data/os/web/webtob/rocky/webtob_process_startup_ps_aux_grep_check.md
[POST] WEB-WTB-RKY-013 /home/fap/git/fap-vars/inspection_cases_bundle/api_data/os/web/webtob/rocky/webtob_process_startup_ps_aux_grep_check.md execute=True
[RESULT] WEB-WTB-RKY-013: {"status": "success", "message": null, "data": null}
[LOOKUP] WEB-WTB-RKY-014 /home/fap/git/fap-vars/inspection_cases_bundle/api_data/os/web/webtob/rocky/webtob_process_status_top_grep_check.md
[POST] WEB-WTB-RKY-014 /home/fap/git/fap-vars/inspection_cases_bundle/api_data/os/web/webtob/rocky/webtob_process_status_top_grep_check.md execute=True
[RESULT] WEB-WTB-RKY-014: {"status": "success", "message": null, "data": null}
[LOOKUP] WEB-WTB-RKY-015 /home/fap/git/fap-vars/inspection_cases_bundle/api_data/os/web/webtob/rocky/webtob_service_port_connection_telnet_check.md
[POST] WEB-WTB-RKY-015 /home/fap/git/fap-vars/inspection_cases_bundle/api_data/os/web/webtob/rocky/webtob_service_port_connection_telnet_check.md execute=True
[RESULT] WEB-WTB-RKY-015: {"status": "success", "message": null, "data": null}
[LOOKUP] WEB-WTB-RKY-016 /home/fap/git/fap-vars/inspection_cases_bundle/api_data/os/web/webtob/rocky/webtob_service_port_open_netstat_grep_check.md
[POST] WEB-WTB-RKY-016 /home/fap/git/fap-vars/inspection_cases_bundle/api_data/os/web/webtob/rocky/webtob_service_port_open_netstat_grep_check.md execute=True
[RESULT] WEB-WTB-RKY-016: {"status": "success", "message": null, "data": null}
[LOOKUP] WEB-WTB-RKY-017 /home/fap/git/fap-vars/inspection_cases_bundle/api_data/os/web/webtob/rocky/webtob_service_request_count_webtob_ctl_status_check.md
[POST] WEB-WTB-RKY-017 /home/fap/git/fap-vars/inspection_cases_bundle/api_data/os/web/webtob/rocky/webtob_service_request_count_webtob_ctl_status_check.md execute=True
[RESULT] WEB-WTB-RKY-017: {"status": "success", "message": null, "data": null}
[SUMMARY] {"total": 278, "selected": 278, "created_or_ready": 187, "skipped_existing": 91, "skipped_by_code": 0, "failed": 0}
[LOG_JSON] /home/fap/git/fap-vars/inspection_cases_bundle/api_data/os/_logs/inspection_create_20260615_105422.json
