[LOG] /home/fap/git/fap-vars/inspection_cases_bundle/api_data/os/_logs/inspection_create_20260615_103548.log
[SEARCH] 기존 서버 항목 조회
[LOOKUP] BK-NBU5240-001 /home/fap/git/fap-vars/inspection_cases_bundle/api_data/os/backup/veritas/netbackup_appliance_5240/1_1_catalog.md
[POST] BK-NBU5240-001 /home/fap/git/fap-vars/inspection_cases_bundle/api_data/os/backup/veritas/netbackup_appliance_5240/1_1_catalog.md execute=True
[RESULT] BK-NBU5240-001: {"status": "success", "message": null, "data": null}
[LOOKUP] BK-NBU5240-002 /home/fap/git/fap-vars/inspection_cases_bundle/api_data/os/backup/veritas/netbackup_appliance_5240/1_2_swlog.md
[POST] BK-NBU5240-002 /home/fap/git/fap-vars/inspection_cases_bundle/api_data/os/backup/veritas/netbackup_appliance_5240/1_2_swlog.md execute=True
[RESULT] BK-NBU5240-002: {"status": "success", "message": null, "data": null}
[LOOKUP] BK-NBU5240-003 /home/fap/git/fap-vars/inspection_cases_bundle/api_data/os/backup/veritas/netbackup_appliance_5240/2_1_tape_status.md
[POST] BK-NBU5240-003 /home/fap/git/fap-vars/inspection_cases_bundle/api_data/os/backup/veritas/netbackup_appliance_5240/2_1_tape_status.md execute=True
[RESULT] BK-NBU5240-003: {"status": "success", "message": null, "data": null}
[LOOKUP] BK-NBU5240-004 /home/fap/git/fap-vars/inspection_cases_bundle/api_data/os/backup/veritas/netbackup_appliance_5240/2_2_tape_active.md
[POST] BK-NBU5240-004 /home/fap/git/fap-vars/inspection_cases_bundle/api_data/os/backup/veritas/netbackup_appliance_5240/2_2_tape_active.md execute=True
[RESULT] BK-NBU5240-004: {"status": "success", "message": null, "data": null}
[LOOKUP] BK-NBU5240-005 /home/fap/git/fap-vars/inspection_cases_bundle/api_data/os/backup/veritas/netbackup_appliance_5240/2_3_tape_used.md
[POST] BK-NBU5240-005 /home/fap/git/fap-vars/inspection_cases_bundle/api_data/os/backup/veritas/netbackup_appliance_5240/2_3_tape_used.md execute=True
[RESULT] BK-NBU5240-005: {"status": "success", "message": null, "data": null}
[LOOKUP] BK-NBU5240-006 /home/fap/git/fap-vars/inspection_cases_bundle/api_data/os/backup/veritas/netbackup_appliance_5240/2_4_disk.md
[POST] BK-NBU5240-006 /home/fap/git/fap-vars/inspection_cases_bundle/api_data/os/backup/veritas/netbackup_appliance_5240/2_4_disk.md execute=True
[RESULT] BK-NBU5240-006: {"status": "success", "message": null, "data": null}
[LOOKUP] BK-NBU5240-007 /home/fap/git/fap-vars/inspection_cases_bundle/api_data/os/backup/veritas/netbackup_appliance_5240/2_5_schedule.md
[POST] BK-NBU5240-007 /home/fap/git/fap-vars/inspection_cases_bundle/api_data/os/backup/veritas/netbackup_appliance_5240/2_5_schedule.md execute=True
[RESULT] BK-NBU5240-007: {"status": "success", "message": null, "data": null}
[LOOKUP] BK-NBU5240-008 /home/fap/git/fap-vars/inspection_cases_bundle/api_data/os/backup/veritas/netbackup_appliance_5240/2_6_etc.md
[POST] BK-NBU5240-008 /home/fap/git/fap-vars/inspection_cases_bundle/api_data/os/backup/veritas/netbackup_appliance_5240/2_6_etc.md execute=True
[RESULT] BK-NBU5240-008: {"status": "success", "message": null, "data": null}
[LOOKUP] BK-NBU5240-009 /home/fap/git/fap-vars/inspection_cases_bundle/api_data/os/backup/veritas/netbackup_appliance_5240/3_1_disk_port.md
[POST] BK-NBU5240-009 /home/fap/git/fap-vars/inspection_cases_bundle/api_data/os/backup/veritas/netbackup_appliance_5240/3_1_disk_port.md execute=True
[RESULT] BK-NBU5240-009: {"status": "success", "message": null, "data": null}
[LOOKUP] BK-NBU5240-010 /home/fap/git/fap-vars/inspection_cases_bundle/api_data/os/backup/veritas/netbackup_appliance_5240/4_1_swstatus.md
[POST] BK-NBU5240-010 /home/fap/git/fap-vars/inspection_cases_bundle/api_data/os/backup/veritas/netbackup_appliance_5240/4_1_swstatus.md execute=True
[RESULT] BK-NBU5240-010: {"status": "success", "message": null, "data": null}
[LOOKUP] DB-OR-RKY-001 /home/fap/git/fap-vars/inspection_cases_bundle/api_data/os/dbms/oracle/rocky/db_1_1_fs_engine_chk.md
[POST] DB-OR-RKY-001 /home/fap/git/fap-vars/inspection_cases_bundle/api_data/os/dbms/oracle/rocky/db_1_1_fs_engine_chk.md execute=True
[RESULT] DB-OR-RKY-001: {"status": "success", "message": null, "data": null}
[LOOKUP] DB-OR-RKY-002 /home/fap/git/fap-vars/inspection_cases_bundle/api_data/os/dbms/oracle/rocky/db_1_2_fs_archive_log_chk.md
[POST] DB-OR-RKY-002 /home/fap/git/fap-vars/inspection_cases_bundle/api_data/os/dbms/oracle/rocky/db_1_2_fs_archive_log_chk.md execute=True
[RESULT] DB-OR-RKY-002: {"status": "success", "message": null, "data": null}
[LOOKUP] DB-OR-RKY-003 /home/fap/git/fap-vars/inspection_cases_bundle/api_data/os/dbms/oracle/rocky/db_1_3_fs_db_sys_log_chk.md
[POST] DB-OR-RKY-003 /home/fap/git/fap-vars/inspection_cases_bundle/api_data/os/dbms/oracle/rocky/db_1_3_fs_db_sys_log_chk.md execute=True
[RESULT] DB-OR-RKY-003: {"status": "success", "message": null, "data": null}
[LOOKUP] DB-OR-RKY-004 /home/fap/git/fap-vars/inspection_cases_bundle/api_data/os/dbms/oracle/rocky/db_2_3_ps_db_sys_status_chk.md
[POST] DB-OR-RKY-004 /home/fap/git/fap-vars/inspection_cases_bundle/api_data/os/dbms/oracle/rocky/db_2_3_ps_db_sys_status_chk.md execute=True
[RESULT] DB-OR-RKY-004: {"status": "success", "message": null, "data": null}
[LOOKUP] DB-OR-RKY-005 /home/fap/git/fap-vars/inspection_cases_bundle/api_data/os/dbms/oracle/rocky/db_3_1_os_mem_chk.md
[POST] DB-OR-RKY-005 /home/fap/git/fap-vars/inspection_cases_bundle/api_data/os/dbms/oracle/rocky/db_3_1_os_mem_chk.md execute=True
[RESULT] DB-OR-RKY-005: {"status": "success", "message": null, "data": null}
[LOOKUP] DB-OR-RKY-006 /home/fap/git/fap-vars/inspection_cases_bundle/api_data/os/dbms/oracle/rocky/db_3_2_os_cpu_chk.md
[POST] DB-OR-RKY-006 /home/fap/git/fap-vars/inspection_cases_bundle/api_data/os/dbms/oracle/rocky/db_3_2_os_cpu_chk.md execute=True
[RESULT] DB-OR-RKY-006: {"status": "success", "message": null, "data": null}
[LOOKUP] DB-OR-RKY-007 /home/fap/git/fap-vars/inspection_cases_bundle/api_data/os/dbms/oracle/rocky/db_4_1_log_db_chk.md
[POST] DB-OR-RKY-007 /home/fap/git/fap-vars/inspection_cases_bundle/api_data/os/dbms/oracle/rocky/db_4_1_log_db_chk.md execute=True
[RESULT] DB-OR-RKY-007: {"status": "success", "message": null, "data": null}
[LOOKUP] DB-OR-RKY-008 /home/fap/git/fap-vars/inspection_cases_bundle/api_data/os/dbms/oracle/rocky/db_4_2_log_lsnr_chk.md
[POST] DB-OR-RKY-008 /home/fap/git/fap-vars/inspection_cases_bundle/api_data/os/dbms/oracle/rocky/db_4_2_log_lsnr_chk.md execute=True
[RESULT] DB-OR-RKY-008: {"status": "success", "message": null, "data": null}
[LOOKUP] DB-OR-RKY-009 /home/fap/git/fap-vars/inspection_cases_bundle/api_data/os/dbms/oracle/rocky/db_4_3_log_dump_chk.md
[POST] DB-OR-RKY-009 /home/fap/git/fap-vars/inspection_cases_bundle/api_data/os/dbms/oracle/rocky/db_4_3_log_dump_chk.md execute=True
[RESULT] DB-OR-RKY-009: {"status": "success", "message": null, "data": null}
[LOOKUP] DB-OR-RKY-010 /home/fap/git/fap-vars/inspection_cases_bundle/api_data/os/dbms/oracle/rocky/db_4_4_log_engine_chk.md
[POST] DB-OR-RKY-010 /home/fap/git/fap-vars/inspection_cases_bundle/api_data/os/dbms/oracle/rocky/db_4_4_log_engine_chk.md execute=True
[RESULT] DB-OR-RKY-010: {"status": "success", "message": null, "data": null}
[LOOKUP] DB-OR-RKY-011 /home/fap/git/fap-vars/inspection_cases_bundle/api_data/os/dbms/oracle/rocky/db_5_1_param_ps_chk.md
[POST] DB-OR-RKY-011 /home/fap/git/fap-vars/inspection_cases_bundle/api_data/os/dbms/oracle/rocky/db_5_1_param_ps_chk.md execute=True
[RESULT] DB-OR-RKY-011: {"status": "success", "message": null, "data": null}
[LOOKUP] DB-OR-RKY-012 /home/fap/git/fap-vars/inspection_cases_bundle/api_data/os/dbms/oracle/rocky/db_7_1_table_space_chk.md
[POST] DB-OR-RKY-012 /home/fap/git/fap-vars/inspection_cases_bundle/api_data/os/dbms/oracle/rocky/db_7_1_table_space_chk.md execute=True
[RESULT] DB-OR-RKY-012: {"status": "success", "message": null, "data": null}
[LOOKUP] DB-OR-RKY-013 /home/fap/git/fap-vars/inspection_cases_bundle/api_data/os/dbms/oracle/rocky/db_8_1_backup_status_chk.md
[POST] DB-OR-RKY-013 /home/fap/git/fap-vars/inspection_cases_bundle/api_data/os/dbms/oracle/rocky/db_8_1_backup_status_chk.md execute=True
[RESULT] DB-OR-RKY-013: {"status": "success", "message": null, "data": null}
[LOOKUP] DB-OR-RKY-014 /home/fap/git/fap-vars/inspection_cases_bundle/api_data/os/dbms/oracle/rocky/db_9_1_transaction_log_chk.md
[POST] DB-OR-RKY-014 /home/fap/git/fap-vars/inspection_cases_bundle/api_data/os/dbms/oracle/rocky/db_9_1_transaction_log_chk.md execute=True
[RESULT] DB-OR-RKY-014: {"status": "success", "message": null, "data": null}
[LOOKUP] DB-OR-SOL-001 /home/fap/git/fap-vars/inspection_cases_bundle/api_data/os/dbms/oracle/solaris/db_1_1_fs_engine_chk.md
[POST] DB-OR-SOL-001 /home/fap/git/fap-vars/inspection_cases_bundle/api_data/os/dbms/oracle/solaris/db_1_1_fs_engine_chk.md execute=True
[RESULT] DB-OR-SOL-001: {"status": "success", "message": null, "data": null}
[LOOKUP] DB-OR-SOL-002 /home/fap/git/fap-vars/inspection_cases_bundle/api_data/os/dbms/oracle/solaris/db_1_2_fs_archive_log_chk.md
[POST] DB-OR-SOL-002 /home/fap/git/fap-vars/inspection_cases_bundle/api_data/os/dbms/oracle/solaris/db_1_2_fs_archive_log_chk.md execute=True
[RESULT] DB-OR-SOL-002: {"status": "success", "message": null, "data": null}
[LOOKUP] DB-OR-SOL-003 /home/fap/git/fap-vars/inspection_cases_bundle/api_data/os/dbms/oracle/solaris/db_1_3_fs_db_sys_log_chk.md
[POST] DB-OR-SOL-003 /home/fap/git/fap-vars/inspection_cases_bundle/api_data/os/dbms/oracle/solaris/db_1_3_fs_db_sys_log_chk.md execute=True
[RESULT] DB-OR-SOL-003: {"status": "success", "message": null, "data": null}
[LOOKUP] DB-OR-SOL-004 /home/fap/git/fap-vars/inspection_cases_bundle/api_data/os/dbms/oracle/solaris/db_2_1_ps_main_status_chk.md
[POST] DB-OR-SOL-004 /home/fap/git/fap-vars/inspection_cases_bundle/api_data/os/dbms/oracle/solaris/db_2_1_ps_main_status_chk.md execute=True
[RESULT] DB-OR-SOL-004: {"status": "success", "message": null, "data": null}
[LOOKUP] DB-OR-SOL-005 /home/fap/git/fap-vars/inspection_cases_bundle/api_data/os/dbms/oracle/solaris/db_2_2_ps_lsnr_status_chk.md
[POST] DB-OR-SOL-005 /home/fap/git/fap-vars/inspection_cases_bundle/api_data/os/dbms/oracle/solaris/db_2_2_ps_lsnr_status_chk.md execute=True
[RESULT] DB-OR-SOL-005: {"status": "success", "message": null, "data": null}
[LOOKUP] DB-OR-SOL-006 /home/fap/git/fap-vars/inspection_cases_bundle/api_data/os/dbms/oracle/solaris/db_2_3_ps_db_sys_status_chk.md
[POST] DB-OR-SOL-006 /home/fap/git/fap-vars/inspection_cases_bundle/api_data/os/dbms/oracle/solaris/db_2_3_ps_db_sys_status_chk.md execute=True
[RESULT] DB-OR-SOL-006: {"status": "success", "message": null, "data": null}
[LOOKUP] DB-OR-SOL-007 /home/fap/git/fap-vars/inspection_cases_bundle/api_data/os/dbms/oracle/solaris/db_3_1_os_mem_chk.md
[POST] DB-OR-SOL-007 /home/fap/git/fap-vars/inspection_cases_bundle/api_data/os/dbms/oracle/solaris/db_3_1_os_mem_chk.md execute=True
[RESULT] DB-OR-SOL-007: {"status": "success", "message": null, "data": null}
[LOOKUP] DB-OR-SOL-008 /home/fap/git/fap-vars/inspection_cases_bundle/api_data/os/dbms/oracle/solaris/db_3_2_os_cpu_chk.md
[POST] DB-OR-SOL-008 /home/fap/git/fap-vars/inspection_cases_bundle/api_data/os/dbms/oracle/solaris/db_3_2_os_cpu_chk.md execute=True
[RESULT] DB-OR-SOL-008: {"status": "success", "message": null, "data": null}
[LOOKUP] DB-OR-SOL-009 /home/fap/git/fap-vars/inspection_cases_bundle/api_data/os/dbms/oracle/solaris/db_4_1_log_db_chk.md
[POST] DB-OR-SOL-009 /home/fap/git/fap-vars/inspection_cases_bundle/api_data/os/dbms/oracle/solaris/db_4_1_log_db_chk.md execute=True
[RESULT] DB-OR-SOL-009: {"status": "success", "message": null, "data": null}
[LOOKUP] DB-OR-SOL-010 /home/fap/git/fap-vars/inspection_cases_bundle/api_data/os/dbms/oracle/solaris/db_4_2_log_lsnr_chk.md
[POST] DB-OR-SOL-010 /home/fap/git/fap-vars/inspection_cases_bundle/api_data/os/dbms/oracle/solaris/db_4_2_log_lsnr_chk.md execute=True
[RESULT] DB-OR-SOL-010: {"status": "success", "message": null, "data": null}
[LOOKUP] DB-OR-SOL-011 /home/fap/git/fap-vars/inspection_cases_bundle/api_data/os/dbms/oracle/solaris/db_4_3_log_dump_chk.md
[POST] DB-OR-SOL-011 /home/fap/git/fap-vars/inspection_cases_bundle/api_data/os/dbms/oracle/solaris/db_4_3_log_dump_chk.md execute=True
[RESULT] DB-OR-SOL-011: {"status": "success", "message": null, "data": null}
[LOOKUP] DB-OR-SOL-012 /home/fap/git/fap-vars/inspection_cases_bundle/api_data/os/dbms/oracle/solaris/db_4_4_log_engine_chk.md
[POST] DB-OR-SOL-012 /home/fap/git/fap-vars/inspection_cases_bundle/api_data/os/dbms/oracle/solaris/db_4_4_log_engine_chk.md execute=True
[RESULT] DB-OR-SOL-012: {"status": "success", "message": null, "data": null}
[LOOKUP] DB-OR-SOL-013 /home/fap/git/fap-vars/inspection_cases_bundle/api_data/os/dbms/oracle/solaris/db_5_1_param_ps_chk.md
[POST] DB-OR-SOL-013 /home/fap/git/fap-vars/inspection_cases_bundle/api_data/os/dbms/oracle/solaris/db_5_1_param_ps_chk.md execute=True
[RESULT] DB-OR-SOL-013: {"status": "success", "message": null, "data": null}
[LOOKUP] DB-OR-SOL-014 /home/fap/git/fap-vars/inspection_cases_bundle/api_data/os/dbms/oracle/solaris/db_5_2_param_sga_chk.md
[POST] DB-OR-SOL-014 /home/fap/git/fap-vars/inspection_cases_bundle/api_data/os/dbms/oracle/solaris/db_5_2_param_sga_chk.md execute=True
[RESULT] DB-OR-SOL-014: {"status": "success", "message": null, "data": null}
[LOOKUP] DB-OR-SOL-015 /home/fap/git/fap-vars/inspection_cases_bundle/api_data/os/dbms/oracle/solaris/db_6_1_active_standby_chk.md
[POST] DB-OR-SOL-015 /home/fap/git/fap-vars/inspection_cases_bundle/api_data/os/dbms/oracle/solaris/db_6_1_active_standby_chk.md execute=True
[RESULT] DB-OR-SOL-015: {"status": "success", "message": null, "data": null}
[LOOKUP] DB-OR-SOL-016 /home/fap/git/fap-vars/inspection_cases_bundle/api_data/os/dbms/oracle/solaris/db_6_2_ctrl_file_chk.md
[POST] DB-OR-SOL-016 /home/fap/git/fap-vars/inspection_cases_bundle/api_data/os/dbms/oracle/solaris/db_6_2_ctrl_file_chk.md execute=True
[RESULT] DB-OR-SOL-016: {"status": "success", "message": null, "data": null}
[LOOKUP] DB-OR-SOL-017 /home/fap/git/fap-vars/inspection_cases_bundle/api_data/os/dbms/oracle/solaris/db_6_3_redo_file_chk.md
[POST] DB-OR-SOL-017 /home/fap/git/fap-vars/inspection_cases_bundle/api_data/os/dbms/oracle/solaris/db_6_3_redo_file_chk.md execute=True
[RESULT] DB-OR-SOL-017: {"status": "success", "message": null, "data": null}
[LOOKUP] DB-OR-SOL-018 /home/fap/git/fap-vars/inspection_cases_bundle/api_data/os/dbms/oracle/solaris/db_7_1_table_space_chk.md
[POST] DB-OR-SOL-018 /home/fap/git/fap-vars/inspection_cases_bundle/api_data/os/dbms/oracle/solaris/db_7_1_table_space_chk.md execute=True
[RESULT] DB-OR-SOL-018: {"status": "success", "message": null, "data": null}
[LOOKUP] DB-OR-SOL-019 /home/fap/git/fap-vars/inspection_cases_bundle/api_data/os/dbms/oracle/solaris/db_8_1_backup_status_chk.md
[POST] DB-OR-SOL-019 /home/fap/git/fap-vars/inspection_cases_bundle/api_data/os/dbms/oracle/solaris/db_8_1_backup_status_chk.md execute=True
[RESULT] DB-OR-SOL-019: {"status": "success", "message": null, "data": null}
[LOOKUP] DB-OR-SOL-020 /home/fap/git/fap-vars/inspection_cases_bundle/api_data/os/dbms/oracle/solaris/db_8_2_backup_archive_status_chk.md
[POST] DB-OR-SOL-020 /home/fap/git/fap-vars/inspection_cases_bundle/api_data/os/dbms/oracle/solaris/db_8_2_backup_archive_status_chk.md execute=True
[RESULT] DB-OR-SOL-020: {"status": "success", "message": null, "data": null}
[LOOKUP] DB-OR-SOL-021 /home/fap/git/fap-vars/inspection_cases_bundle/api_data/os/dbms/oracle/solaris/db_8_3_backup_config_chk.md
[POST] DB-OR-SOL-021 /home/fap/git/fap-vars/inspection_cases_bundle/api_data/os/dbms/oracle/solaris/db_8_3_backup_config_chk.md execute=True
[RESULT] DB-OR-SOL-021: {"status": "success", "message": null, "data": null}
[LOOKUP] DB-OR-SOL-022 /home/fap/git/fap-vars/inspection_cases_bundle/api_data/os/dbms/oracle/solaris/db_9_1_transaction_log_chk.md
[POST] DB-OR-SOL-022 /home/fap/git/fap-vars/inspection_cases_bundle/api_data/os/dbms/oracle/solaris/db_9_1_transaction_log_chk.md execute=True
[RESULT] DB-OR-SOL-022: {"status": "success", "message": null, "data": null}
[LOOKUP] NW-CIS-C2960X-001 /home/fap/git/fap-vars/inspection_cases_bundle/api_data/os/network/cisco_ios/c2960x/cisco_1_1_os_cpu_chk.md
[POST] NW-CIS-C2960X-001 /home/fap/git/fap-vars/inspection_cases_bundle/api_data/os/network/cisco_ios/c2960x/cisco_1_1_os_cpu_chk.md execute=True
[RESULT] NW-CIS-C2960X-001: {"status": "success", "message": null, "data": null}
[LOOKUP] NW-CIS-C2960X-002 /home/fap/git/fap-vars/inspection_cases_bundle/api_data/os/network/cisco_ios/c2960x/cisco_1_2_os_mem_chk.md
[POST] NW-CIS-C2960X-002 /home/fap/git/fap-vars/inspection_cases_bundle/api_data/os/network/cisco_ios/c2960x/cisco_1_2_os_mem_chk.md execute=True
[RESULT] NW-CIS-C2960X-002: {"status": "success", "message": null, "data": null}
[LOOKUP] NW-CIS-C2960X-003 /home/fap/git/fap-vars/inspection_cases_bundle/api_data/os/network/cisco_ios/c2960x/cisco_2_1_if_traffic_chk.md
[POST] NW-CIS-C2960X-003 /home/fap/git/fap-vars/inspection_cases_bundle/api_data/os/network/cisco_ios/c2960x/cisco_2_1_if_traffic_chk.md execute=True
[RESULT] NW-CIS-C2960X-003: {"status": "success", "message": null, "data": null}
[LOOKUP] NW-CIS-C2960X-004 /home/fap/git/fap-vars/inspection_cases_bundle/api_data/os/network/cisco_ios/c2960x/cisco_2_2_if_status_chk.md
[POST] NW-CIS-C2960X-004 /home/fap/git/fap-vars/inspection_cases_bundle/api_data/os/network/cisco_ios/c2960x/cisco_2_2_if_status_chk.md execute=True
[RESULT] NW-CIS-C2960X-004: {"status": "success", "message": null, "data": null}
[LOOKUP] NW-CIS-C2960X-005 /home/fap/git/fap-vars/inspection_cases_bundle/api_data/os/network/cisco_ios/c2960x/cisco_3_1_sys_log_chk.md
[POST] NW-CIS-C2960X-005 /home/fap/git/fap-vars/inspection_cases_bundle/api_data/os/network/cisco_ios/c2960x/cisco_3_1_sys_log_chk.md execute=True
[RESULT] NW-CIS-C2960X-005: {"status": "success", "message": null, "data": null}
[LOOKUP] NW-JUN-EX4300-001 /home/fap/git/fap-vars/inspection_cases_bundle/api_data/os/network/juniper_junos/ex4300/1_1_cpu.md
[POST] NW-JUN-EX4300-001 /home/fap/git/fap-vars/inspection_cases_bundle/api_data/os/network/juniper_junos/ex4300/1_1_cpu.md execute=True
[RESULT] NW-JUN-EX4300-001: {"status": "success", "message": null, "data": null}
[LOOKUP] NW-JUN-EX4300-002 /home/fap/git/fap-vars/inspection_cases_bundle/api_data/os/network/juniper_junos/ex4300/1_2_memory.md
[POST] NW-JUN-EX4300-002 /home/fap/git/fap-vars/inspection_cases_bundle/api_data/os/network/juniper_junos/ex4300/1_2_memory.md execute=True
[RESULT] NW-JUN-EX4300-002: {"status": "success", "message": null, "data": null}
[LOOKUP] NW-JUN-EX4300-003 /home/fap/git/fap-vars/inspection_cases_bundle/api_data/os/network/juniper_junos/ex4300/1_3_interface.md
[POST] NW-JUN-EX4300-003 /home/fap/git/fap-vars/inspection_cases_bundle/api_data/os/network/juniper_junos/ex4300/1_3_interface.md execute=True
[RESULT] NW-JUN-EX4300-003: {"status": "success", "message": null, "data": null}
[LOOKUP] NW-JUN-EX4300-004 /home/fap/git/fap-vars/inspection_cases_bundle/api_data/os/network/juniper_junos/ex4300/2_1_inter_module.md
[POST] NW-JUN-EX4300-004 /home/fap/git/fap-vars/inspection_cases_bundle/api_data/os/network/juniper_junos/ex4300/2_1_inter_module.md execute=True
[RESULT] NW-JUN-EX4300-004: {"status": "success", "message": null, "data": null}
[LOOKUP] NW-JUN-EX4300-005 /home/fap/git/fap-vars/inspection_cases_bundle/api_data/os/network/juniper_junos/ex4300/2_2_vlan.md
[POST] NW-JUN-EX4300-005 /home/fap/git/fap-vars/inspection_cases_bundle/api_data/os/network/juniper_junos/ex4300/2_2_vlan.md execute=True
[RESULT] NW-JUN-EX4300-005: {"status": "success", "message": null, "data": null}
[LOOKUP] NW-JUN-EX4300-006 /home/fap/git/fap-vars/inspection_cases_bundle/api_data/os/network/juniper_junos/ex4300/3_1_lb.md
[POST] NW-JUN-EX4300-006 /home/fap/git/fap-vars/inspection_cases_bundle/api_data/os/network/juniper_junos/ex4300/3_1_lb.md execute=True
[RESULT] NW-JUN-EX4300-006: {"status": "success", "message": null, "data": null}
[LOOKUP] NW-JUN-EX4300-007 /home/fap/git/fap-vars/inspection_cases_bundle/api_data/os/network/juniper_junos/ex4300/3_2_mac.md
[POST] NW-JUN-EX4300-007 /home/fap/git/fap-vars/inspection_cases_bundle/api_data/os/network/juniper_junos/ex4300/3_2_mac.md execute=True
[RESULT] NW-JUN-EX4300-007: {"status": "success", "message": null, "data": null}
[LOOKUP] NW-JUN-EX4300-008 /home/fap/git/fap-vars/inspection_cases_bundle/api_data/os/network/juniper_junos/ex4300/3_3_route.md
[POST] NW-JUN-EX4300-008 /home/fap/git/fap-vars/inspection_cases_bundle/api_data/os/network/juniper_junos/ex4300/3_3_route.md execute=True
[RESULT] NW-JUN-EX4300-008: {"status": "success", "message": null, "data": null}
[LOOKUP] NW-JUN-EX4300-009 /home/fap/git/fap-vars/inspection_cases_bundle/api_data/os/network/juniper_junos/ex4300/3_4_stp.md
[POST] NW-JUN-EX4300-009 /home/fap/git/fap-vars/inspection_cases_bundle/api_data/os/network/juniper_junos/ex4300/3_4_stp.md execute=True
[RESULT] NW-JUN-EX4300-009: {"status": "success", "message": null, "data": null}
[LOOKUP] NW-JUN-EX4300-010 /home/fap/git/fap-vars/inspection_cases_bundle/api_data/os/network/juniper_junos/ex4300/3_5_vrrp.md
[POST] NW-JUN-EX4300-010 /home/fap/git/fap-vars/inspection_cases_bundle/api_data/os/network/juniper_junos/ex4300/3_5_vrrp.md execute=True
[RESULT] NW-JUN-EX4300-010: {"status": "success", "message": null, "data": null}
[LOOKUP] NW-JUN-EX4300-011 /home/fap/git/fap-vars/inspection_cases_bundle/api_data/os/network/juniper_junos/ex4300/3_6_ping.md
[POST] NW-JUN-EX4300-011 /home/fap/git/fap-vars/inspection_cases_bundle/api_data/os/network/juniper_junos/ex4300/3_6_ping.md execute=True
[RESULT] NW-JUN-EX4300-011: {"status": "success", "message": null, "data": null}
[LOOKUP] NW-JUN-EX4300-012 /home/fap/git/fap-vars/inspection_cases_bundle/api_data/os/network/juniper_junos/ex4300/4_1_syslog.md
[POST] NW-JUN-EX4300-012 /home/fap/git/fap-vars/inspection_cases_bundle/api_data/os/network/juniper_junos/ex4300/4_1_syslog.md execute=True
[RESULT] NW-JUN-EX4300-012: {"status": "success", "message": null, "data": null}
[LOOKUP] NW-JUN-EX4300-013 /home/fap/git/fap-vars/inspection_cases_bundle/api_data/os/network/juniper_junos/ex4300/5_1_etc.md
[POST] NW-JUN-EX4300-013 /home/fap/git/fap-vars/inspection_cases_bundle/api_data/os/network/juniper_junos/ex4300/5_1_etc.md execute=True
[RESULT] NW-JUN-EX4300-013: {"status": "success", "message": null, "data": null}
[LOOKUP] NW-NX-MDS9148-001 /home/fap/git/fap-vars/inspection_cases_bundle/api_data/os/network/nx_os/mds_c9148s/1_1_cpu.md
[POST] NW-NX-MDS9148-001 /home/fap/git/fap-vars/inspection_cases_bundle/api_data/os/network/nx_os/mds_c9148s/1_1_cpu.md execute=True
[RESULT] NW-NX-MDS9148-001: {"status": "success", "message": null, "data": null}
[LOOKUP] NW-NX-MDS9148-002 /home/fap/git/fap-vars/inspection_cases_bundle/api_data/os/network/nx_os/mds_c9148s/1_2_memory.md
[POST] NW-NX-MDS9148-002 /home/fap/git/fap-vars/inspection_cases_bundle/api_data/os/network/nx_os/mds_c9148s/1_2_memory.md execute=True
[RESULT] NW-NX-MDS9148-002: {"status": "success", "message": null, "data": null}
[LOOKUP] NW-NX-MDS9148-003 /home/fap/git/fap-vars/inspection_cases_bundle/api_data/os/network/nx_os/mds_c9148s/1_3_interface.md
[POST] NW-NX-MDS9148-003 /home/fap/git/fap-vars/inspection_cases_bundle/api_data/os/network/nx_os/mds_c9148s/1_3_interface.md execute=True
[RESULT] NW-NX-MDS9148-003: {"status": "success", "message": null, "data": null}
[LOOKUP] NW-NX-MDS9148-004 /home/fap/git/fap-vars/inspection_cases_bundle/api_data/os/network/nx_os/mds_c9148s/2_1_inter_module.md
[POST] NW-NX-MDS9148-004 /home/fap/git/fap-vars/inspection_cases_bundle/api_data/os/network/nx_os/mds_c9148s/2_1_inter_module.md execute=True
[RESULT] NW-NX-MDS9148-004: {"status": "success", "message": null, "data": null}
[LOOKUP] NW-NX-MDS9148-005 /home/fap/git/fap-vars/inspection_cases_bundle/api_data/os/network/nx_os/mds_c9148s/2_2_vlan.md
[POST] NW-NX-MDS9148-005 /home/fap/git/fap-vars/inspection_cases_bundle/api_data/os/network/nx_os/mds_c9148s/2_2_vlan.md execute=True
[RESULT] NW-NX-MDS9148-005: {"status": "success", "message": null, "data": null}
[LOOKUP] NW-NX-MDS9148-006 /home/fap/git/fap-vars/inspection_cases_bundle/api_data/os/network/nx_os/mds_c9148s/3_1_lb.md
[POST] NW-NX-MDS9148-006 /home/fap/git/fap-vars/inspection_cases_bundle/api_data/os/network/nx_os/mds_c9148s/3_1_lb.md execute=True
[RESULT] NW-NX-MDS9148-006: {"status": "success", "message": null, "data": null}
[LOOKUP] NW-NX-MDS9148-007 /home/fap/git/fap-vars/inspection_cases_bundle/api_data/os/network/nx_os/mds_c9148s/3_2_mac.md
[POST] NW-NX-MDS9148-007 /home/fap/git/fap-vars/inspection_cases_bundle/api_data/os/network/nx_os/mds_c9148s/3_2_mac.md execute=True
[RESULT] NW-NX-MDS9148-007: {"status": "success", "message": null, "data": null}
[LOOKUP] NW-NX-MDS9148-008 /home/fap/git/fap-vars/inspection_cases_bundle/api_data/os/network/nx_os/mds_c9148s/3_3_route.md
[POST] NW-NX-MDS9148-008 /home/fap/git/fap-vars/inspection_cases_bundle/api_data/os/network/nx_os/mds_c9148s/3_3_route.md execute=True
[RESULT] NW-NX-MDS9148-008: {"status": "success", "message": null, "data": null}
[LOOKUP] NW-NX-MDS9148-009 /home/fap/git/fap-vars/inspection_cases_bundle/api_data/os/network/nx_os/mds_c9148s/3_4_stp.md
[POST] NW-NX-MDS9148-009 /home/fap/git/fap-vars/inspection_cases_bundle/api_data/os/network/nx_os/mds_c9148s/3_4_stp.md execute=True
[RESULT] NW-NX-MDS9148-009: {"status": "success", "message": null, "data": null}
[LOOKUP] NW-NX-MDS9148-010 /home/fap/git/fap-vars/inspection_cases_bundle/api_data/os/network/nx_os/mds_c9148s/3_5_vrrp.md
[POST] NW-NX-MDS9148-010 /home/fap/git/fap-vars/inspection_cases_bundle/api_data/os/network/nx_os/mds_c9148s/3_5_vrrp.md execute=True
[RESULT] NW-NX-MDS9148-010: {"status": "success", "message": null, "data": null}
[LOOKUP] NW-NX-MDS9148-011 /home/fap/git/fap-vars/inspection_cases_bundle/api_data/os/network/nx_os/mds_c9148s/3_6_ping.md
[POST] NW-NX-MDS9148-011 /home/fap/git/fap-vars/inspection_cases_bundle/api_data/os/network/nx_os/mds_c9148s/3_6_ping.md execute=True
[RESULT] NW-NX-MDS9148-011: {"status": "success", "message": null, "data": null}
[LOOKUP] NW-NX-MDS9148-012 /home/fap/git/fap-vars/inspection_cases_bundle/api_data/os/network/nx_os/mds_c9148s/4_1_syslog.md
[POST] NW-NX-MDS9148-012 /home/fap/git/fap-vars/inspection_cases_bundle/api_data/os/network/nx_os/mds_c9148s/4_1_syslog.md execute=True
[RESULT] NW-NX-MDS9148-012: {"status": "success", "message": null, "data": null}
[LOOKUP] NW-NX-MDS9148-013 /home/fap/git/fap-vars/inspection_cases_bundle/api_data/os/network/nx_os/mds_c9148s/5_1_etc.md
[POST] NW-NX-MDS9148-013 /home/fap/git/fap-vars/inspection_cases_bundle/api_data/os/network/nx_os/mds_c9148s/5_1_etc.md execute=True
[RESULT] NW-NX-MDS9148-013: {"status": "success", "message": null, "data": null}
[LOOKUP] NW-PIO-K3200X-001 /home/fap/git/fap-vars/inspection_cases_bundle/api_data/os/network/piolink_pas/pas_k3200x/pio_1_1_cpu_usage_chk.md
[POST] NW-PIO-K3200X-001 /home/fap/git/fap-vars/inspection_cases_bundle/api_data/os/network/piolink_pas/pas_k3200x/pio_1_1_cpu_usage_chk.md execute=True
[RESULT] NW-PIO-K3200X-001: {"status": "success", "message": null, "data": null}
[LOOKUP] NW-PIO-K3200X-002 /home/fap/git/fap-vars/inspection_cases_bundle/api_data/os/network/piolink_pas/pas_k3200x/pio_1_2_mem_usage_chk.md
[POST] NW-PIO-K3200X-002 /home/fap/git/fap-vars/inspection_cases_bundle/api_data/os/network/piolink_pas/pas_k3200x/pio_1_2_mem_usage_chk.md execute=True
[RESULT] NW-PIO-K3200X-002: {"status": "success", "message": null, "data": null}
[LOOKUP] NW-PIO-K3200X-003 /home/fap/git/fap-vars/inspection_cases_bundle/api_data/os/network/piolink_pas/pas_k3200x/pio_1_3_interface_chk.md
[POST] NW-PIO-K3200X-003 /home/fap/git/fap-vars/inspection_cases_bundle/api_data/os/network/piolink_pas/pas_k3200x/pio_1_3_interface_chk.md execute=True
[RESULT] NW-PIO-K3200X-003: {"status": "success", "message": null, "data": null}
[LOOKUP] NW-PIO-K3200X-004 /home/fap/git/fap-vars/inspection_cases_bundle/api_data/os/network/piolink_pas/pas_k3200x/pio_2_1_hw_interface_chk.md
[POST] NW-PIO-K3200X-004 /home/fap/git/fap-vars/inspection_cases_bundle/api_data/os/network/piolink_pas/pas_k3200x/pio_2_1_hw_interface_chk.md execute=True
[RESULT] NW-PIO-K3200X-004: {"status": "success", "message": null, "data": null}
[LOOKUP] NW-PIO-K3200X-005 /home/fap/git/fap-vars/inspection_cases_bundle/api_data/os/network/piolink_pas/pas_k3200x/pio_2_2_hw_vlan_chk.md
[POST] NW-PIO-K3200X-005 /home/fap/git/fap-vars/inspection_cases_bundle/api_data/os/network/piolink_pas/pas_k3200x/pio_2_2_hw_vlan_chk.md execute=True
[RESULT] NW-PIO-K3200X-005: {"status": "success", "message": null, "data": null}
[LOOKUP] NW-PIO-K3200X-006 /home/fap/git/fap-vars/inspection_cases_bundle/api_data/os/network/piolink_pas/pas_k3200x/pio_3_1_svc_lb_chk.md
[POST] NW-PIO-K3200X-006 /home/fap/git/fap-vars/inspection_cases_bundle/api_data/os/network/piolink_pas/pas_k3200x/pio_3_1_svc_lb_chk.md execute=True
[RESULT] NW-PIO-K3200X-006: {"status": "success", "message": null, "data": null}
[LOOKUP] NW-PIO-K3200X-007 /home/fap/git/fap-vars/inspection_cases_bundle/api_data/os/network/piolink_pas/pas_k3200x/pio_3_2_svc_mac_chk.md
[POST] NW-PIO-K3200X-007 /home/fap/git/fap-vars/inspection_cases_bundle/api_data/os/network/piolink_pas/pas_k3200x/pio_3_2_svc_mac_chk.md execute=True
[RESULT] NW-PIO-K3200X-007: {"status": "success", "message": null, "data": null}
[LOOKUP] NW-PIO-K3200X-008 /home/fap/git/fap-vars/inspection_cases_bundle/api_data/os/network/piolink_pas/pas_k3200x/pio_3_3_svc_route_chk.md
[POST] NW-PIO-K3200X-008 /home/fap/git/fap-vars/inspection_cases_bundle/api_data/os/network/piolink_pas/pas_k3200x/pio_3_3_svc_route_chk.md execute=True
[RESULT] NW-PIO-K3200X-008: {"status": "success", "message": null, "data": null}
[LOOKUP] NW-PIO-K3200X-009 /home/fap/git/fap-vars/inspection_cases_bundle/api_data/os/network/piolink_pas/pas_k3200x/pio_3_4_svc_stp_chk.md
[POST] NW-PIO-K3200X-009 /home/fap/git/fap-vars/inspection_cases_bundle/api_data/os/network/piolink_pas/pas_k3200x/pio_3_4_svc_stp_chk.md execute=True
[RESULT] NW-PIO-K3200X-009: {"status": "success", "message": null, "data": null}
[LOOKUP] NW-PIO-K3200X-010 /home/fap/git/fap-vars/inspection_cases_bundle/api_data/os/network/piolink_pas/pas_k3200x/pio_3_5_svc_failover_chk.md
[POST] NW-PIO-K3200X-010 /home/fap/git/fap-vars/inspection_cases_bundle/api_data/os/network/piolink_pas/pas_k3200x/pio_3_5_svc_failover_chk.md execute=True
[RESULT] NW-PIO-K3200X-010: {"status": "success", "message": null, "data": null}
[LOOKUP] NW-PIO-K3200X-011 /home/fap/git/fap-vars/inspection_cases_bundle/api_data/os/network/piolink_pas/pas_k3200x/pio_3_6_svc_ping_chk.md
[POST] NW-PIO-K3200X-011 /home/fap/git/fap-vars/inspection_cases_bundle/api_data/os/network/piolink_pas/pas_k3200x/pio_3_6_svc_ping_chk.md execute=True
[RESULT] NW-PIO-K3200X-011: {"status": "success", "message": null, "data": null}
[LOOKUP] NW-PIO-K3200X-012 /home/fap/git/fap-vars/inspection_cases_bundle/api_data/os/network/piolink_pas/pas_k3200x/pio_4_1_log_chk.md
[POST] NW-PIO-K3200X-012 /home/fap/git/fap-vars/inspection_cases_bundle/api_data/os/network/piolink_pas/pas_k3200x/pio_4_1_log_chk.md execute=True
[RESULT] NW-PIO-K3200X-012: {"status": "success", "message": null, "data": null}
[LOOKUP] NW-PIO-K3200X-013 /home/fap/git/fap-vars/inspection_cases_bundle/api_data/os/network/piolink_pas/pas_k3200x/pio_5_1_env_chk.md
[POST] NW-PIO-K3200X-013 /home/fap/git/fap-vars/inspection_cases_bundle/api_data/os/network/piolink_pas/pas_k3200x/pio_5_1_env_chk.md execute=True
[RESULT] NW-PIO-K3200X-013: {"status": "success", "message": null, "data": null}
[LOOKUP] SV-LIN-RKY-001 /home/fap/git/fap-vars/inspection_cases_bundle/api_data/os/server/linux/rocky/rocky_cluster_daemon_crm_mon_check.md
[POST] SV-LIN-RKY-001 /home/fap/git/fap-vars/inspection_cases_bundle/api_data/os/server/linux/rocky/rocky_cluster_daemon_crm_mon_check.md execute=True
[RESULT] SV-LIN-RKY-001: {"status": "success", "message": null, "data": null}
[LOOKUP] SV-LIN-RKY-002 /home/fap/git/fap-vars/inspection_cases_bundle/api_data/os/server/linux/rocky/rocky_cluster_shared_volume_mount_check.md
[POST] SV-LIN-RKY-002 /home/fap/git/fap-vars/inspection_cases_bundle/api_data/os/server/linux/rocky/rocky_cluster_shared_volume_mount_check.md execute=True
[RESULT] SV-LIN-RKY-002: {"status": "success", "message": null, "data": null}
[SKIP] U-REPLAY-CPU-CORE-01 /home/fap/git/fap-vars/inspection_cases_bundle/api_data/os/server/linux/rocky/rocky_cpu_core_check.md 이미 등록됨 id=1 item_id=1 mapping_id=1
[SKIP] U-REPLAY-CPU-01 /home/fap/git/fap-vars/inspection_cases_bundle/api_data/os/server/linux/rocky/rocky_cpu_usage_procstat_check.md 이미 등록됨 id=2 item_id=2 mapping_id=2
[SKIP] U-REPLAY-INODE-01 /home/fap/git/fap-vars/inspection_cases_bundle/api_data/os/server/linux/rocky/rocky_disk_filesystem_inode_df_check.md 이미 등록됨 id=3 item_id=3 mapping_id=3
[SKIP] U-REPLAY-DF-EX-01 /home/fap/git/fap-vars/inspection_cases_bundle/api_data/os/server/linux/rocky/rocky_disk_filesystem_usage_df_check.md 이미 등록됨 id=4 item_id=4 mapping_id=4
[SKIP] U-REPLAY-DISK-IO-01 /home/fap/git/fap-vars/inspection_cases_bundle/api_data/os/server/linux/rocky/rocky_disk_io_diskstats_check.md 이미 등록됨 id=5 item_id=5 mapping_id=5
[SKIP] U-REPLAY-MDADM-01 /home/fap/git/fap-vars/inspection_cases_bundle/api_data/os/server/linux/rocky/rocky_disk_raid_mdadm_check.md 이미 등록됨 id=6 item_id=6 mapping_id=6
[LOOKUP] U-REPLAY-LSBLK-01 /home/fap/git/fap-vars/inspection_cases_bundle/api_data/os/server/linux/rocky/rocky_disk_recognition_lsblk_check.md
[POST] U-REPLAY-LSBLK-01 /home/fap/git/fap-vars/inspection_cases_bundle/api_data/os/server/linux/rocky/rocky_disk_recognition_lsblk_check.md execute=True
[RESULT] U-REPLAY-LSBLK-01: {"status": "success", "message": null, "data": null}
[SKIP] U-REPLAY-SWAP-01 /home/fap/git/fap-vars/inspection_cases_bundle/api_data/os/server/linux/rocky/rocky_disk_swap_swapon_check.md 이미 등록됨 id=8 item_id=8 mapping_id=8
[SKIP] U-REPLAY-SYSCTL-01 /home/fap/git/fap-vars/inspection_cases_bundle/api_data/os/server/linux/rocky/rocky_kernel_parameter_sysctl_check.md 이미 등록됨 id=9 item_id=9 mapping_id=9
[LOOKUP] SV-LIN-RKY-003 /home/fap/git/fap-vars/inspection_cases_bundle/api_data/os/server/linux/rocky/rocky_log_cluster_dmesg_check.md
[POST] SV-LIN-RKY-003 /home/fap/git/fap-vars/inspection_cases_bundle/api_data/os/server/linux/rocky/rocky_log_cluster_dmesg_check.md execute=True
[RESULT] SV-LIN-RKY-003: {"status": "success", "message": null, "data": null}
[LOOKUP] SV-LIN-RKY-004 /home/fap/git/fap-vars/inspection_cases_bundle/api_data/os/server/linux/rocky/rocky_log_cpu_dmesg_check.md
[POST] SV-LIN-RKY-004 /home/fap/git/fap-vars/inspection_cases_bundle/api_data/os/server/linux/rocky/rocky_log_cpu_dmesg_check.md execute=True
[RESULT] SV-LIN-RKY-004: {"status": "success", "message": null, "data": null}
[LOOKUP] SV-LIN-RKY-005 /home/fap/git/fap-vars/inspection_cases_bundle/api_data/os/server/linux/rocky/rocky_log_fan_dmesg_check.md
[POST] SV-LIN-RKY-005 /home/fap/git/fap-vars/inspection_cases_bundle/api_data/os/server/linux/rocky/rocky_log_fan_dmesg_check.md execute=True
[RESULT] SV-LIN-RKY-005: {"status": "success", "message": null, "data": null}
[SKIP] U-REPLAY-DMESG-IO-01 /home/fap/git/fap-vars/inspection_cases_bundle/api_data/os/server/linux/rocky/rocky_log_hba_dmesg_check.md 이미 등록됨 id=10 item_id=10 mapping_id=10
[SKIP] U-REPLAY-DMESG-IO-02 /home/fap/git/fap-vars/inspection_cases_bundle/api_data/os/server/linux/rocky/rocky_log_io_dmesg_check.md 이미 등록됨 id=11 item_id=11 mapping_id=11
[LOOKUP] SV-LIN-RKY-006 /home/fap/git/fap-vars/inspection_cases_bundle/api_data/os/server/linux/rocky/rocky_log_kernel_dmesg_check.md
[POST] SV-LIN-RKY-006 /home/fap/git/fap-vars/inspection_cases_bundle/api_data/os/server/linux/rocky/rocky_log_kernel_dmesg_check.md execute=True
[RESULT] SV-LIN-RKY-006: {"status": "success", "message": null, "data": null}
[LOOKUP] SV-LIN-RKY-007 /home/fap/git/fap-vars/inspection_cases_bundle/api_data/os/server/linux/rocky/rocky_log_memory_dmesg_check.md
[POST] SV-LIN-RKY-007 /home/fap/git/fap-vars/inspection_cases_bundle/api_data/os/server/linux/rocky/rocky_log_memory_dmesg_check.md execute=True
[RESULT] SV-LIN-RKY-007: {"status": "success", "message": null, "data": null}
[LOOKUP] SV-LIN-RKY-008 /home/fap/git/fap-vars/inspection_cases_bundle/api_data/os/server/linux/rocky/rocky_log_nic_dmesg_check.md
[POST] SV-LIN-RKY-008 /home/fap/git/fap-vars/inspection_cases_bundle/api_data/os/server/linux/rocky/rocky_log_nic_dmesg_check.md execute=True
[RESULT] SV-LIN-RKY-008: {"status": "success", "message": null, "data": null}
[LOOKUP] SV-LIN-RKY-009 /home/fap/git/fap-vars/inspection_cases_bundle/api_data/os/server/linux/rocky/rocky_log_power_dmesg_check.md
[POST] SV-LIN-RKY-009 /home/fap/git/fap-vars/inspection_cases_bundle/api_data/os/server/linux/rocky/rocky_log_power_dmesg_check.md execute=True
[RESULT] SV-LIN-RKY-009: {"status": "success", "message": null, "data": null}
[SKIP] U-REPLAY-DMESG-01 /home/fap/git/fap-vars/inspection_cases_bundle/api_data/os/server/linux/rocky/rocky_log_system_dmesg_check.md 이미 등록됨 id=12 item_id=12 mapping_id=12
[SKIP] U-REPLAY-MEM-01 /home/fap/git/fap-vars/inspection_cases_bundle/api_data/os/server/linux/rocky/rocky_memory_recognition_dmidecode_check.md 이미 등록됨 id=13 item_id=13 mapping_id=13
[LOOKUP] SV-LIN-RKY-010 /home/fap/git/fap-vars/inspection_cases_bundle/api_data/os/server/linux/rocky/rocky_memory_swap_swapon_check.md
[POST] SV-LIN-RKY-010 /home/fap/git/fap-vars/inspection_cases_bundle/api_data/os/server/linux/rocky/rocky_memory_swap_swapon_check.md execute=True
[RESULT] SV-LIN-RKY-010: {"status": "success", "message": null, "data": null}
[SKIP] U-REPLAY-FREE-01 /home/fap/git/fap-vars/inspection_cases_bundle/api_data/os/server/linux/rocky/rocky_memory_usage_free_check.md 이미 등록됨 id=14 item_id=14 mapping_id=14
[SKIP] U-REPLAY-IP-LINK-01 /home/fap/git/fap-vars/inspection_cases_bundle/api_data/os/server/linux/rocky/rocky_network_link_status_ip_link_check.md 이미 등록됨 id=15 item_id=15 mapping_id=15
[LOOKUP] SV-LIN-RKY-011 /home/fap/git/fap-vars/inspection_cases_bundle/api_data/os/server/linux/rocky/rocky_network_nic_redundancy_bonding_check.md
[POST] SV-LIN-RKY-011 /home/fap/git/fap-vars/inspection_cases_bundle/api_data/os/server/linux/rocky/rocky_network_nic_redundancy_bonding_check.md execute=True
[RESULT] SV-LIN-RKY-011: {"status": "success", "message": null, "data": null}
[SKIP] U-REPLAY-PING-01 /home/fap/git/fap-vars/inspection_cases_bundle/api_data/os/server/linux/rocky/rocky_network_ping_loss_check.md 이미 등록됨 id=16 item_id=16 mapping_id=16
[SKIP] U-REPLAY-HBA-CONN-01 /home/fap/git/fap-vars/inspection_cases_bundle/api_data/os/server/linux/rocky/rocky_os_hba_connection_systool_check.md 이미 등록됨 id=17 item_id=17 mapping_id=17
[LOOKUP] SV-LIN-RKY-012 /home/fap/git/fap-vars/inspection_cases_bundle/api_data/os/server/linux/rocky/rocky_os_path_redundancy_multipath_check.md
[POST] SV-LIN-RKY-012 /home/fap/git/fap-vars/inspection_cases_bundle/api_data/os/server/linux/rocky/rocky_os_path_redundancy_multipath_check.md execute=True
[RESULT] SV-LIN-RKY-012: {"status": "success", "message": null, "data": null}
[SKIP] HPUX-REPLAY-02 /home/fap/git/fap-vars/inspection_cases_bundle/api_data/os/server/unix/hpux/hpux_cluster_daemon_cmviewcl_check.md 이미 등록됨 id=18 item_id=18 mapping_id=18
[SKIP] HPUX-REPLAY-03 /home/fap/git/fap-vars/inspection_cases_bundle/api_data/os/server/unix/hpux/hpux_cluster_shared_volume_mount_check.md 이미 등록됨 id=19 item_id=19 mapping_id=19
[SKIP] HPUX-REPLAY-04 /home/fap/git/fap-vars/inspection_cases_bundle/api_data/os/server/unix/hpux/hpux_cpu_core_ioscan_check.md 이미 등록됨 id=20 item_id=20 mapping_id=20
[SKIP] HPUX-REPLAY-CPU-01 /home/fap/git/fap-vars/inspection_cases_bundle/api_data/os/server/unix/hpux/hpux_cpu_usage_sar_check.md 이미 등록됨 id=21 item_id=21 mapping_id=21
[SKIP] HPUX-REPLAY-05 /home/fap/git/fap-vars/inspection_cases_bundle/api_data/os/server/unix/hpux/hpux_disk_filesystem_inode_bdf_check.md 이미 등록됨 id=22 item_id=22 mapping_id=22
[SKIP] HPUX-REPLAY-06 /home/fap/git/fap-vars/inspection_cases_bundle/api_data/os/server/unix/hpux/hpux_disk_filesystem_usage_bdf_check.md 이미 등록됨 id=23 item_id=23 mapping_id=23
[SKIP] HPUX-REPLAY-07 /home/fap/git/fap-vars/inspection_cases_bundle/api_data/os/server/unix/hpux/hpux_disk_io_sar_check.md 이미 등록됨 id=24 item_id=24 mapping_id=24
[SKIP] HPUX-REPLAY-08 /home/fap/git/fap-vars/inspection_cases_bundle/api_data/os/server/unix/hpux/hpux_disk_raid_vgdisplay_check.md 이미 등록됨 id=25 item_id=25 mapping_id=25
[SKIP] HPUX-REPLAY-09 /home/fap/git/fap-vars/inspection_cases_bundle/api_data/os/server/unix/hpux/hpux_disk_recognition_ioscan_check.md 이미 등록됨 id=26 item_id=26 mapping_id=26
[SKIP] HPUX-REPLAY-10 /home/fap/git/fap-vars/inspection_cases_bundle/api_data/os/server/unix/hpux/hpux_disk_swap_swapinfo_check.md 이미 등록됨 id=27 item_id=27 mapping_id=27
[SKIP] HPUX-REPLAY-11 /home/fap/git/fap-vars/inspection_cases_bundle/api_data/os/server/unix/hpux/hpux_kernel_parameter_kctune_check.md 이미 등록됨 id=28 item_id=28 mapping_id=28
[SKIP] HPUX-REPLAY-12 /home/fap/git/fap-vars/inspection_cases_bundle/api_data/os/server/unix/hpux/hpux_log_cluster_serviceguard_check.md 이미 등록됨 id=29 item_id=29 mapping_id=29
[SKIP] HPUX-REPLAY-13 /home/fap/git/fap-vars/inspection_cases_bundle/api_data/os/server/unix/hpux/hpux_log_cpu_dmesg_check.md 이미 등록됨 id=30 item_id=30 mapping_id=30
[SKIP] HPUX-REPLAY-14 /home/fap/git/fap-vars/inspection_cases_bundle/api_data/os/server/unix/hpux/hpux_log_fan_dmesg_check.md 이미 등록됨 id=31 item_id=31 mapping_id=31
[SKIP] HPUX-REPLAY-15 /home/fap/git/fap-vars/inspection_cases_bundle/api_data/os/server/unix/hpux/hpux_log_hba_dmesg_check.md 이미 등록됨 id=32 item_id=32 mapping_id=32
[SKIP] HPUX-REPLAY-16 /home/fap/git/fap-vars/inspection_cases_bundle/api_data/os/server/unix/hpux/hpux_log_io_dmesg_check.md 이미 등록됨 id=33 item_id=33 mapping_id=33
[SKIP] HPUX-REPLAY-17 /home/fap/git/fap-vars/inspection_cases_bundle/api_data/os/server/unix/hpux/hpux_log_kernel_dmesg_check.md 이미 등록됨 id=34 item_id=34 mapping_id=34
[SKIP] HPUX-REPLAY-18 /home/fap/git/fap-vars/inspection_cases_bundle/api_data/os/server/unix/hpux/hpux_log_memory_dmesg_check.md 이미 등록됨 id=35 item_id=35 mapping_id=35
[SKIP] HPUX-REPLAY-19 /home/fap/git/fap-vars/inspection_cases_bundle/api_data/os/server/unix/hpux/hpux_log_nic_dmesg_check.md 이미 등록됨 id=36 item_id=36 mapping_id=36
[SKIP] HPUX-REPLAY-20 /home/fap/git/fap-vars/inspection_cases_bundle/api_data/os/server/unix/hpux/hpux_log_power_dmesg_check.md 이미 등록됨 id=37 item_id=37 mapping_id=37
[SKIP] HPUX-REPLAY-21 /home/fap/git/fap-vars/inspection_cases_bundle/api_data/os/server/unix/hpux/hpux_log_system_dmesg_check.md 이미 등록됨 id=38 item_id=38 mapping_id=38
[SKIP] HPUX-REPLAY-22 /home/fap/git/fap-vars/inspection_cases_bundle/api_data/os/server/unix/hpux/hpux_memory_recognition_machinfo_check.md 이미 등록됨 id=39 item_id=39 mapping_id=39
[SKIP] HPUX-REPLAY-23 /home/fap/git/fap-vars/inspection_cases_bundle/api_data/os/server/unix/hpux/hpux_memory_swap_swapinfo_check.md 이미 등록됨 id=40 item_id=40 mapping_id=40
[SKIP] HPUX-REPLAY-24 /home/fap/git/fap-vars/inspection_cases_bundle/api_data/os/server/unix/hpux/hpux_memory_usage_swapinfo_check.md 이미 등록됨 id=41 item_id=41 mapping_id=41
[SKIP] HPUX-REPLAY-25 /home/fap/git/fap-vars/inspection_cases_bundle/api_data/os/server/unix/hpux/hpux_network_link_status_lanscan_check.md 이미 등록됨 id=42 item_id=42 mapping_id=42
[SKIP] HPUX-REPLAY-26 /home/fap/git/fap-vars/inspection_cases_bundle/api_data/os/server/unix/hpux/hpux_network_nic_redundancy_hpapa_check.md 이미 등록됨 id=43 item_id=43 mapping_id=43
[SKIP] HPUX-REPLAY-27 /home/fap/git/fap-vars/inspection_cases_bundle/api_data/os/server/unix/hpux/hpux_network_ping_loss_check.md 이미 등록됨 id=44 item_id=44 mapping_id=44
[SKIP] HPUX-REPLAY-28 /home/fap/git/fap-vars/inspection_cases_bundle/api_data/os/server/unix/hpux/hpux_os_hba_connection_ioscan_check.md 이미 등록됨 id=45 item_id=45 mapping_id=45
[SKIP] HPUX-REPLAY-29 /home/fap/git/fap-vars/inspection_cases_bundle/api_data/os/server/unix/hpux/hpux_os_path_redundancy_scsimgr_check.md 이미 등록됨 id=46 item_id=46 mapping_id=46
[LOOKUP] SV-SOL-001 /home/fap/git/fap-vars/inspection_cases_bundle/api_data/os/server/unix/solaris/solaris_cluster_daemon_scstat_check.md
[POST] SV-SOL-001 /home/fap/git/fap-vars/inspection_cases_bundle/api_data/os/server/unix/solaris/solaris_cluster_daemon_scstat_check.md execute=True
[RESULT] SV-SOL-001: {"status": "success", "message": null, "data": null}
[LOOKUP] SV-SOL-002 /home/fap/git/fap-vars/inspection_cases_bundle/api_data/os/server/unix/solaris/solaris_cluster_shared_volume_mount_check.md
[POST] SV-SOL-002 /home/fap/git/fap-vars/inspection_cases_bundle/api_data/os/server/unix/solaris/solaris_cluster_shared_volume_mount_check.md execute=True
[RESULT] SV-SOL-002: {"status": "success", "message": null, "data": null}
[SKIP] SOL-REPLAY-CPU-02 /home/fap/git/fap-vars/inspection_cases_bundle/api_data/os/server/unix/solaris/solaris_cpu_core_psrinfo_check.md 이미 등록됨 id=49 item_id=49 mapping_id=49
[LOOKUP] SOL-REPLAY-CPU-01 /home/fap/git/fap-vars/inspection_cases_bundle/api_data/os/server/unix/solaris/solaris_cpu_usage_prstat_check.md
[POST] SOL-REPLAY-CPU-01 /home/fap/git/fap-vars/inspection_cases_bundle/api_data/os/server/unix/solaris/solaris_cpu_usage_prstat_check.md execute=True
[RESULT] SOL-REPLAY-CPU-01: {"status": "success", "message": null, "data": null}
[LOOKUP] SOL-REPLAY-DISK-01 /home/fap/git/fap-vars/inspection_cases_bundle/api_data/os/server/unix/solaris/solaris_disk_filesystem_usage_df_check.md
[POST] SOL-REPLAY-DISK-01 /home/fap/git/fap-vars/inspection_cases_bundle/api_data/os/server/unix/solaris/solaris_disk_filesystem_usage_df_check.md execute=True
[RESULT] SOL-REPLAY-DISK-01: {"status": "success", "message": null, "data": null}
[LOOKUP] SOL-REPLAY-DISK-06 /home/fap/git/fap-vars/inspection_cases_bundle/api_data/os/server/unix/solaris/solaris_disk_inode_df_check.md
[POST] SOL-REPLAY-DISK-06 /home/fap/git/fap-vars/inspection_cases_bundle/api_data/os/server/unix/solaris/solaris_disk_inode_df_check.md execute=True
[RESULT] SOL-REPLAY-DISK-06: {"status": "success", "message": null, "data": null}
[LOOKUP] SOL-REPLAY-DISK-05 /home/fap/git/fap-vars/inspection_cases_bundle/api_data/os/server/unix/solaris/solaris_disk_io_iostat_check.md
[POST] SOL-REPLAY-DISK-05 /home/fap/git/fap-vars/inspection_cases_bundle/api_data/os/server/unix/solaris/solaris_disk_io_iostat_check.md execute=True
[RESULT] SOL-REPLAY-DISK-05: {"status": "success", "message": null, "data": null}
[LOOKUP] SOL-REPLAY-DISK-04 /home/fap/git/fap-vars/inspection_cases_bundle/api_data/os/server/unix/solaris/solaris_disk_recognition_format_check.md
[POST] SOL-REPLAY-DISK-04 /home/fap/git/fap-vars/inspection_cases_bundle/api_data/os/server/unix/solaris/solaris_disk_recognition_format_check.md execute=True
[RESULT] SOL-REPLAY-DISK-04: {"status": "success", "message": null, "data": null}
[LOOKUP] SOL-REPLAY-DISK-03 /home/fap/git/fap-vars/inspection_cases_bundle/api_data/os/server/unix/solaris/solaris_disk_redundancy_metastat_check.md
[POST] SOL-REPLAY-DISK-03 /home/fap/git/fap-vars/inspection_cases_bundle/api_data/os/server/unix/solaris/solaris_disk_redundancy_metastat_check.md execute=True
[RESULT] SOL-REPLAY-DISK-03: {"status": "success", "message": null, "data": null}
[LOOKUP] SOL-REPLAY-DISK-02 /home/fap/git/fap-vars/inspection_cases_bundle/api_data/os/server/unix/solaris/solaris_disk_swap_swap_check.md
[POST] SOL-REPLAY-DISK-02 /home/fap/git/fap-vars/inspection_cases_bundle/api_data/os/server/unix/solaris/solaris_disk_swap_swap_check.md execute=True
[RESULT] SOL-REPLAY-DISK-02: {"status": "success", "message": null, "data": null}
[LOOKUP] SOL-REPLAY-KERNAL-01 /home/fap/git/fap-vars/inspection_cases_bundle/api_data/os/server/unix/solaris/solaris_kernal_parameter_sysdef_check.md
[POST] SOL-REPLAY-KERNAL-01 /home/fap/git/fap-vars/inspection_cases_bundle/api_data/os/server/unix/solaris/solaris_kernal_parameter_sysdef_check.md execute=True
[RESULT] SOL-REPLAY-KERNAL-01: {"status": "success", "message": null, "data": null}
[LOOKUP] SV-SOL-003 /home/fap/git/fap-vars/inspection_cases_bundle/api_data/os/server/unix/solaris/solaris_log_cluster_clog_check.md
[POST] SV-SOL-003 /home/fap/git/fap-vars/inspection_cases_bundle/api_data/os/server/unix/solaris/solaris_log_cluster_clog_check.md execute=True
[RESULT] SV-SOL-003: {"status": "success", "message": null, "data": null}
[LOOKUP] SOL-REPLAY-LOG-03 /home/fap/git/fap-vars/inspection_cases_bundle/api_data/os/server/unix/solaris/solaris_log_cpu_dmesg_check.md
[POST] SOL-REPLAY-LOG-03 /home/fap/git/fap-vars/inspection_cases_bundle/api_data/os/server/unix/solaris/solaris_log_cpu_dmesg_check.md execute=True
[RESULT] SOL-REPLAY-LOG-03: {"status": "success", "message": null, "data": null}
[LOOKUP] SOL-REPLAY-LOG-05 /home/fap/git/fap-vars/inspection_cases_bundle/api_data/os/server/unix/solaris/solaris_log_fan_dmesg_check.md
[POST] SOL-REPLAY-LOG-05 /home/fap/git/fap-vars/inspection_cases_bundle/api_data/os/server/unix/solaris/solaris_log_fan_dmesg_check.md execute=True
[RESULT] SOL-REPLAY-LOG-05: {"status": "success", "message": null, "data": null}
[LOOKUP] SOL-REPLAY-LOG-07 /home/fap/git/fap-vars/inspection_cases_bundle/api_data/os/server/unix/solaris/solaris_log_hba_dmesg_check.md
[POST] SOL-REPLAY-LOG-07 /home/fap/git/fap-vars/inspection_cases_bundle/api_data/os/server/unix/solaris/solaris_log_hba_dmesg_check.md execute=True
[RESULT] SOL-REPLAY-LOG-07: {"status": "success", "message": null, "data": null}
[LOOKUP] SOL-REPLAY-LOG-09 /home/fap/git/fap-vars/inspection_cases_bundle/api_data/os/server/unix/solaris/solaris_log_io_dmesg_check.md
[POST] SOL-REPLAY-LOG-09 /home/fap/git/fap-vars/inspection_cases_bundle/api_data/os/server/unix/solaris/solaris_log_io_dmesg_check.md execute=True
[RESULT] SOL-REPLAY-LOG-09: {"status": "success", "message": null, "data": null}
[LOOKUP] SOL-REPLAY-LOG-02 /home/fap/git/fap-vars/inspection_cases_bundle/api_data/os/server/unix/solaris/solaris_log_kernel_dmesg_check.md
[POST] SOL-REPLAY-LOG-02 /home/fap/git/fap-vars/inspection_cases_bundle/api_data/os/server/unix/solaris/solaris_log_kernel_dmesg_check.md execute=True
[RESULT] SOL-REPLAY-LOG-02: {"status": "success", "message": null, "data": null}
[LOOKUP] SOL-REPLAY-LOG-04 /home/fap/git/fap-vars/inspection_cases_bundle/api_data/os/server/unix/solaris/solaris_log_memory_dmesg_check.md
[POST] SOL-REPLAY-LOG-04 /home/fap/git/fap-vars/inspection_cases_bundle/api_data/os/server/unix/solaris/solaris_log_memory_dmesg_check.md execute=True
[RESULT] SOL-REPLAY-LOG-04: {"status": "success", "message": null, "data": null}
[LOOKUP] SOL-REPLAY-LOG-08 /home/fap/git/fap-vars/inspection_cases_bundle/api_data/os/server/unix/solaris/solaris_log_nic_dmesg_check.md
[POST] SOL-REPLAY-LOG-08 /home/fap/git/fap-vars/inspection_cases_bundle/api_data/os/server/unix/solaris/solaris_log_nic_dmesg_check.md execute=True
[RESULT] SOL-REPLAY-LOG-08: {"status": "success", "message": null, "data": null}
[LOOKUP] SOL-REPLAY-LOG-06 /home/fap/git/fap-vars/inspection_cases_bundle/api_data/os/server/unix/solaris/solaris_log_power_dmesg_check.md
[POST] SOL-REPLAY-LOG-06 /home/fap/git/fap-vars/inspection_cases_bundle/api_data/os/server/unix/solaris/solaris_log_power_dmesg_check.md execute=True
[RESULT] SOL-REPLAY-LOG-06: {"status": "success", "message": null, "data": null}
[LOOKUP] SOL-REPLAY-LOG-01 /home/fap/git/fap-vars/inspection_cases_bundle/api_data/os/server/unix/solaris/solaris_log_system_dmesg_check.md
[POST] SOL-REPLAY-LOG-01 /home/fap/git/fap-vars/inspection_cases_bundle/api_data/os/server/unix/solaris/solaris_log_system_dmesg_check.md execute=True
[RESULT] SOL-REPLAY-LOG-01: {"status": "success", "message": null, "data": null}
[LOOKUP] SOL-REPLAY-MEM-03 /home/fap/git/fap-vars/inspection_cases_bundle/api_data/os/server/unix/solaris/solaris_memory_paging_space_swap_check.md
[POST] SOL-REPLAY-MEM-03 /home/fap/git/fap-vars/inspection_cases_bundle/api_data/os/server/unix/solaris/solaris_memory_paging_space_swap_check.md execute=True
[RESULT] SOL-REPLAY-MEM-03: {"status": "success", "message": null, "data": null}
[LOOKUP] SOL-REPLAY-MEM-02 /home/fap/git/fap-vars/inspection_cases_bundle/api_data/os/server/unix/solaris/solaris_memory_recognition_prtdiag_check.md
[POST] SOL-REPLAY-MEM-02 /home/fap/git/fap-vars/inspection_cases_bundle/api_data/os/server/unix/solaris/solaris_memory_recognition_prtdiag_check.md execute=True
[RESULT] SOL-REPLAY-MEM-02: {"status": "success", "message": null, "data": null}
[LOOKUP] SOL-REPLAY-MEM-01 /home/fap/git/fap-vars/inspection_cases_bundle/api_data/os/server/unix/solaris/solaris_memory_usage_vmstat_check.md
[POST] SOL-REPLAY-MEM-01 /home/fap/git/fap-vars/inspection_cases_bundle/api_data/os/server/unix/solaris/solaris_memory_usage_vmstat_check.md execute=True
[RESULT] SOL-REPLAY-MEM-01: {"status": "success", "message": null, "data": null}
[LOOKUP] SOL-REPLAY-NET-01 /home/fap/git/fap-vars/inspection_cases_bundle/api_data/os/server/unix/solaris/solaris_network_link_status_dladm_check.md
[POST] SOL-REPLAY-NET-01 /home/fap/git/fap-vars/inspection_cases_bundle/api_data/os/server/unix/solaris/solaris_network_link_status_dladm_check.md execute=True
[RESULT] SOL-REPLAY-NET-01: {"status": "success", "message": null, "data": null}
[LOOKUP] SOL-REPLAY-NET-02 /home/fap/git/fap-vars/inspection_cases_bundle/api_data/os/server/unix/solaris/solaris_network_nic_redundancy_ipmpstat_check.md
[POST] SOL-REPLAY-NET-02 /home/fap/git/fap-vars/inspection_cases_bundle/api_data/os/server/unix/solaris/solaris_network_nic_redundancy_ipmpstat_check.md execute=True
[RESULT] SOL-REPLAY-NET-02: {"status": "success", "message": null, "data": null}
[LOOKUP] SOL-REPLAY-NET-03 /home/fap/git/fap-vars/inspection_cases_bundle/api_data/os/server/unix/solaris/solaris_network_ping_loss_ping_check.md
[POST] SOL-REPLAY-NET-03 /home/fap/git/fap-vars/inspection_cases_bundle/api_data/os/server/unix/solaris/solaris_network_ping_loss_ping_check.md execute=True
[RESULT] SOL-REPLAY-NET-03: {"status": "success", "message": null, "data": null}
[LOOKUP] SOL-REPLAY-OS-02 /home/fap/git/fap-vars/inspection_cases_bundle/api_data/os/server/unix/solaris/solaris_os_hba_connection_status_fcinfo_check.md
[POST] SOL-REPLAY-OS-02 /home/fap/git/fap-vars/inspection_cases_bundle/api_data/os/server/unix/solaris/solaris_os_hba_connection_status_fcinfo_check.md execute=True
[RESULT] SOL-REPLAY-OS-02: {"status": "success", "message": null, "data": null}
[LOOKUP] SOL-REPLAY-OS-01 /home/fap/git/fap-vars/inspection_cases_bundle/api_data/os/server/unix/solaris/solaris_os_path_redundancy_mpathadm_check.md
[POST] SOL-REPLAY-OS-01 /home/fap/git/fap-vars/inspection_cases_bundle/api_data/os/server/unix/solaris/solaris_os_path_redundancy_mpathadm_check.md execute=True
[RESULT] SOL-REPLAY-OS-01: {"status": "success", "message": null, "data": null}
[LOOKUP] SV-ESXI-001 /home/fap/git/fap-vars/inspection_cases_bundle/api_data/os/server/vmware/esxi/esxi_datastore_path_check.md
[POST] SV-ESXI-001 /home/fap/git/fap-vars/inspection_cases_bundle/api_data/os/server/vmware/esxi/esxi_datastore_path_check.md execute=True
[RESULT] SV-ESXI-001: {"status": "success", "message": null, "data": null}
[LOOKUP] SV-ESXI-002 /home/fap/git/fap-vars/inspection_cases_bundle/api_data/os/server/vmware/esxi/esxi_status_agent_service_check.md
[POST] SV-ESXI-002 /home/fap/git/fap-vars/inspection_cases_bundle/api_data/os/server/vmware/esxi/esxi_status_agent_service_check.md execute=True
[RESULT] SV-ESXI-002: {"status": "success", "message": null, "data": null}
[SKIP] ESXI-STATUS-API-01 /home/fap/git/fap-vars/inspection_cases_bundle/api_data/os/server/vmware/esxi/esxi_status_basic_check.md 이미 등록됨 id=47 item_id=47 mapping_id=47
[LOOKUP] SV-ESXI-003 /home/fap/git/fap-vars/inspection_cases_bundle/api_data/os/server/vmware/esxi/esxi_status_hardware_health_check.md
[POST] SV-ESXI-003 /home/fap/git/fap-vars/inspection_cases_bundle/api_data/os/server/vmware/esxi/esxi_status_hardware_health_check.md execute=True
[RESULT] SV-ESXI-003: {"status": "success", "message": null, "data": null}
[LOOKUP] SV-ESXI-004 /home/fap/git/fap-vars/inspection_cases_bundle/api_data/os/server/vmware/esxi/esxi_status_vcenter_agent_check.md
[POST] SV-ESXI-004 /home/fap/git/fap-vars/inspection_cases_bundle/api_data/os/server/vmware/esxi/esxi_status_vcenter_agent_check.md execute=True
[RESULT] SV-ESXI-004: {"status": "success", "message": null, "data": null}
[LOOKUP] SV-ESXI-005 /home/fap/git/fap-vars/inspection_cases_bundle/api_data/os/server/vmware/esxi/esxi_status_vm_list_check.md
[POST] SV-ESXI-005 /home/fap/git/fap-vars/inspection_cases_bundle/api_data/os/server/vmware/esxi/esxi_status_vm_list_check.md execute=True
[RESULT] SV-ESXI-005: {"status": "success", "message": null, "data": null}
[LOOKUP] SV-WIN19-001 /home/fap/git/fap-vars/inspection_cases_bundle/api_data/os/server/windows/windows2019/windows_cluster_daemon_check.md
[SEED] 관리 값 확인/등록: /home/fap/git/fap-vars/inspection_cases_bundle/api_data/os/server/windows/windows2019/windows_cluster_daemon_check.md
[SKIP] type_name 이미 존재: 일상점검 (id=1)
[SKIP] area_name 이미 존재: server (id=4)
[CREATE] category_name 생성: 상태점검 (id=1)
[CREATE] application_type 생성: windows (id=14)
[CREATE] application 생성: windows2019 (id=16)

완료 결과
{
  "type_name": {
    "id": 1,
    "name": "일상점검",
    "is_vulnerability": true,
    "is_immutable": false,
    "category_group_id": null,
    "category_group_name": null,
    "created_by": 1,
    "created_at": 1781433109.509811,
    "modified_by": 1,
    "modified_at": 1781433109.509811
  },
  "area_name": {
    "id": 4,
    "name": "server"
  },
  "category_name": {
    "id": 1,
    "name": "상태점검",
    "typeId": 1,
    "type_id": 1,
    "areaId": 4,
    "area_id": 4
  },
  "application_type": {
    "id": 14,
    "name": "windows",
    "areaId": 4,
    "area_id": 4
  },
  "application": {
    "id": 16,
    "name": "windows2019",
    "application_type_id": 14,
    "applicationTypeId": 14,
    "areaId": 4,
    "area_id": 4
  }
}
[POST] SV-WIN19-001 /home/fap/git/fap-vars/inspection_cases_bundle/api_data/os/server/windows/windows2019/windows_cluster_daemon_check.md execute=True
[RESULT] SV-WIN19-001: {"status": "success", "message": null, "data": null}
[LOOKUP] SV-WIN19-002 /home/fap/git/fap-vars/inspection_cases_bundle/api_data/os/server/windows/windows2019/windows_cluster_shared_volume_check.md
[POST] SV-WIN19-002 /home/fap/git/fap-vars/inspection_cases_bundle/api_data/os/server/windows/windows2019/windows_cluster_shared_volume_check.md execute=True
[RESULT] SV-WIN19-002: {"status": "success", "message": null, "data": null}
[LOOKUP] W-REPLAY-CPU-CORE-01 /home/fap/git/fap-vars/inspection_cases_bundle/api_data/os/server/windows/windows2019/windows_cpu_core_cim_check.md
[POST] W-REPLAY-CPU-CORE-01 /home/fap/git/fap-vars/inspection_cases_bundle/api_data/os/server/windows/windows2019/windows_cpu_core_cim_check.md execute=True
[RESULT] W-REPLAY-CPU-CORE-01: {"status": "success", "message": null, "data": null}
[LOOKUP] W-REPLAY-CPU-01 /home/fap/git/fap-vars/inspection_cases_bundle/api_data/os/server/windows/windows2019/windows_cpu_usage_counter_check.md
[POST] W-REPLAY-CPU-01 /home/fap/git/fap-vars/inspection_cases_bundle/api_data/os/server/windows/windows2019/windows_cpu_usage_counter_check.md execute=True
[RESULT] W-REPLAY-CPU-01: {"status": "success", "message": null, "data": null}
[LOOKUP] W-REPLAY-SWAP-01 /home/fap/git/fap-vars/inspection_cases_bundle/api_data/os/server/windows/windows2019/windows_disk_ swap_usage_check.md
[POST] W-REPLAY-SWAP-01 /home/fap/git/fap-vars/inspection_cases_bundle/api_data/os/server/windows/windows2019/windows_disk_ swap_usage_check.md execute=True
[RESULT] W-REPLAY-SWAP-01: {"status": "success", "message": null, "data": null}
[LOOKUP] W-REPLAY-DISK-01 /home/fap/git/fap-vars/inspection_cases_bundle/api_data/os/server/windows/windows2019/windows_disk_filesystem_usage_cim_check.md
[POST] W-REPLAY-DISK-01 /home/fap/git/fap-vars/inspection_cases_bundle/api_data/os/server/windows/windows2019/windows_disk_filesystem_usage_cim_check.md execute=True
[RESULT] W-REPLAY-DISK-01: {"status": "success", "message": null, "data": null}
[LOOKUP] W-REPLAY-INODE-01 /home/fap/git/fap-vars/inspection_cases_bundle/api_data/os/server/windows/windows2019/windows_disk_inode_not_applicable_check.md
[POST] W-REPLAY-INODE-01 /home/fap/git/fap-vars/inspection_cases_bundle/api_data/os/server/windows/windows2019/windows_disk_inode_not_applicable_check.md execute=True
[RESULT] W-REPLAY-INODE-01: {"status": "success", "message": null, "data": null}
[LOOKUP] W-REPLAY-DISK-IO-01 /home/fap/git/fap-vars/inspection_cases_bundle/api_data/os/server/windows/windows2019/windows_disk_io_counter_check.md
[POST] W-REPLAY-DISK-IO-01 /home/fap/git/fap-vars/inspection_cases_bundle/api_data/os/server/windows/windows2019/windows_disk_io_counter_check.md execute=True
[RESULT] W-REPLAY-DISK-IO-01: {"status": "success", "message": null, "data": null}
[LOOKUP] SV-WIN19-003 /home/fap/git/fap-vars/inspection_cases_bundle/api_data/os/server/windows/windows2019/windows_disk_recognition_cim_check.md
[POST] SV-WIN19-003 /home/fap/git/fap-vars/inspection_cases_bundle/api_data/os/server/windows/windows2019/windows_disk_recognition_cim_check.md execute=True
[RESULT] SV-WIN19-003: {"status": "success", "message": null, "data": null}
[LOOKUP] W-REPLAY-DISK-HA-01 /home/fap/git/fap-vars/inspection_cases_bundle/api_data/os/server/windows/windows2019/windows_disk_redundancy_health_check.md
[POST] W-REPLAY-DISK-HA-01 /home/fap/git/fap-vars/inspection_cases_bundle/api_data/os/server/windows/windows2019/windows_disk_redundancy_health_check.md execute=True
[RESULT] W-REPLAY-DISK-HA-01: {"status": "success", "message": null, "data": null}
[LOOKUP] W-REPLAY-KERNEL-01 /home/fap/git/fap-vars/inspection_cases_bundle/api_data/os/server/windows/windows2019/windows_kernel_parameter_nettcp_check.md
[POST] W-REPLAY-KERNEL-01 /home/fap/git/fap-vars/inspection_cases_bundle/api_data/os/server/windows/windows2019/windows_kernel_parameter_nettcp_check.md execute=True
[RESULT] W-REPLAY-KERNEL-01: {"status": "success", "message": null, "data": null}
[LOOKUP] SV-WIN19-004 /home/fap/git/fap-vars/inspection_cases_bundle/api_data/os/server/windows/windows2019/windows_log_cluster_event_check.md
[POST] SV-WIN19-004 /home/fap/git/fap-vars/inspection_cases_bundle/api_data/os/server/windows/windows2019/windows_log_cluster_event_check.md execute=True
[RESULT] SV-WIN19-004: {"status": "success", "message": null, "data": null}
[LOOKUP] W-REPLAY-CPU-LOG-01 /home/fap/git/fap-vars/inspection_cases_bundle/api_data/os/server/windows/windows2019/windows_log_cpu_event_check.md
[POST] W-REPLAY-CPU-LOG-01 /home/fap/git/fap-vars/inspection_cases_bundle/api_data/os/server/windows/windows2019/windows_log_cpu_event_check.md execute=True
[RESULT] W-REPLAY-CPU-LOG-01: {"status": "success", "message": null, "data": null}
[LOOKUP] W-REPLAY-FAN-LOG-01 /home/fap/git/fap-vars/inspection_cases_bundle/api_data/os/server/windows/windows2019/windows_log_fan_manual_check.md
[POST] W-REPLAY-FAN-LOG-01 /home/fap/git/fap-vars/inspection_cases_bundle/api_data/os/server/windows/windows2019/windows_log_fan_manual_check.md execute=True
[RESULT] W-REPLAY-FAN-LOG-01: {"status": "success", "message": null, "data": null}
[LOOKUP] W-REPLAY-HBA-LOG-01 /home/fap/git/fap-vars/inspection_cases_bundle/api_data/os/server/windows/windows2019/windows_log_hba_manual_check.md
[POST] W-REPLAY-HBA-LOG-01 /home/fap/git/fap-vars/inspection_cases_bundle/api_data/os/server/windows/windows2019/windows_log_hba_manual_check.md execute=True
[RESULT] W-REPLAY-HBA-LOG-01: {"status": "success", "message": null, "data": null}
[LOOKUP] W-REPLAY-IO-LOG-01 /home/fap/git/fap-vars/inspection_cases_bundle/api_data/os/server/windows/windows2019/windows_log_io_event_check.md
[POST] W-REPLAY-IO-LOG-01 /home/fap/git/fap-vars/inspection_cases_bundle/api_data/os/server/windows/windows2019/windows_log_io_event_check.md execute=True
[RESULT] W-REPLAY-IO-LOG-01: {"status": "success", "message": null, "data": null}
[LOOKUP] SV-WIN19-005 /home/fap/git/fap-vars/inspection_cases_bundle/api_data/os/server/windows/windows2019/windows_log_kernel_event_check.md
[POST] SV-WIN19-005 /home/fap/git/fap-vars/inspection_cases_bundle/api_data/os/server/windows/windows2019/windows_log_kernel_event_check.md execute=True
[RESULT] SV-WIN19-005: {"status": "success", "message": null, "data": null}
[LOOKUP] W-REPLAY-MEM-LOG-01 /home/fap/git/fap-vars/inspection_cases_bundle/api_data/os/server/windows/windows2019/windows_log_memory_event_check.md
[POST] W-REPLAY-MEM-LOG-01 /home/fap/git/fap-vars/inspection_cases_bundle/api_data/os/server/windows/windows2019/windows_log_memory_event_check.md execute=True
[RESULT] W-REPLAY-MEM-LOG-01: {"status": "success", "message": null, "data": null}
[LOOKUP] W-REPLAY-NIC-LOG-01 /home/fap/git/fap-vars/inspection_cases_bundle/api_data/os/server/windows/windows2019/windows_log_nic_event_check.md
[POST] W-REPLAY-NIC-LOG-01 /home/fap/git/fap-vars/inspection_cases_bundle/api_data/os/server/windows/windows2019/windows_log_nic_event_check.md execute=True
[RESULT] W-REPLAY-NIC-LOG-01: {"status": "success", "message": null, "data": null}
[LOOKUP] SV-WIN19-006 /home/fap/git/fap-vars/inspection_cases_bundle/api_data/os/server/windows/windows2019/windows_log_power_event_check.md
[POST] SV-WIN19-006 /home/fap/git/fap-vars/inspection_cases_bundle/api_data/os/server/windows/windows2019/windows_log_power_event_check.md execute=True
[RESULT] SV-WIN19-006: {"status": "success", "message": null, "data": null}
[LOOKUP] W-REPLAY-LOG-01 /home/fap/git/fap-vars/inspection_cases_bundle/api_data/os/server/windows/windows2019/windows_log_system_event_check.md
[POST] W-REPLAY-LOG-01 /home/fap/git/fap-vars/inspection_cases_bundle/api_data/os/server/windows/windows2019/windows_log_system_event_check.md execute=True
[RESULT] W-REPLAY-LOG-01: {"status": "success", "message": null, "data": null}
[LOOKUP] SV-WIN19-007 /home/fap/git/fap-vars/inspection_cases_bundle/api_data/os/server/windows/windows2019/windows_memory_pagefile_usage_cim_check.md
[POST] SV-WIN19-007 /home/fap/git/fap-vars/inspection_cases_bundle/api_data/os/server/windows/windows2019/windows_memory_pagefile_usage_cim_check.md execute=True
[RESULT] SV-WIN19-007: {"status": "success", "message": null, "data": null}
[LOOKUP] SV-WIN19-008 /home/fap/git/fap-vars/inspection_cases_bundle/api_data/os/server/windows/windows2019/windows_memory_recognition_cim_check.md
[POST] SV-WIN19-008 /home/fap/git/fap-vars/inspection_cases_bundle/api_data/os/server/windows/windows2019/windows_memory_recognition_cim_check.md execute=True
[RESULT] SV-WIN19-008: {"status": "success", "message": null, "data": null}
[LOOKUP] W-REPLAY-MEM-01 /home/fap/git/fap-vars/inspection_cases_bundle/api_data/os/server/windows/windows2019/windows_memory_usage_cim_check.md
[POST] W-REPLAY-MEM-01 /home/fap/git/fap-vars/inspection_cases_bundle/api_data/os/server/windows/windows2019/windows_memory_usage_cim_check.md execute=True
[RESULT] W-REPLAY-MEM-01: {"status": "success", "message": null, "data": null}
[LOOKUP] W-REPLAY-NET-LINK-01 /home/fap/git/fap-vars/inspection_cases_bundle/api_data/os/server/windows/windows2019/windows_network_link_status_check.md
[POST] W-REPLAY-NET-LINK-01 /home/fap/git/fap-vars/inspection_cases_bundle/api_data/os/server/windows/windows2019/windows_network_link_status_check.md execute=True
[RESULT] W-REPLAY-NET-LINK-01: {"status": "success", "message": null, "data": null}
[LOOKUP] W-REPLAY-NIC-HA-01 /home/fap/git/fap-vars/inspection_cases_bundle/api_data/os/server/windows/windows2019/windows_network_nic_teaming_check.md
[POST] W-REPLAY-NIC-HA-01 /home/fap/git/fap-vars/inspection_cases_bundle/api_data/os/server/windows/windows2019/windows_network_nic_teaming_check.md execute=True
[RESULT] W-REPLAY-NIC-HA-01: {"status": "success", "message": null, "data": null}
[LOOKUP] W-REPLAY-GW-PING-01 /home/fap/git/fap-vars/inspection_cases_bundle/api_data/os/server/windows/windows2019/windows_network_ping_loss_check.md
[POST] W-REPLAY-GW-PING-01 /home/fap/git/fap-vars/inspection_cases_bundle/api_data/os/server/windows/windows2019/windows_network_ping_loss_check.md execute=True
[RESULT] W-REPLAY-GW-PING-01: {"status": "success", "message": null, "data": null}
[LOOKUP] SV-WIN19-009 /home/fap/git/fap-vars/inspection_cases_bundle/api_data/os/server/windows/windows2019/windows_os_hba_connection_manual_check.md
[POST] SV-WIN19-009 /home/fap/git/fap-vars/inspection_cases_bundle/api_data/os/server/windows/windows2019/windows_os_hba_connection_manual_check.md execute=True
[RESULT] SV-WIN19-009: {"status": "success", "message": null, "data": null}
[LOOKUP] SV-WIN19-010 /home/fap/git/fap-vars/inspection_cases_bundle/api_data/os/server/windows/windows2019/windows_os_mpio_path_check.md
[POST] SV-WIN19-010 /home/fap/git/fap-vars/inspection_cases_bundle/api_data/os/server/windows/windows2019/windows_os_mpio_path_check.md execute=True
[RESULT] SV-WIN19-010: {"status": "success", "message": null, "data": null}
[LOOKUP] ST-DELL-DDOS-001 /home/fap/git/fap-vars/inspection_cases_bundle/api_data/os/storage/dell/ddos/dell_1_10_strg_controller_log_chk.md
[POST] ST-DELL-DDOS-001 /home/fap/git/fap-vars/inspection_cases_bundle/api_data/os/storage/dell/ddos/dell_1_10_strg_controller_log_chk.md execute=True
[RESULT] ST-DELL-DDOS-001: {"status": "success", "message": null, "data": null}
[LOOKUP] ST-DELL-DDOS-002 /home/fap/git/fap-vars/inspection_cases_bundle/api_data/os/storage/dell/ddos/dell_1_11_sps_log_chk.md
[POST] ST-DELL-DDOS-002 /home/fap/git/fap-vars/inspection_cases_bundle/api_data/os/storage/dell/ddos/dell_1_11_sps_log_chk.md execute=True
[RESULT] ST-DELL-DDOS-002: {"status": "success", "message": null, "data": null}
[LOOKUP] ST-DELL-DDOS-003 /home/fap/git/fap-vars/inspection_cases_bundle/api_data/os/storage/dell/ddos/dell_1_12_strg_controller_log_chk.md
[POST] ST-DELL-DDOS-003 /home/fap/git/fap-vars/inspection_cases_bundle/api_data/os/storage/dell/ddos/dell_1_12_strg_controller_log_chk.md execute=True
[RESULT] ST-DELL-DDOS-003: {"status": "success", "message": null, "data": null}
[LOOKUP] ST-DELL-DDOS-004 /home/fap/git/fap-vars/inspection_cases_bundle/api_data/os/storage/dell/ddos/dell_1_13_strg_battery_log_chk.md
[POST] ST-DELL-DDOS-004 /home/fap/git/fap-vars/inspection_cases_bundle/api_data/os/storage/dell/ddos/dell_1_13_strg_battery_log_chk.md execute=True
[RESULT] ST-DELL-DDOS-004: {"status": "success", "message": null, "data": null}
[LOOKUP] ST-DELL-DDOS-005 /home/fap/git/fap-vars/inspection_cases_bundle/api_data/os/storage/dell/ddos/dell_1_1_event_log_chk.md
[POST] ST-DELL-DDOS-005 /home/fap/git/fap-vars/inspection_cases_bundle/api_data/os/storage/dell/ddos/dell_1_1_event_log_chk.md execute=True
[RESULT] ST-DELL-DDOS-005: {"status": "success", "message": null, "data": null}
[LOOKUP] ST-DELL-DDOS-006 /home/fap/git/fap-vars/inspection_cases_bundle/api_data/os/storage/dell/ddos/dell_1_2_memory_log_chk.md
[POST] ST-DELL-DDOS-006 /home/fap/git/fap-vars/inspection_cases_bundle/api_data/os/storage/dell/ddos/dell_1_2_memory_log_chk.md execute=True
[RESULT] ST-DELL-DDOS-006: {"status": "success", "message": null, "data": null}
[LOOKUP] ST-DELL-DDOS-007 /home/fap/git/fap-vars/inspection_cases_bundle/api_data/os/storage/dell/ddos/dell_1_3_disk_log_chk.md
[POST] ST-DELL-DDOS-007 /home/fap/git/fap-vars/inspection_cases_bundle/api_data/os/storage/dell/ddos/dell_1_3_disk_log_chk.md execute=True
[RESULT] ST-DELL-DDOS-007: {"status": "success", "message": null, "data": null}
[LOOKUP] ST-DELL-DDOS-008 /home/fap/git/fap-vars/inspection_cases_bundle/api_data/os/storage/dell/ddos/dell_1_4_fan_log_chk.md
[POST] ST-DELL-DDOS-008 /home/fap/git/fap-vars/inspection_cases_bundle/api_data/os/storage/dell/ddos/dell_1_4_fan_log_chk.md execute=True
[RESULT] ST-DELL-DDOS-008: {"status": "success", "message": null, "data": null}
[LOOKUP] ST-DELL-DDOS-009 /home/fap/git/fap-vars/inspection_cases_bundle/api_data/os/storage/dell/ddos/dell_1_5_power_log_chk.md
[POST] ST-DELL-DDOS-009 /home/fap/git/fap-vars/inspection_cases_bundle/api_data/os/storage/dell/ddos/dell_1_5_power_log_chk.md execute=True
[RESULT] ST-DELL-DDOS-009: {"status": "success", "message": null, "data": null}
[LOOKUP] ST-DELL-DDOS-010 /home/fap/git/fap-vars/inspection_cases_bundle/api_data/os/storage/dell/ddos/dell_1_6_hba_log_chk.md
[POST] ST-DELL-DDOS-010 /home/fap/git/fap-vars/inspection_cases_bundle/api_data/os/storage/dell/ddos/dell_1_6_hba_log_chk.md execute=True
[RESULT] ST-DELL-DDOS-010: {"status": "success", "message": null, "data": null}
[LOOKUP] ST-DELL-DDOS-011 /home/fap/git/fap-vars/inspection_cases_bundle/api_data/os/storage/dell/ddos/dell_1_7_battery_log_chk.md
[POST] ST-DELL-DDOS-011 /home/fap/git/fap-vars/inspection_cases_bundle/api_data/os/storage/dell/ddos/dell_1_7_battery_log_chk.md execute=True
[RESULT] ST-DELL-DDOS-011: {"status": "success", "message": null, "data": null}
[LOOKUP] ST-DELL-DDOS-012 /home/fap/git/fap-vars/inspection_cases_bundle/api_data/os/storage/dell/ddos/dell_1_8_controller_log_chk.md
[POST] ST-DELL-DDOS-012 /home/fap/git/fap-vars/inspection_cases_bundle/api_data/os/storage/dell/ddos/dell_1_8_controller_log_chk.md execute=True
[RESULT] ST-DELL-DDOS-012: {"status": "success", "message": null, "data": null}
[LOOKUP] ST-DELL-DDOS-013 /home/fap/git/fap-vars/inspection_cases_bundle/api_data/os/storage/dell/ddos/dell_1_9_data_strg_log_chk.md
[POST] ST-DELL-DDOS-013 /home/fap/git/fap-vars/inspection_cases_bundle/api_data/os/storage/dell/ddos/dell_1_9_data_strg_log_chk.md execute=True
[RESULT] ST-DELL-DDOS-013: {"status": "success", "message": null, "data": null}
[LOOKUP] ST-DELL-DDOS-014 /home/fap/git/fap-vars/inspection_cases_bundle/api_data/os/storage/dell/ddos/dell_2_1_multipath_chk.md
[POST] ST-DELL-DDOS-014 /home/fap/git/fap-vars/inspection_cases_bundle/api_data/os/storage/dell/ddos/dell_2_1_multipath_chk.md execute=True
[RESULT] ST-DELL-DDOS-014: {"status": "success", "message": null, "data": null}
[LOOKUP] ST-DELL-DDOS-015 /home/fap/git/fap-vars/inspection_cases_bundle/api_data/os/storage/dell/ddos/dell_3_1_env_power_chk.md
[POST] ST-DELL-DDOS-015 /home/fap/git/fap-vars/inspection_cases_bundle/api_data/os/storage/dell/ddos/dell_3_1_env_power_chk.md execute=True
[RESULT] ST-DELL-DDOS-015: {"status": "success", "message": null, "data": null}
[LOOKUP] ST-DELL-DDOS-016 /home/fap/git/fap-vars/inspection_cases_bundle/api_data/os/storage/dell/ddos/dell_3_2_env_log_chk.md
[POST] ST-DELL-DDOS-016 /home/fap/git/fap-vars/inspection_cases_bundle/api_data/os/storage/dell/ddos/dell_3_2_env_log_chk.md execute=True
[RESULT] ST-DELL-DDOS-016: {"status": "success", "message": null, "data": null}
[LOOKUP] ST-DELL-DDOS-017 /home/fap/git/fap-vars/inspection_cases_bundle/api_data/os/storage/dell/ddos/dell_3_3_env_hw_chk.md
[POST] ST-DELL-DDOS-017 /home/fap/git/fap-vars/inspection_cases_bundle/api_data/os/storage/dell/ddos/dell_3_3_env_hw_chk.md execute=True
[RESULT] ST-DELL-DDOS-017: {"status": "success", "message": null, "data": null}
[LOOKUP] WAS-TOM-RKY-001 /home/fap/git/fap-vars/inspection_cases_bundle/api_data/os/was/apache_tomcat/rocky/was_1_1_ps_cpu_chk.md
[POST] WAS-TOM-RKY-001 /home/fap/git/fap-vars/inspection_cases_bundle/api_data/os/was/apache_tomcat/rocky/was_1_1_ps_cpu_chk.md execute=True
[RESULT] WAS-TOM-RKY-001: {"status": "success", "message": null, "data": null}
[LOOKUP] WAS-TOM-RKY-002 /home/fap/git/fap-vars/inspection_cases_bundle/api_data/os/was/apache_tomcat/rocky/was_1_2_ps_mem_chk.md
[POST] WAS-TOM-RKY-002 /home/fap/git/fap-vars/inspection_cases_bundle/api_data/os/was/apache_tomcat/rocky/was_1_2_ps_mem_chk.md execute=True
[RESULT] WAS-TOM-RKY-002: {"status": "success", "message": null, "data": null}
[LOOKUP] WAS-TOM-RKY-003 /home/fap/git/fap-vars/inspection_cases_bundle/api_data/os/was/apache_tomcat/rocky/was_1_3_ps_status_chk.md
[POST] WAS-TOM-RKY-003 /home/fap/git/fap-vars/inspection_cases_bundle/api_data/os/was/apache_tomcat/rocky/was_1_3_ps_status_chk.md execute=True
[RESULT] WAS-TOM-RKY-003: {"status": "success", "message": null, "data": null}
[LOOKUP] WAS-TOM-RKY-004 /home/fap/git/fap-vars/inspection_cases_bundle/api_data/os/was/apache_tomcat/rocky/was_1_4_ps_startup_chk.md
[POST] WAS-TOM-RKY-004 /home/fap/git/fap-vars/inspection_cases_bundle/api_data/os/was/apache_tomcat/rocky/was_1_4_ps_startup_chk.md execute=True
[RESULT] WAS-TOM-RKY-004: {"status": "success", "message": null, "data": null}
[LOOKUP] WAS-TOM-RKY-005 /home/fap/git/fap-vars/inspection_cases_bundle/api_data/os/was/apache_tomcat/rocky/was_2_1_log_manage_chk.md
[POST] WAS-TOM-RKY-005 /home/fap/git/fap-vars/inspection_cases_bundle/api_data/os/was/apache_tomcat/rocky/was_2_1_log_manage_chk.md execute=True
[RESULT] WAS-TOM-RKY-005: {"status": "success", "message": null, "data": null}
[LOOKUP] WAS-TOM-RKY-006 /home/fap/git/fap-vars/inspection_cases_bundle/api_data/os/was/apache_tomcat/rocky/was_2_2_log_service_chk.md
[POST] WAS-TOM-RKY-006 /home/fap/git/fap-vars/inspection_cases_bundle/api_data/os/was/apache_tomcat/rocky/was_2_2_log_service_chk.md execute=True
[RESULT] WAS-TOM-RKY-006: {"status": "success", "message": null, "data": null}
[LOOKUP] WAS-TOM-RKY-007 /home/fap/git/fap-vars/inspection_cases_bundle/api_data/os/was/apache_tomcat/rocky/was_2_3_log_cli_acs_chk.md
[POST] WAS-TOM-RKY-007 /home/fap/git/fap-vars/inspection_cases_bundle/api_data/os/was/apache_tomcat/rocky/was_2_3_log_cli_acs_chk.md execute=True
[RESULT] WAS-TOM-RKY-007: {"status": "success", "message": null, "data": null}
[LOOKUP] WAS-TOM-RKY-008 /home/fap/git/fap-vars/inspection_cases_bundle/api_data/os/was/apache_tomcat/rocky/was_2_4_log_gc_chk.md
[POST] WAS-TOM-RKY-008 /home/fap/git/fap-vars/inspection_cases_bundle/api_data/os/was/apache_tomcat/rocky/was_2_4_log_gc_chk.md execute=True
[RESULT] WAS-TOM-RKY-008: {"status": "success", "message": null, "data": null}
[LOOKUP] WAS-TOM-RKY-009 /home/fap/git/fap-vars/inspection_cases_bundle/api_data/os/was/apache_tomcat/rocky/was_2_5_log_con_pool_chk.md
[POST] WAS-TOM-RKY-009 /home/fap/git/fap-vars/inspection_cases_bundle/api_data/os/was/apache_tomcat/rocky/was_2_5_log_con_pool_chk.md execute=True
[RESULT] WAS-TOM-RKY-009: {"status": "success", "message": null, "data": null}
[LOOKUP] WAS-TOM-RKY-010 /home/fap/git/fap-vars/inspection_cases_bundle/api_data/os/was/apache_tomcat/rocky/was_4_1_work_thrd_chk.md
[POST] WAS-TOM-RKY-010 /home/fap/git/fap-vars/inspection_cases_bundle/api_data/os/was/apache_tomcat/rocky/was_4_1_work_thrd_chk.md execute=True
[RESULT] WAS-TOM-RKY-010: {"status": "success", "message": null, "data": null}
[LOOKUP] WAS-TOM-RKY-011 /home/fap/git/fap-vars/inspection_cases_bundle/api_data/os/was/apache_tomcat/rocky/was_4_2_runnable_thrd_chk.md
[POST] WAS-TOM-RKY-011 /home/fap/git/fap-vars/inspection_cases_bundle/api_data/os/was/apache_tomcat/rocky/was_4_2_runnable_thrd_chk.md execute=True
[RESULT] WAS-TOM-RKY-011: {"status": "success", "message": null, "data": null}
[LOOKUP] WAS-TOM-RKY-012 /home/fap/git/fap-vars/inspection_cases_bundle/api_data/os/was/apache_tomcat/rocky/was_5_1_con_pool_chk.md
[POST] WAS-TOM-RKY-012 /home/fap/git/fap-vars/inspection_cases_bundle/api_data/os/was/apache_tomcat/rocky/was_5_1_con_pool_chk.md execute=True
[RESULT] WAS-TOM-RKY-012: {"status": "success", "message": null, "data": null}
[LOOKUP] WAS-TOM-RKY-013 /home/fap/git/fap-vars/inspection_cases_bundle/api_data/os/was/apache_tomcat/rocky/was_5_2_db_con_chk.md
[POST] WAS-TOM-RKY-013 /home/fap/git/fap-vars/inspection_cases_bundle/api_data/os/was/apache_tomcat/rocky/was_5_2_db_con_chk.md execute=True
[RESULT] WAS-TOM-RKY-013: {"status": "success", "message": null, "data": null}
[LOOKUP] WAS-TOM-RKY-014 /home/fap/git/fap-vars/inspection_cases_bundle/api_data/os/was/apache_tomcat/rocky/was_6_1_dump_chk.md
[POST] WAS-TOM-RKY-014 /home/fap/git/fap-vars/inspection_cases_bundle/api_data/os/was/apache_tomcat/rocky/was_6_1_dump_chk.md execute=True
[RESULT] WAS-TOM-RKY-014: {"status": "success", "message": null, "data": null}
[LOOKUP] WAS-JEUS-RKY-001 /home/fap/git/fap-vars/inspection_cases_bundle/api_data/os/was/jeus/rocky/was_1_1_ps_cpu_chk.md
[POST] WAS-JEUS-RKY-001 /home/fap/git/fap-vars/inspection_cases_bundle/api_data/os/was/jeus/rocky/was_1_1_ps_cpu_chk.md execute=True
[RESULT] WAS-JEUS-RKY-001: {"status": "success", "message": null, "data": null}
[LOOKUP] WAS-JEUS-RKY-002 /home/fap/git/fap-vars/inspection_cases_bundle/api_data/os/was/jeus/rocky/was_1_2_ps_mem_chk.md
[POST] WAS-JEUS-RKY-002 /home/fap/git/fap-vars/inspection_cases_bundle/api_data/os/was/jeus/rocky/was_1_2_ps_mem_chk.md execute=True
[RESULT] WAS-JEUS-RKY-002: {"status": "success", "message": null, "data": null}
[LOOKUP] WAS-JEUS-RKY-003 /home/fap/git/fap-vars/inspection_cases_bundle/api_data/os/was/jeus/rocky/was_1_3_ps_status_chk.md
[POST] WAS-JEUS-RKY-003 /home/fap/git/fap-vars/inspection_cases_bundle/api_data/os/was/jeus/rocky/was_1_3_ps_status_chk.md execute=True
[RESULT] WAS-JEUS-RKY-003: {"status": "success", "message": null, "data": null}
[LOOKUP] WAS-JEUS-RKY-004 /home/fap/git/fap-vars/inspection_cases_bundle/api_data/os/was/jeus/rocky/was_1_4_ps_startup_chk.md
[POST] WAS-JEUS-RKY-004 /home/fap/git/fap-vars/inspection_cases_bundle/api_data/os/was/jeus/rocky/was_1_4_ps_startup_chk.md execute=True
[RESULT] WAS-JEUS-RKY-004: {"status": "success", "message": null, "data": null}
[LOOKUP] WAS-JEUS-RKY-005 /home/fap/git/fap-vars/inspection_cases_bundle/api_data/os/was/jeus/rocky/was_2_1_log_manage_chk.md
[POST] WAS-JEUS-RKY-005 /home/fap/git/fap-vars/inspection_cases_bundle/api_data/os/was/jeus/rocky/was_2_1_log_manage_chk.md execute=True
[RESULT] WAS-JEUS-RKY-005: {"status": "success", "message": null, "data": null}
[LOOKUP] WAS-JEUS-RKY-006 /home/fap/git/fap-vars/inspection_cases_bundle/api_data/os/was/jeus/rocky/was_2_2_log_service_chk.md
[POST] WAS-JEUS-RKY-006 /home/fap/git/fap-vars/inspection_cases_bundle/api_data/os/was/jeus/rocky/was_2_2_log_service_chk.md execute=True
[RESULT] WAS-JEUS-RKY-006: {"status": "success", "message": null, "data": null}
[LOOKUP] WAS-JEUS-RKY-007 /home/fap/git/fap-vars/inspection_cases_bundle/api_data/os/was/jeus/rocky/was_2_3_log_cli_acs_chk.md
[POST] WAS-JEUS-RKY-007 /home/fap/git/fap-vars/inspection_cases_bundle/api_data/os/was/jeus/rocky/was_2_3_log_cli_acs_chk.md execute=True
[RESULT] WAS-JEUS-RKY-007: {"status": "success", "message": null, "data": null}
[LOOKUP] WAS-JEUS-RKY-008 /home/fap/git/fap-vars/inspection_cases_bundle/api_data/os/was/jeus/rocky/was_2_4_log_gc_chk.md
[POST] WAS-JEUS-RKY-008 /home/fap/git/fap-vars/inspection_cases_bundle/api_data/os/was/jeus/rocky/was_2_4_log_gc_chk.md execute=True
[RESULT] WAS-JEUS-RKY-008: {"status": "success", "message": null, "data": null}
[LOOKUP] WAS-JEUS-RKY-009 /home/fap/git/fap-vars/inspection_cases_bundle/api_data/os/was/jeus/rocky/was_2_5_log_con_pool_chk.md
[POST] WAS-JEUS-RKY-009 /home/fap/git/fap-vars/inspection_cases_bundle/api_data/os/was/jeus/rocky/was_2_5_log_con_pool_chk.md execute=True
[RESULT] WAS-JEUS-RKY-009: {"status": "success", "message": null, "data": null}
[LOOKUP] WAS-JEUS-RKY-010 /home/fap/git/fap-vars/inspection_cases_bundle/api_data/os/was/jeus/rocky/was_3_1_jvm_heap_chk.md
[POST] WAS-JEUS-RKY-010 /home/fap/git/fap-vars/inspection_cases_bundle/api_data/os/was/jeus/rocky/was_3_1_jvm_heap_chk.md execute=True
[RESULT] WAS-JEUS-RKY-010: {"status": "success", "message": null, "data": null}
[LOOKUP] WAS-JEUS-RKY-011 /home/fap/git/fap-vars/inspection_cases_bundle/api_data/os/was/jeus/rocky/was_4_1_work_thrd_chk.md
[POST] WAS-JEUS-RKY-011 /home/fap/git/fap-vars/inspection_cases_bundle/api_data/os/was/jeus/rocky/was_4_1_work_thrd_chk.md execute=True
[RESULT] WAS-JEUS-RKY-011: {"status": "success", "message": null, "data": null}
[LOOKUP] WAS-JEUS-RKY-012 /home/fap/git/fap-vars/inspection_cases_bundle/api_data/os/was/jeus/rocky/was_4_2_runnable_thrd_chk.md
[POST] WAS-JEUS-RKY-012 /home/fap/git/fap-vars/inspection_cases_bundle/api_data/os/was/jeus/rocky/was_4_2_runnable_thrd_chk.md execute=True
[RESULT] WAS-JEUS-RKY-012: {"status": "success", "message": null, "data": null}
[LOOKUP] WAS-JEUS-RKY-013 /home/fap/git/fap-vars/inspection_cases_bundle/api_data/os/was/jeus/rocky/was_5_1_con_pool_chk.md
[POST] WAS-JEUS-RKY-013 /home/fap/git/fap-vars/inspection_cases_bundle/api_data/os/was/jeus/rocky/was_5_1_con_pool_chk.md execute=True
[RESULT] WAS-JEUS-RKY-013: {"status": "success", "message": null, "data": null}
[LOOKUP] WAS-JEUS-RKY-014 /home/fap/git/fap-vars/inspection_cases_bundle/api_data/os/was/jeus/rocky/was_5_2_db_con_chk.md
[POST] WAS-JEUS-RKY-014 /home/fap/git/fap-vars/inspection_cases_bundle/api_data/os/was/jeus/rocky/was_5_2_db_con_chk.md execute=True
[RESULT] WAS-JEUS-RKY-014: {"status": "success", "message": null, "data": null}
[LOOKUP] WAS-JEUS-RKY-015 /home/fap/git/fap-vars/inspection_cases_bundle/api_data/os/was/jeus/rocky/was_6_1_dump_chk.md
[POST] WAS-JEUS-RKY-015 /home/fap/git/fap-vars/inspection_cases_bundle/api_data/os/was/jeus/rocky/was_6_1_dump_chk.md execute=True
[RESULT] WAS-JEUS-RKY-015: {"status": "success", "message": null, "data": null}
[LOOKUP] WAS-JEUS-RKY-016 /home/fap/git/fap-vars/inspection_cases_bundle/api_data/os/was/jeus/rocky/was_7_1_deploy_status_chk.md
[POST] WAS-JEUS-RKY-016 /home/fap/git/fap-vars/inspection_cases_bundle/api_data/os/was/jeus/rocky/was_7_1_deploy_status_chk.md execute=True
[RESULT] WAS-JEUS-RKY-016: {"status": "success", "message": null, "data": null}
[LOOKUP] WAS-JEUS-RKY-017 /home/fap/git/fap-vars/inspection_cases_bundle/api_data/os/was/jeus/rocky/was_8_1_thrd_pool_status_chk.md
[POST] WAS-JEUS-RKY-017 /home/fap/git/fap-vars/inspection_cases_bundle/api_data/os/was/jeus/rocky/was_8_1_thrd_pool_status_chk.md execute=True
[RESULT] WAS-JEUS-RKY-017: {"status": "success", "message": null, "data": null}
[LOOKUP] WAS-JEUS-RKY-018 /home/fap/git/fap-vars/inspection_cases_bundle/api_data/os/was/jeus/rocky/was_9_1_start_script_chk.md
[POST] WAS-JEUS-RKY-018 /home/fap/git/fap-vars/inspection_cases_bundle/api_data/os/was/jeus/rocky/was_9_1_start_script_chk.md execute=True
[RESULT] WAS-JEUS-RKY-018: {"status": "success", "message": null, "data": null}
[LOOKUP] WEB-WTB-RKY-001 /home/fap/git/fap-vars/inspection_cases_bundle/api_data/os/web/webtob/rocky/webtob_config_web_was_connection_webtob_ctl_status_check.md
[POST] WEB-WTB-RKY-001 /home/fap/git/fap-vars/inspection_cases_bundle/api_data/os/web/webtob/rocky/webtob_config_web_was_connection_webtob_ctl_status_check.md execute=True
[RESULT] WEB-WTB-RKY-001: {"status": "success", "message": null, "data": null}
[LOOKUP] WEB-WTB-RKY-002 /home/fap/git/fap-vars/inspection_cases_bundle/api_data/os/web/webtob/rocky/webtob_filesystem_web_application_filesystem_df_h_check.md
[POST] WEB-WTB-RKY-002 /home/fap/git/fap-vars/inspection_cases_bundle/api_data/os/web/webtob/rocky/webtob_filesystem_web_application_filesystem_df_h_check.md execute=True
[RESULT] WEB-WTB-RKY-002: {"status": "success", "message": null, "data": null}
[LOOKUP] WEB-WTB-RKY-003 /home/fap/git/fap-vars/inspection_cases_bundle/api_data/os/web/webtob/rocky/webtob_filesystem_web_engine_filesystem_df_h_check.md
[POST] WEB-WTB-RKY-003 /home/fap/git/fap-vars/inspection_cases_bundle/api_data/os/web/webtob/rocky/webtob_filesystem_web_engine_filesystem_df_h_check.md execute=True
[RESULT] WEB-WTB-RKY-003: {"status": "success", "message": null, "data": null}
[LOOKUP] WEB-WTB-RKY-004 /home/fap/git/fap-vars/inspection_cases_bundle/api_data/os/web/webtob/rocky/webtob_filesystem_web_log_filesystem_df_h_check.md
[POST] WEB-WTB-RKY-004 /home/fap/git/fap-vars/inspection_cases_bundle/api_data/os/web/webtob/rocky/webtob_filesystem_web_log_filesystem_df_h_check.md execute=True
[RESULT] WEB-WTB-RKY-004: {"status": "success", "message": null, "data": null}
[LOOKUP] WEB-WTB-RKY-005 /home/fap/git/fap-vars/inspection_cases_bundle/api_data/os/web/webtob/rocky/webtob_log_access_log_awk_status_200_check.md
[POST] WEB-WTB-RKY-005 /home/fap/git/fap-vars/inspection_cases_bundle/api_data/os/web/webtob/rocky/webtob_log_access_log_awk_status_200_check.md execute=True
[RESULT] WEB-WTB-RKY-005: {"status": "success", "message": null, "data": null}
[LOOKUP] WEB-WTB-RKY-006 /home/fap/git/fap-vars/inspection_cases_bundle/api_data/os/web/webtob/rocky/webtob_log_error_log_grep_error_check.md
[POST] WEB-WTB-RKY-006 /home/fap/git/fap-vars/inspection_cases_bundle/api_data/os/web/webtob/rocky/webtob_log_error_log_grep_error_check.md execute=True
[RESULT] WEB-WTB-RKY-006: {"status": "success", "message": null, "data": null}
[LOOKUP] WEB-WTB-RKY-007 /home/fap/git/fap-vars/inspection_cases_bundle/api_data/os/web/webtob/rocky/webtob_log_request_document_unavailable_awk_status_404_check.md
[POST] WEB-WTB-RKY-007 /home/fap/git/fap-vars/inspection_cases_bundle/api_data/os/web/webtob/rocky/webtob_log_request_document_unavailable_awk_status_404_check.md execute=True
[RESULT] WEB-WTB-RKY-007: {"status": "success", "message": null, "data": null}
[LOOKUP] WEB-WTB-RKY-008 /home/fap/git/fap-vars/inspection_cases_bundle/api_data/os/web/webtob/rocky/webtob_log_service_temporarily_unavailable_grep_status_503_check.md
[POST] WEB-WTB-RKY-008 /home/fap/git/fap-vars/inspection_cases_bundle/api_data/os/web/webtob/rocky/webtob_log_service_temporarily_unavailable_grep_status_503_check.md execute=True
[RESULT] WEB-WTB-RKY-008: {"status": "success", "message": null, "data": null}
[LOOKUP] WEB-WTB-RKY-009 /home/fap/git/fap-vars/inspection_cases_bundle/api_data/os/web/webtob/rocky/webtob_log_was_response_time_awk_response_time_check.md
[POST] WEB-WTB-RKY-009 /home/fap/git/fap-vars/inspection_cases_bundle/api_data/os/web/webtob/rocky/webtob_log_was_response_time_awk_response_time_check.md execute=True
[RESULT] WEB-WTB-RKY-009: {"status": "success", "message": null, "data": null}
[LOOKUP] WEB-WTB-RKY-010 /home/fap/git/fap-vars/inspection_cases_bundle/api_data/os/web/webtob/rocky/webtob_log_web_service_unavailable_grep_status_500_check.md
[POST] WEB-WTB-RKY-010 /home/fap/git/fap-vars/inspection_cases_bundle/api_data/os/web/webtob/rocky/webtob_log_web_service_unavailable_grep_status_500_check.md execute=True
[RESULT] WEB-WTB-RKY-010: {"status": "success", "message": null, "data": null}
[LOOKUP] WEB-WTB-RKY-011 /home/fap/git/fap-vars/inspection_cases_bundle/api_data/os/web/webtob/rocky/webtob_process_cpu_usage_top_grep_check.md
[POST] WEB-WTB-RKY-011 /home/fap/git/fap-vars/inspection_cases_bundle/api_data/os/web/webtob/rocky/webtob_process_cpu_usage_top_grep_check.md execute=True
[RESULT] WEB-WTB-RKY-011: {"status": "success", "message": null, "data": null}
[LOOKUP] WEB-WTB-RKY-012 /home/fap/git/fap-vars/inspection_cases_bundle/api_data/os/web/webtob/rocky/webtob_process_memory_usage_top_grep_check.md
[POST] WEB-WTB-RKY-012 /home/fap/git/fap-vars/inspection_cases_bundle/api_data/os/web/webtob/rocky/webtob_process_memory_usage_top_grep_check.md execute=True
[RESULT] WEB-WTB-RKY-012: {"status": "success", "message": null, "data": null}
[LOOKUP] WEB-WTB-RKY-013 /home/fap/git/fap-vars/inspection_cases_bundle/api_data/os/web/webtob/rocky/webtob_process_startup_ps_aux_grep_check.md
[POST] WEB-WTB-RKY-013 /home/fap/git/fap-vars/inspection_cases_bundle/api_data/os/web/webtob/rocky/webtob_process_startup_ps_aux_grep_check.md execute=True
[RESULT] WEB-WTB-RKY-013: {"status": "success", "message": null, "data": null}
[LOOKUP] WEB-WTB-RKY-014 /home/fap/git/fap-vars/inspection_cases_bundle/api_data/os/web/webtob/rocky/webtob_process_status_top_grep_check.md
[POST] WEB-WTB-RKY-014 /home/fap/git/fap-vars/inspection_cases_bundle/api_data/os/web/webtob/rocky/webtob_process_status_top_grep_check.md execute=True
[RESULT] WEB-WTB-RKY-014: {"status": "success", "message": null, "data": null}
[LOOKUP] WEB-WTB-RKY-015 /home/fap/git/fap-vars/inspection_cases_bundle/api_data/os/web/webtob/rocky/webtob_service_port_connection_telnet_check.md
[POST] WEB-WTB-RKY-015 /home/fap/git/fap-vars/inspection_cases_bundle/api_data/os/web/webtob/rocky/webtob_service_port_connection_telnet_check.md execute=True
[RESULT] WEB-WTB-RKY-015: {"status": "success", "message": null, "data": null}
[LOOKUP] WEB-WTB-RKY-016 /home/fap/git/fap-vars/inspection_cases_bundle/api_data/os/web/webtob/rocky/webtob_service_port_open_netstat_grep_check.md
[POST] WEB-WTB-RKY-016 /home/fap/git/fap-vars/inspection_cases_bundle/api_data/os/web/webtob/rocky/webtob_service_port_open_netstat_grep_check.md execute=True
[RESULT] WEB-WTB-RKY-016: {"status": "success", "message": null, "data": null}
[LOOKUP] WEB-WTB-RKY-017 /home/fap/git/fap-vars/inspection_cases_bundle/api_data/os/web/webtob/rocky/webtob_service_request_count_webtob_ctl_status_check.md
[POST] WEB-WTB-RKY-017 /home/fap/git/fap-vars/inspection_cases_bundle/api_data/os/web/webtob/rocky/webtob_service_request_count_webtob_ctl_status_check.md execute=True
[RESULT] WEB-WTB-RKY-017: {"status": "success", "message": null, "data": null}
[SUMMARY] {"total": 278, "selected": 278, "created_or_ready": 231, "skipped_existing": 47, "skipped_by_code": 0, "failed": 0}
[LOG_JSON] /home/fap/git/fap-vars/inspection_cases_bundle/api_data/os/_logs/inspection_create_20260615_103548.json
