TABLESPACE_NAME                USED_SPACE TABLESPACE_SIZE USED_PERCENT
------------------------------ ---------- --------------- ------------
ATFW                               196736         3932160   5.00325521
HDATA_1_GW8                       1318960         3932160   33.5428874
HDATA_2_GW8                       2121872         3932160   53.9619954
HDATA_3_GW8                         10768         3932160   .273844401
HDATA_4_GW8                        272000         3932160   6.91731771
HINDEX_1_GW8                        13184         3932160   .335286458
HINDEX_2_GW8                      3215936         7864320   40.8927409
HINDEX_3_GW8                        52992         3932160   1.34765625
HQDB_GW8                           819208         3932160   20.8335368
HQDB_X_GW8                         198288         3932160   5.04272461
SYSAUX                             128968         4194302    3.0748382

TABLESPACE_NAME                USED_SPACE TABLESPACE_SIZE USED_PERCENT
------------------------------ ---------- --------------- ------------
SYSTEM                             147264         4194302   3.51104904
TEMP                                    0         4194176            0
TSINTRA_1_GW8                     1024216         3932160   26.0471598
TSINTRA_2_GW8                      135112         3932160   3.43607585
TSINTRA_3_GW8                       76928         3932160   1.95638021
TSINTRA_4X_GW8                     272784         3932160   6.93725586
TSINTRA_4_GW8                      628864         3932160   15.9928385
TSINTRA_5X_GW8                        128         3932160   .003255208
TSINTRA_5_GW8                         128         3932160   .003255208
TSINTRA_X_GW8                      200608         3932160   5.10172526
UNDOTBS1                             1544         4194302   .036811846

TABLESPACE_NAME                USED_SPACE TABLESPACE_SIZE USED_PERCENT
------------------------------ ---------- --------------- ------------
USERS                                 344         4194302   .008201603

23 rows selected.
[lyh@slunidb-dev241 ~]$
