falcon@Center_Server_J4300_A> show interfaces ge-0/0/0 statistics
Physical interface: ge-0/0/0, Enabled, Physical link is Up
  Interface index: 646, SNMP ifIndex: 512
  Description: ## ATMS_▒▒▒▒DB-1_172.18.8.87_97 ##
  Link-level type: Ethernet, MTU: 1514, LAN-PHY mode, Speed: 1000mbps, Duplex: Full-Duplex, BPDU Error: None,
  Loop Detect PDU Error: None, Ethernet-Switching Error: None, MAC-REWRITE Error: None, Loopback: Disabled,
  Source filtering: Disabled, Flow control: Enabled, Auto-negotiation: Enabled, Remote fault: Online, Media type: Fiber
  Device flags   : Present Running
  Interface flags: SNMP-Traps Internal: 0x0
  Link flags     : None
  CoS queues     : 12 supported, 12 maximum usable queues
  Current address: f4:bf:a8:ed:ad:e3, Hardware address: f4:bf:a8:ed:ad:e3
  Last flapped   : 2026-05-18 16:43:53 KST (1w2d 21:07 ago)
  Statistics last cleared: Never
  Input rate     : 2136 bps (3 pps)
  Output rate    : 3592 bps (6 pps)
  Input errors: 0, Output errors: 0
  Active alarms  : None
  Active defects : None
  PCS statistics                      Seconds
    Bit errors                             0
    Errored blocks                         0
  Ethernet FEC statistics              Errors
    FEC Corrected Errors                    0
    FEC Uncorrected Errors                  0
    FEC Corrected Errors Rate               0
    FEC Uncorrected Errors Rate             0
  Interface transmit statistics: Disabled

  Logical interface ge-0/0/0.0 (Index 555) (SNMP ifIndex 513)
    Flags: Up SNMP-Traps 0x0 Encapsulation: Ethernet-Bridge
    Input packets : 1395327
    Output packets: 4395788
    Protocol eth-switch, MTU: 1514
      Flags: Is-Primary
falcon@Center_Server_J4300_A>
