139563 ora_w002_unidev  0.3 234132 24968156
 359607 ora_m004_unidev  1.4 971776 24976828
 475615 ora_w005_unidev  0.5 388292 24967132
 524302 ora_w009_unidev  0.3 221316 24968148
 652248 ora_w004_unidev  0.4 299096 24967128
 708294 ora_w001_unidev  0.3 224584 24970200
 728381 ora_w00e_unidev  0.2 171772 24967124
 811760 ora_m006_unidev  1.3 876288 24976832
 888371 ora_w003_unidev  0.2 162896 24967132
1165533 ora_w00n_unidev  0.2 170216 24967128
1367946 ora_w00m_unidev  0.4 290612 24967128
1370749 ora_w000_unidev  0.3 220548 24968156
1401053 ora_w00f_unidev  0.2 167968 24967124
1409942 ora_w00d_unidev  0.3 254804 24968152
1611468 ora_w00g_unidev  0.2 163964 24968148
1814507 ora_w00r_unidev  0.5 377792 24967124
1934845 ora_w00k_unidev  0.6 405480 24967128
2216715 ora_m001_unidev  1.4 919808 24976832
2228026 ora_w008_unidev  0.2 142524 24968148
2236433 ora_w00u_unidev  0.2 140712 24968148
2241975 ora_w00c_unidev  0.3 210304 24967128
2261611 ora_w00a_unidev  0.3 248604 24967128
2456046 ora_w006_unidev  0.4 284404 24967128
2702423 ora_w00s_unidev  0.2 134168 24968152
2900095 ora_w00i_unidev  0.5 340832 24968148
2905076 ora_m002_unidev  1.3 881536 24976824
2926526 ora_w00q_unidev  0.4 316544 24967128
3005503 ora_w00p_unidev  0.1 129388 24968152
3148433 ora_w00o_unidev  0.3 197400 24967124
3205195 ora_w00l_unidev  0.3 239516 24968148
3228641 ora_w00b_unidev  0.4 282324 24968152
3229780 ora_pmon_unidev  0.1 79744 24966028
3229784 ora_clmn_unidev  0.0 63872 24966032
3229788 ora_psp0_unidev  0.0 64896 24968140
3229792 ora_vktm_unidev  0.0 63360 24966032
3229798 ora_gen0_unidev  0.0 64512 24966028
3229802 ora_mman_unidev  1.5 996608 24966032
3229808 ora_scmn_unidev  0.2 178828 25066544
3229811 ora_diag_unidev  0.0 63232 24966032
3229813 ora_scmn_unidev  0.1 108808 25050828
3229816 ora_dbrm_unidev  0.9 648192 24967584
3229820 ora_vkrm_unidev  0.1 67328 24966032
3229822 ora_svcb_unidev  0.0 64384 24967056
3229824 ora_pman_unidev  0.0 64256 24966032
3229828 ora_dia0_unidev  0.1 109568 24976528
3229830 ora_dbw0_unidev  1.7 1167372 24984532
3229834 ora_dbw1_unidev  1.7 1157512 24980308
3229838 ora_lgwr_unidev  0.1 113152 24967064
3229842 ora_ckpt_unidev  0.3 227968 24966044
3229846 ora_lg00_unidev  0.1 106240 24966040
3229848 ora_smon_unidev  0.8 560640 24968172
3229852 ora_lg01_unidev  0.1 105216 24966036
3229856 ora_reco_unidev  0.1 82688 24967096
3229860 ora_lreg_unidev  0.1 94092 24974660
3229866 ora_pxmn_unidev  0.0 63488 24966036
3229872 ora_mmon_unidev  0.9 649168 25090928
3229874 ora_mmnl_unidev  0.1 98816 24966044
3229876 ora_d000_unidev  0.0 60416 24968552
3229878 ora_s000_unidev  0.0 58880 24967580
3229880 ora_tmon_unidev  0.0 64000 24966032
3234399 ora_tt00_unidev  0.1 74496 24988632
3234401 ora_tt01_unidev  0.0 62976 24966028
3234403 ora_tt02_unidev  0.0 62720 24966024
3234407 ora_smco_unidev  0.1 65664 24966028
3234415 ora_aqpc_unidev  0.1 76672 24966040
3234419 ora_cjq0_unidev  0.5 374272 24988112
3234765 ora_qm02_unidev  0.1 75648 24966032
3234769 ora_q002_unidev  0.1 91264 24968184
3234771 ora_q003_unidev  0.4 267648 24976396
3235857 ora_cl00_unidev  0.0 62336 24966028
3235859 ora_cl01_unidev  0.0 62336 24966028
3235861 ora_cl02_unidev  0.0 62208 24966024
3235863 ora_cl03_unidev  0.0 62080 24966028
3235865 ora_cl04_unidev  0.0 62080 24966024
3236940 ora_w00j_unidev  0.6 454432 24967132
3654123 ora_w007_unidev  0.4 303156 24967128
3729045 ora_w00v_unidev  0.4 306956 24967128
3840410 ora_w00h_unidev  0.3 225608 24968152
4174110 ora_w00t_unidev  0.3 230572 24967128
[lyh@slunidb-dev241 ~]$
