kernel.hostname = localhost.localdomain
kernel.osrelease = 3.10.0-1160.el7.x86_64
kernel.pid_max = 32768
kernel.threads-max = 14516
kernel.randomize_va_space = 2
kernel.sysrq = 16
kernel.core_uses_pid = 1
fs.file-max = 176857
fs.suid_dumpable = 0
net.ipv4.ip_forward = 0
net.ipv4.tcp_syncookies = 1
net.ipv4.conf.all.accept_redirects = 1
net.ipv4.conf.default.accept_redirects = 1
net.ipv4.conf.all.send_redirects = 1
net.ipv4.conf.default.send_redirects = 1
net.ipv4.conf.all.accept_source_route = 0
net.ipv4.conf.default.accept_source_route = 0
net.ipv4.conf.all.rp_filter = 1
net.ipv4.conf.default.rp_filter = 1
vm.swappiness = 30
vm.overcommit_memory = 0
vm.dirty_ratio = 30
vm.dirty_background_ratio = 10
