/dev/md0:
           Version : 1.2
     Creation Time : Mon Jan  1 10:00:00 2024
        Raid Level : raid1
        Array Size : 1047552 (1023.00 MiB 1072.69 MB)
     Used Dev Size : 1047552 (1023.00 MiB 1072.69 MB)
      Raid Devices : 2
       Total Devices : 2
       Persistence : Superblock is persistent

       Update Time : Tue Jun 16 10:00:00 2026
             State : clean
    Active Devices : 2
   Working Devices : 2
    Failed Devices : 0
     Spare Devices : 0

              Name : server01:0
              UUID : xxxxxxxx:xxxxxxxx:xxxxxxxx:xxxxxxxx
            Events : 1234

    Number   Major   Minor   RaidDevice State
       0       8        1        0      active sync   /dev/sda1
       1       8       17        1      active sync   /dev/sdb1
