Ethernet Channel Bonding Driver: v3.7.1
Bonding Mode: fault-tolerance (active-backup)
Primary Slave: None
Currently Active Slave: eno1
MII Status: up
MII Polling Interval (ms): 100
Up Delay (ms): 0
Down Delay (ms): 0
Slave Interface: eno1
MII Status: up
Speed: 1000 Mbps
Duplex: full
Link Failure Count: 0
Permanent HW addr: 00:11:22:33:44:55
Slave queue ID: 0
Slave Interface: eno2
MII Status: up
Speed: 1000 Mbps
Duplex: full
Link Failure Count: 0
Permanent HW addr: 00:11:22:33:44:66
Slave queue ID: 0
