Center_PAS-K3200X_A# show port

================================================================================
PORT Configuration
 ------------------------------------------------------------------------------
  Port  Link  Status  Speed MaxSpeed Duplex Auto Nego MDI/MDIX Flow  Cable  Jumbo-Frame Description
  1     down  disable 10000 10000    --     disable   --       off   fiber  disable
  2     down  disable 10000 10000    --     disable   --       off   fiber  disable
  3     down  disable 10000 10000    --     disable   --       off   fiber  disable
  4     down  disable 10000 10000    --     disable   --       off   fiber  disable
  5     down  disable 1000  1000     --     enable    --       off   fiber  disable
  6     down  disable 1000  1000     --     enable    --       off   fiber  disable
  7     down  disable 1000  1000     --     enable    --       off   fiber  disable
  8     down  disable 1000  1000     --     enable    --       off   fiber  disable
  9     down  disable 1000  1000     --     enable    --       off   fiber  disable
  10    down  disable 1000  1000     --     enable    --       off   fiber  disable
  11    down  disable 1000  1000     --     enable    --       off   fiber  disable
  12    up    enable  1000  1000     --     disable   --       off   fiber  disable     ## Falcon_auto_8.191 ##
  13    up    enable  1000  1000     --     enable    --       off   fiber  disable     ## Center_Switch_A ##
  14    up    enable  1000  1000     --     enable    --       off   fiber  disable     ## Center_PAS-K3200X_B ##
  15    up    enable  1000  1000     --     enable    --       off   fiber  disable     ## Center_PAS-K3200X_B ##
  16    up    enable  1000  1000     --     enable    --       off   fiber  disable     ## Center_FW_A ##
  17    down  disable 0     1000     half   enable    auto     off   copper disable
  18    up    enable  1000  1000     full   enable    auto     off   copper disable     ## ATMS_Server_2_eth0 ##
  19    down  disable 0     1000     half   enable    auto     off   copper disable
  20    down  disable 0     1000     half   enable    auto     off   copper disable
  21    down  disable 0     1000     half   enable    auto     off   copper disable
  22    down  disable 0     1000     half   enable    auto     off   copper disable
  23    down  disable 0     1000     half   enable    auto     off   copper disable
  24    down  disable 0     1000     half   enable    auto     off   copper disable
  agg1  --    enable  --             --     --        --       --    --     disable
================================================================================
Center_PAS-K3200X_A#
