falcon@Center_Server_J4300_A> show interfaces terse
Interface               Admin Link Proto    Local                 Remote
ge-0/0/0                up    up
ge-0/0/0.0              up    up   eth-switch
gr-0/0/0                up    up
pfe-0/0/0               up    up
pfe-0/0/0.16383         up    up   inet
                                   inet6
pfh-0/0/0               up    up
pfh-0/0/0.16383         up    up   inet
pfh-0/0/0.16384         up    up   inet
ge-0/0/1                up    up
ge-0/0/1.0              up    up   eth-switch
me0                     down  down
me0.0                   up    down eth-switch
mtun                    up    up
pimd                    up    up
pime                    up    up
tap                     up    up
vme                     up    down
vme.0                   up    down inet
falcon@Center_Server_J4300_A>
